Reading sequences...
Unknown nuc 'Y' in sequence: >Pseudo_Cyclopes
Position: 111
Sequence removed
22 sequences were obtained
Input parameters:
NT substitution matrix	NUC-45
AA substitution matrix	BLOSUM62
Gap open cost		-7
Gap extension cost	-1
Gap frame cost		-30
Stop codon cost		-100
Building UPGMA matrix done! 0.35
add sequence #5 0.29
add sequence #1 0.34
add sequence #21 0.34
add sequence #9 0.33
add sequence #4 0.41
add sequence #2 0.42
add sequence #0 0.36
add sequence #20 0.41
add sequence #3 0.43
add sequence #10 0.45
add sequence #6 0.46
add sequence #19 0.48
add sequence #17 0.33
add sequence #8 0.51
add sequence #18 0.37
add sequence #16 0.41
add sequence #14 0.39
add sequence #15 0.48
add sequence #12 0.59
add sequence #13 0.3
add sequence #11 0.51

>Bos
CAGTACCCTTCCTATGGTTACGAACCCATGGGTGGATGGCTGCACCACCAAATCA-T------TCCCGTGGTGTCCCAGCAG---ACTCCCCAGAATCACGCCCTGCAGCCTCATCACCACATCCCCATGGTGCCAGCTCAGCAGCCCGTGGTCCC------CCAGCAA---CCAATGATGCCAGTTCCTGGCCAACACTCC---ATGACTCCAACCCAACAC---CACCAGCCAAACCTCCCTCTGCCCGCCCAGCAGCCCTTCCAGCCCCAGTCCATCCAGCCG---CAGCCTCACCAGCCC---CTGCAGCCCCAGCCACCTGTGCACCCCATCCAGCCCTTGCCGCCACAGCCACCTCTGCCTCCGATATTCCCCATGCAGCCTCTGCCCCCCATGCTTCCTGACCTGCCTCTGGAAGCTTGGCCAGCAACAGACAAGACCAAGCGGGAGGAA--
>Callithrix
CAGTACCCTTCCTATGGTTACGAGCCCATGGGTGGATGGCTGCACCACCAAATCA-T------CCCTGTGCTGTCCCAACAGCAC---CCCCCGACTCACACCCTGCAGCCTCATCACCACATCCCAGTGGTGCCAGCTCAGCAGCCCGTGGTCCC------CCAGCAA---CCAATGATGCCCGTTCCTGGCCAACACTCC---ATGATTCCAACCCAACAC---CACCAGCCAAACCTCCCTCCGCCCGCCCAGCAGCCCTTCCAGCCCCAGACTGTTCAGCCA---CAGCCTCACCAGCCC---ATGCAGCCCCAGTCACCTGTGCACCCCATGCAGCCCCTGCCGCCACAGCCACCTCTGCCTCCGATGTTCCCCATGCAGCCCCTGCCTCCCATGCTTCCTGATCTGCCTCTGGAAGCTTGGCCAGCAACAGACAAGACCAAGCGGGAAGAA--
>Canis
CAGTACCCTTCCTATGGTTACGAACCCATGGGTGGATGGCTGCACCACCAAATCA-T------TCCCGTGCTGTCCCAGCAAAAT---CCCTCGAATCACGCCCTGCAGCCTCATCACCACATCCCCATGGTGCCAGCTCAGCAGCCCGTGGTCCC------CCAGCAA---CCAATGATGCCAGTTCCTGGCCAACACTCC---ATGACTCCAACCCAACAC---CACCAGCCAAACCTCCCTCTGCCTGCCCAGCAGCCCTTCCAGCCCCAGCCCGTCCAGCCA---CAGCCTCACCAGCCC---ATCCAGCCCCAGCCACCCGTGCACCCCATCCAGCCCCTGCCGCCACAGCCACCTCTGCCTCCGATGTTCCCCATACAGCCCCTGCCCCCCATGCTTCCTGACCTGCCTCTGGAAGCTTGGCCAGCAACAGACAAGACCAAGCGGGAAGAA--
>Equus
CAGTACACTTCCTATGGTTACGAACCCATGGGTGGATGGCTGCACCACCAAATCA-T------CCCCGTGCTGTCCCAGCAGAAT---CCCTCAAATCACGCCTTGCAGCCTCATCACCATATCCCCATGGTGTCGGCTCAGCACCCTGTGGTCCC------CCAGCAA---CCAATGATGCCACTTCCTGGCCAACACTCC---ATGGTTCCAACCCAACAC---CACCAGCCAAACCTCCCTCCGCCTGTCCAGCAGCCCTTCCACCCCCAGCCTGTCCAGCCG---CAGCCTCACCAGCCC---ATCCAGCCTCAGCCACCTCTGCACCCCATCCAGCCCCTGCCGCCACAGCCACCTCTGCCTCCGATATTCCCCTTGCAGCCCTTGCCCCCTATGCTTCCTGACCTGCCTCTGGAAGCTTGGCCAGCAACAGACAAGACCAAGCGGGAGGAA--
>Felis
CCGTACCCTTCCTATGGTTACGAACCCATGGGTGGATGGCTGCACCACCAAATCA-T------TCCCGTGCTGTCCCAGCAGAAC---CCCCCGAATCACGCCCTGCAGCCTCATCACCACATCCCCATGGTGCCAGCTCAGCAGCCCGTGGTCCC------CCAGCAA---CCAATGATGCCAGTTCCTGGCCAACACTCC---ATGACTCCAACCCAACAC---CACCAGCCAAACCTCCCTCTGCCTGCCCAGCAGCCCTTCCAGCCCCAGCCCGTCCAGCCG---CAGCCTCACCAGCCC---ATCCAGCCCCAGCCACCCGTGCACCCCATCCAGCCCCTGCCGCCACAGCCACCTCTGCCTCCGATGTTCCCCATACAGCCCCTGCCCCCCATGCTTCCTGACCTGCCTCTGGAAGCTTGGCCAGCAACAGACAAGACCAAGCGGGAAGAA--
>Homo
CAGTACCCTTCCTATGGTTACGAGCCCATGGGTGGATGGCTGCACCACCAAATCA-T------CCCCGTGCTGTCCCAACAGCAC---CCCCCGACTCACACCCTGCAGCCTCATCACCACATCCCAGTGGTGCCAGCTCAGCAGCCCGTGATCCC------CCAGCAA---CCAATGATGCCCGTTCCTGGCCAACACTCC---ATGACTCCAATCCAACAC---CACCAGCCAAACCTCCCTCCGCCCGCCCAGCAGCCCTACCAGCCCCAGCCTGTTCAGCCA---CAGCCTCACCAGCCC---ATGCAGCCCCAGCCACCTGTGCACCCCATGCAGCCCCTGCCGCCACAGCCACCTCTGCCTCCGATGTTCCCCATGCAGCCCCTGCCTCCCATGCTTCCTGATCTGACTCTGGAAGCTTGGCCATCAACAGACAAGACCAAGCGGGAGGAA--
>Loxodonta
CAGTACCCTTCCTATGGTTACGAGCCCATGGGTGGATGGCTGCACCACCAAATCA-T------CCCCGTGCTGTCCCAGCAGCAT---CCCCAGAGCCACACCCTGCAGCCTCATCACCACTTCCCCATGGTGGCCGCTCAGCAGCCCGTGGTCCC------TCAGCAG---CCAATGATGCCACTTCCCGGCCAACACTCC---ATGACTCCAACCCAACAC---CATCAGCCAAACCTCCCTCCACCCATCCAGCAACCCTACCAGCCCCAGCCAGTCCAGCCG---CAGCCTCAGCAGCCC---ATGCAGCCACAGCCACCTGTGCACCCCATCCAGCCCTTGCCACCACAGCCACCTCTGCCTCCGATGTTCCCCATGCAGCCTCTGCCCCCCATGCTCCATGACCTGCCCCTGGAAGCTTGGCCAGCAACCGACAAGACCAAGCGGGAAGAA--
>Macaca
CAGTACCCTTCCTATGGTTACGAGCCCATGGGTGGATGGCTGCACCACCAAATCA-T------CCCCGTGCTGTCCCAACAGCAC---CCCCCGACTCACACCCTGCAGCCTCATCACCACATCCCAGTGGTGCCAGCTCAGCAGCCCGTGCTCCC------CCAGCAA---CCAATGATGCCCGTTCCTGGCCAACACTCC---ATGACTCCAACCCAACAC---CACCAGCCAAACCTCCCTCCGCCCGCCCAGCAGCCCTACCAGCCCCAGCCTGTTCAGCCA---CAGCCTCACCAGCCC---ATGCAGCCCCAGCCACCTGTGCACCCCATGCAGCCCCTGCCGCCACAGCCACCTCTGCCTCCGATGTTCCCCATGCAGCCCCTGCCTCCCATGCTTCCTGATCTGACTCTGGAAGCTTGGCCATCAACGGACAAGACCAAGCGGGAGGAA--
>Mus
CAGTATCCTTCCTATGGTTACGAACCCATGGGTGGATGGCTGCACCACCAAATCA-T------CCCTGTGCTGTCTCAACAGCAT---CCCCCGAGTCACACCCTTCAGCCTCATCACCACCTTCCCGTGGTGCCAGCTCAACAGCCCGTGGCCCC------CCAGCAA---CCAATGATGCCAGTTCCTGGCCACCACTCC---ATGACTCCAACCCAACAC---CATCAGCCAAACATCCCTCCACCCTTCCAGCAGCCCTTCCAGCCCCAGGCCATTCCACCC---CAGTCTCATCAGCCC---ATGCAGCCCCAGTCACCTCTGCATCCCATGCAGCCCCTGGCACCACAGCCACCTCTGCCTCCACTGTTCTCCATGCAGCCCCTGTCCCCCATTCTTCCTGAGCTGCCTCTGGAAGCTTGGCCAGCGACAGACAAGACCAAGCGGGAAGAA--
>Otolemur
---------------------------------------CTGCACCACCAAATCA-T------CCCCGTGCTGTCCCAACAGCAC---CCCCCGACTCACACCCTGCAGCCTCATCACCACATCCCAGTGGTGCCAGCTCAGCAACCCGTGGTCCC------CCAGCAA---CCAATGATGCCCGTTCCTGGCCAACACTCC---ATGACTCCAACCCAACAC---CACCAGCCAAACCTCCCTCCGCCCGCCCAGCAGCCCTTCCAGCCCCAGCCCGTTCAGCCG---CAGCCTCACCAGCCC---ATCCAGCCCCAGCCACCTGTGCACCCCATGCAGCCCCTGCCGCCACAGCCACCTCTGCCTCCGCTGTTCCCCATGCAGCCCCTGCCGCCCATGCTTCCCGATCTGCCTCTGGAAGCTTGGCCAGCAACG-----------------------
>Procavia
CAGTACCCTTCCTATGGTTACGAGCCCATGAGTGGATGGCTGCACCACCAAATCA-T------CCCTGTGCTGTCCCAGCAGCAT---CCCCAGAGCCACACCCTGCAGCCTCATCACCACATCCCCATGGTGCCCGCTCAGCAACCCGTGGTCCC------CCAGCAG---CCACTGATGCCAGTTCCCGGGCAACACTCC---ATGACTCCAACCCAACAC---CACCAGCCAAACCTCCCTCCGCCCATCCAGCAACCCTACCAGCCCCAGCCCGTCCAGCCG---CAGCCTCACCAGCCC---CTGCAGCCCCAGCCACCCATGCACCCCATCCAACCCCTGCCGCCACAGCCACCTCTGCCTCCGATATTCCCCATGCAGCCTCTGCCCCCCATGCTCCCTGACCTGCCTCTGGAAGCCTGGCCAGCAACTGACAAGACCAAGCGGGAAGAA--
>Pseudo_Bradypus
--------------------------------------------------------TCATC---CCCATGCTGTCCCAGAAGCAC---CCCCCAAACCATGCCCTGCAGCCTTATCCTCATGTCCCCATGGTGCCAGGTCAGCATCCCATGGTC---CCC---CAG---TAGCCAGTGATGCCAGTTCCTGGCCAGCACTCC---AGGACCCCAGCCCAACAA---CGCCA-CCAAACCTCTCTCCATCCGCACAGCAGCCC------CCCCAG------CTG------CACTCTCTCCAGCCCAGC---CAGCCCCAGTCACTCATGCACCCCATCCAGTCCCTGCCGCCACAACCACCTCTGCCTCTGATGTTTCCCATGAAACCCCTGTCCCCCA-GCTTCCTGATCTGCCTCTGGAAGCTTGG------AC------------------------
>Pseudo_Choloepus
CTGTACCCTTCCTATGGTTACAAACCCATGGGGAGATGGCAGCACCACCAAATC-----AT--CCCCATGCTTTCCCAGCAGCAC---CCCCCAAACCATGCCCTGAAGCCTTATCCTCATGTCCCCATGGTGCCAGGTCAGCAGCCCATGGTC---CCC---CAGTAG---CCAATGATGCCAGTTCCTGGCCAGCACTCC---AGGACCCCAACCCAACACTGCCACCAA---AACCTCTCTCCATCCGCCCAGCAGCCCTCCCAGCCGCAG------------------TCTCTCCAGCCCGGC---CAGCCCCAGTCACCCATGCACCCCATCCAGTCCCTGCCACCACAACCACCTCTGCCTCTGATGTTTCCCATGAAACCCCTGTCCCCCA-GCTTCCTGATCTGCCTCTGGAAGCTTGGCCAGTGACCAACAAGGCTGAGCGGGAGGAA--
>Pseudo_Dasypus
--------------------------------------------CCAACAAATCA-T------CCCAGTGCTATCCCAGCAGCAC---CCCCCAAGCCACGCCCTGCAGCCTCATCAACACATCCCCATGATGCCAGCTCAGGAGCCCATGGTC---CCC---CAGCAG---CCAATGATGCCAGTTCCTGGCCAGCACTCC---ATGACTCCAAGCCTGCAC---CACCAGCCAAACCTCCCTCCGCCTGTC------------CAG------------------------------------------CAG---------------------------CCC------------------------------TTC------CA---------------------------------------------------------------------------
>Pseudo_Manis
---------------------------------------------------------------TCCCGTGCTGTC---------------------------CCTCCAGCCTCATCCCCACATCCCCACGGTGCCAGCTCGGCAGCCTGTGGT---C----CCCAGGAA---TCAATGATGCCAGTTCCTGGCCAACATTCC---ATGACTCCAACCCAACTC---CACCAGACAAGCCTCCCTCTA------------------CAGCCCCAG---------------CAG---------CCC---TTCCAGTCCCAGCCACCCATGTGCCCCATTCAGCCCCTGCCGCCACAGCCACCTCCGCCTCCGATGTTCCCCATGCAGCCCCTGTCCCCTGTGCTTCCTGACCTGCCTCCAGAAGCTTGACCAGCAACAGA---------------------
>Pseudo_Myrmecophaga
-----------------------------------TTGGCTGCACCATCAAATCA-T------CCTTGTGCTGTCCCAGCAACAT---CCCTTAAACCATGCCCCACAGACTCATCCCCATATCCCCATGGTGCCAGCTCAGCAGCCCATGGTC------CCCCAGTAG---CCAATGATGCCAGTTCCTGGCCAGCACTCCAGGATG---CCAACCCAACAC---CACCACCCAAACCTTTCTCTGCCTACTCAGCAGCCCTTCCAGCTCCAGCCTCTCCAG---TAACAGCCTCACCAGCCC---AGGCAGCCCCAGTCACTCATGCACCCCATCTAGCCTCTGCCGCCA---------CTGTCTCTGATGTTTCCCATGAAACCCCTGACCCCCATGCTTCCTGATCTGCCTCTGGAAGCTT-A--------------------------------
>Pseudo_Orycteropus
---------------------------------------------------------------CCCTGTG------CAGCAGCAT---CCCCTGAGCCACACCCTGTAGCCTCATCACCACATCCCCATGGTGCCTCCTCAGCAGCCCATGGTCCC------CCAGCAG---CCAATGATGCCAGTTCCCGGCCGACACTCC---ATGACCCCAACGCAACAC---CACCAGCCACATCTCCCTCCACCTGTCCAGCAGCCCTTCCAGCCCCAGCCCGTC---------CAG---------------CTGCAG------CCACCCGTGCACCCCATCCAGCCCCTGCTGCCACAGCCACCTCTGCCTCTGATGTTCCCCATGAAGCCTCTGCCCCCCTTGCTTCCTGATCTGCCTCTGGAAGCTTGGCCA---A-------------------------
>Pseudo_Priodontes
-------------------------------------------------------------------------------------------------------------CCTCATCACCACATCCCCATGGTGCCAGCCCAGCAGCCCCTGGTCCC------CCAGCAA---CCAATGATGCCAGTTCCTGGCCAGCACTCC---ATGACTCCAACCCTACAC---CACCAGCCAAACCTCCCTCTGCCCGTCCAGCAGCCCTTCCAGCCCCAG---------------------------CCC---ATCCAGCCC------------------ATCCAGCCCCTGTCACCACAGCCACCTCTGCCTCCGATGTTCTCCATGTGGCCCCTGTCCCCCATCCTTCCTGATGTACCTCTGGAAGCTTGGCCAGCGACTGACAAGACCAAACGGGAGGAA--
>Pseudo_Zaedyus
----------------------------------------------------------------CC-GTGCTGTCCCAGCAGCAT---CCCCCAAGCCACACCCTGCAGCCTCATCACCACATCCCCATGGTGCCAGCTCAGCAGCCCGTGGTCCC------CCAGCAG---CCAATGATGCCAATTCCA-G----CACTCC---ATGACTCCAACCCTATAC---CACCAGCCAAACCACCCTCCGCCCACCCAGCAGCCCTTCCAGCCCTAGCCCGTCCAGCTG---CAGCCT------CCC------CAGCCC------------------ATCCAGCCCCTGCCACCACAGCCACCTCTGCCTCCGATGTTCTCCATGCAGCCCTTGTCCCCCATCCTTCCTGATTTACCTTTGGAAGCTTGGCCAGCGACT---------------------GA
>Spermophilus
CAGTATCCTTCCTATGGTTACGAACCCATGGGTGGATGGCTGCACCACCAAATCA-T------CCCTGTGCTGTCTCAACAGCAT---ACCCCGAGTCACACCCTTCAGCCTCATCACCACATCCCAGTGGTGCCAGCTCAACAGCCCGTGGCCCC------CCAGCAG---CCAATGATGCCCGTTCCTGGCCACCACTCC---ATGACTCCAAACCAACAC---CACCAGCCAAACCTCCCTCCACCTGCCCAGCAGCCCTTCCAGCCCCAGTCCATTCAGCCA---CAGTCTCACCAGCCC---ATGCAGCCCCAACCACCTCTGCACTCCCTGCATCCCCTGCCACCACAGCCACATCTGCCTCCGATGTTCCCCATGCAG---CTGCCCCCCCTTCTTCCTGATTTGCCTCTGGAAGCTTGGCCAGCAACAGACAAGACCAAGCGGGAAGAA--
>Sus
CAGTACACTTCCTATGGTTACGAACCCATGGGTGGATGGCTGCACCACCAAATCA-T------TCCCGTGGTGTCGCAGCAG---ACTCCCCAGAGTCATGCCCTTCAGCCTCATCACCACATCCCCATGGTGCCAGCTCAACAGCCCGGGATCCC------CCAGCAG---CCAATGATGCCACTTCCTGGCCAACACTCC---ATGACTCCAACCCAACAC---CACCAGCCAAACCTCCCTCTGCCCGCCCAGCAGCCCTTCCAGCCCCAGCCCGTCCAGCCC---CAGCCTCACCAGCCC---CTGCAGCCCCAGTCACCCATGCACCCCATCCAGCCCTTGCTGCCACAGCCACCTCTGCCTCCGATGTTCTCCATGCAGTCTCTG---------CTTCCTGACCTGCCTCTGGAAGCTTGGCCAGCAACAGACAAGACCAAGCGGGAGGAA--
>Tarsius
CAGTACCCTTCCTATGGTTACGAGCCCATGGGTGGATGGCTGCACCACCAAATCA-T------CCCCGTGCTGTCCCAACAGCAC---CCCCCGACTCACACCTTGCAGCCTCATCACCACATCCCAGTGGTGCCAGCTCAGCAGCCCGTGGTCCC------CCAGCAA---CCAATGATGCCCGTTCCTGGCCAACACTCC---ATAGCTCCAATCCAACAC---CACCAGCCAAACCTCCCTCCGCCCGCCCAGCAACCCTTCCAGCCCCAGCCCGTTCAGCCG---CAGCCTCACCAACCC---ATGCAGCCCCAGCCACCTGTGCACCCCATGCACCCCCTGCCGCCACAGCCACCTCTGCCTCCGATGTTCCCCATGCAGCCCCTGCCCCCCATGCTTCCTGATCTGCCTCTGGAAGCTTGGCCAGCAACAGACAAGACCAAGCGCGAGGAA--

>Bos
QYPSYGYEPMGGWLHHQI!--SRGVPA!!SPESRPAASSPHPHGASSAARGP--PA!!NDASSWPTL!!DSNPT!!PAKPPSARPAALPAPVHPA!!ASPA!!AAPATCAPHPALAATATSASDIPHAASAPHAS*PASGSLASNRQDQAGG!
>Callithrix
QYPSYGYEPMGGWLHHQI!--PCAVPTA!!PDSHPAASSPHPSGASSAARGP--PA!!NDARSWPTL!!DSNPT!!PAKPPSARPAALPAPDCSA!!ASPA!!AAPVTCAPHAAPAATATSASDVPHAAPASHAS*SASGSLASNRQDQAGR!
>Canis
QYPSYGYEPMGGWLHHQI!--SRAVPAK!!LESRPAASSPHPHGASSAARGP--PA!!NDASSWPTL!!DSNPT!!PAKPPSACPAALPAPARPA!!ASPA!!PAPATRAPHPAPAATATSASDVPHTAPAPHAS*PASGSLASNRQDQAGR!
>Equus
QYTSYGYEPMGGWLHHQI!--PRAVPAE!!LKSRLAASSPYPHGVGSAPCGP--PA!!NDATSWPTL!!GSNPT!!PAKPPSACPAALPPPACPA!!ASPA!!PASATSAPHPAPAATATSASDIPLAALAPYAS*PASGSLASNRQDQAGG!
>Felis
PYPSYGYEPMGGWLHHQI!--SRAVPAE!!PESRPAASSPHPHGASSAARGP--PA!!NDASSWPTL!!DSNPT!!PAKPPSACPAALPAPARPA!!ASPA!!PAPATRAPHPAPAATATSASDVPHTAPAPHAS*PASGSLASNRQDQAGR!
>Homo
QYPSYGYEPMGGWLHHQI!--PRAVPTA!!PDSHPAASSPHPSGASSAARDP--PA!!NDARSWPTL!!DSNPT!!PAKPPSARPAALPAPACSA!!ASPA!!AAPATCAPHAAPAATATSASDVPHAAPASHAS*SDSGSLAINRQDQAGG!
>Loxodonta
QYPSYGYEPMGGWLHHQI!--PRAVPAA!!PEPHPAASSPLPHGGRSAARGP--SA!!NDATSRPTL!!DSNPT!!SAKPPSTHPATLPAPASPA!!ASAA!!AATATCAPHPALATTATSASDVPHAASAPHAP*PAPGSLASNRQDQAGR!
>Macaca
QYPSYGYEPMGGWLHHQI!--PRAVPTA!!PDSHPAASSPHPSGASSAARAP--PA!!NDARSWPTL!!DSNPT!!PAKPPSARPAALPAPACSA!!ASPA!!AAPATCAPHAAPAATATSASDVPHAAPASHAS*SDSGSLAINGQDQAGG!
>Mus
QYPSYGYEPMGGWLHHQI!--PCAVSTA!!PESHPSASSPPSRGASSTARGP--PA!!NDASSWPPL!!DSNPT!!SAKHPSTLPAALPAPGHST!!VSSA!!AAPVTSASHAAPGTTATSASTVLHAAPVPHSS*AASGSLASDRQDQAGR!
>Otolemur
-------------LHHQI!--PRAVPTA!!PDSHPAASSPHPSGASSATRGP--PA!!NDARSWPTL!!DSNPT!!PAKPPSARPAALPAPARSA!!ASPA!!PAPATCAPHAAPAATATSASAVPHAAPAAHASRSASGSLASN!-------
>Procavia
QYPSYGYEPMSGWLHHQI!--PCAVPAA!!PEPHPAASSPHPHGARSATRGP--PA!!TDASSRATL!!DSNPT!!PAKPPSAHPATLPAPARPA!!ASPA!!AAPATHAPHPTPAATATSASDIPHAASAPHAP*PASGSLASN*QDQAGR!
>Pseudo_Bradypus
------------------!H!!HAVPEA!!PKPCPAALSSCPHGARSASHG!!!!!!ASDASSWPAL!!DPSPT!!P!KPLSIRTAA!-!P!-!!-!LSPAQ!!APVTHAPHPVPAATTTSASDVSHETPVP!AS*SASGSL!-!--------
>Pseudo_Choloepus
LYPSYGYKPMGRWQHHQI-!!PHAFPAA!!PKPCPEALSSCPHGARSAAHG!!!!V!!NDASSWPAL!!DPNPTLPP!!PLSIRPAALPAA!-----!SPAR!!APVTHAPHPVPATTTTSASDVSHETPVP!AS*SASGSLASDQQG*AGG!
>Pseudo_Dasypus
--------------!QQI!--PSAIPAA!!PKPRPAASSTHPHDASSGAHG!!!!A!!NDASSWPAL!!DSKPA!!PAKPPSAC!---!!-------------!!--------!!---------!!-!-------------------------
>Pseudo_Manis
---------------------SRAV---------PPASSPHPHGASSAACG-!!PG!!NDASSWPTF!!DSNPT!!PDKPPS!-----!AP!----!!--!!!PVPATHVPHSAPAATATSASDVPHAAPVPCAS*PASRSLTSNR-------
>Pseudo_Myrmecophaga
-----------!WLHHQI!--PCAVPAT!!LKPCPTDSSPYPHGASSAAHG!-!PV!!NDASSWPALQD!!NPT!!PPKPFSAYSAALPAPASP!!TASPA!!AAPVTHAPHLASAA!--!VSDVSHETPDPHAS*SASGS!!----------
>Pseudo_Orycteropus
---------------------PC!-!AA!!PEPHPVASSPHPHGASSAAHGP--PA!!NDASSRPTL!!DPNAT!!PATSPSTCPAALPAPAR!--!!----!A!-!TRAPHPAPAATATSASDVPHEASAPLAS*SASGSLA!!--------
>Pseudo_Priodontes
------------------------------------!SSPHPHGASPAAPGP--PA!!NDASSWPAL!!DSNPT!!PAKPPSARPAALPAP!--------!!!PA!-----!PAPVTTATSASDVLHVAPVPHPS*CTSGSLASD*QDQTGG!
>Pseudo_Zaedyus
---------------------!!AVPAA!!PKPHPAASSPHPHGASSAARGP--PA!!NDANS!-!L!!DSNPI!!PAKPPSAHPAALPALARPA!!A!-!!-!A!-----!PAPATTATSASDVLHAALVPHPS*FTFGSLASD!------!
>Spermophilus
QYPSYGYEPMGGWLHHQI!--PCAVSTA!!PESHPSASSPHPSGASSTARGP--PA!!NDARSWPPL!!DSKPT!!PAKPPSTCPAALPAPVHSA!!VSPA!!AAPTTSALPASPATTATSASDVPHA!!APPSS*FASGSLASNRQDQAGR!
>Sus
QYTSYGYEPMGGWLHHQI!--SRGVAA!!SPESCPSASSPHPHGASSTARDP--PA!!NDATSWPTL!!DSNPT!!PAKPPSARPAALPAPARPA!!ASPA!!AAPVTHAPHPALAATATSASDVLHAVS!--!S*PASGSLASNRQDQAGG!
>Tarsius
QYPSYGYEPMGGWLHHQI!--PRAVPTA!!PDSHLAASSPHPSGASSAARGP--PA!!NDARSWPTL!!SSNPT!!PAKPPSARPATLPAPARSA!!ASPT!!AAPATCAPHAPPAATATSASDVPHAAPAPHAS*SASGSLASNRQDQARG!
