Reading sequences...
11 sequences were obtained
Input parameters:
NT substitution matrix	NUC-45
AA substitution matrix	BLOSUM62
Gap open cost		-7
Gap extension cost	-1
Gap frame cost		-30
Stop codon cost		-100
Building UPGMA matrix done! 3.46
add sequence #1 0.99
add sequence #7 1.31
add sequence #4 1.33
add sequence #2 1.55
add sequence #6 1.58
add sequence #10 1.62
add sequence #9 1.58
add sequence #3 1.78
add sequence #0 2.21
add sequence #8 2.33

>Bos
GCCCCAACAGCTAGG---TATGAAGGCAAGCAATATACCTCAAACCAACCAAAGGAATACTCTCCCTATTCCTTAGATAATCTACCA---AAACCCAGGGAGTATTTTCCTTAC---GGTGAATTTTACCCCTGGAGCCCAGATGAGAACTTTCCATCATATAATACTGCTCCCACT---ATA---CCACTGCTTGTGGAGAACAGGGGCTATTATCCTACTAATGCTGTTGGACAAGAAGAAAACACTATGTTTCCTTCTTGGAATTCCTGGGACCACATGGTTCAAGTCCAAGGGCAGAAAGAAAGGAGG---CCATATTTTACCAGAACTTTCTGGGGTCAGCCAACGAATCTACCCAAAGCCCCTGCTAGTCCA------CCATACCACAAGGAGAATCAGCCTTATTTC---AGTAACTCCCCAACTGGGCTTCAGAAAGATCCAACATGGCATGAAGGTGAGAATTTGAATTATGGCATGCAAATCACTAGGTTAAATTCACCAGAGGGAGGACATTTGGCTTTTCCAGACTTAATTCCTCCACATTACCCAGGA---AGTCAAAAAGAAACACGTCTATTTCACCTAAGTCAGCGAGGCCCTTGCTGTGCTGGTGGCTCCATAGGGCCCAAGGACAATCCA---CTTGCTCTACAAGACTACACT------CTTTTTTTTGGTCTTGCACCAGGGGAAAACCAAGACACCAGCCCTCTCTATACAGAAGACAGTCATACTAAGCATGAAAGATATACTATTTCCCCAACAAGCATCCTACCTGGC---CAAAGAAACAGCTCAGAAAAAAGACTTCCTGGAGAAAGTCAAAACCCAAGTCCTTTCAGAGATGACGTGTCCACTCTGAGGAGGAACACACCATGT
>Callithrix
AGCCCAACAGTTAGGCACTATGAAGGTGAACAATATACCTCAAATCAGCCAAAGGAATATCTTCCCTATTCTTTAGATAAT---CCATCAAAACCAAAGGAGGACTTT---TATTATAGTGAATTCTACCCATGGAGCCTGGATGAAAATATTCCATCATATAATACAGCTCCTACT---ATGTCACCA---CCTATAGAGAGCAGGGGCTACTATCTTAATAATGCCATTGGACCAGAAGAAAGCACTCTGTTTCCTTCATGGAACTCCTGGGACCACAGGATACAAGCCCAAGGGCAGAAAGAAATAAGG---CCGTATTTTAACAGAAATACCTGGGATCAGGCAACACATTTACAAAAAGCCCCAGCTAGGCCA------CCAGACCAAAAAGGTAATCAGCCCTATTCC---AGTAACACCCCAGCTGGGCTTCAGAAAAATCCAATATGGCATGAAGGCGAGAATTTGAACTACGGCATGCAAATAACTAGGATAAATTCTCCAGAGAGAGAACATTCATCTTTCCGTGACTTTATCCCACAAAGTTACCCATCA---GGTCAAAAAGAAGCACATTTATTTCACCTAAGCCAGAGAGGCTCCTGCTGTGCTGGGAGCTCCACAGGGCCCAAGGACAATCCA---CTAGCTCTACAAGACTATACTCCATCG------TATGGTCTTGCACCTGGGGAGAACCAAGACACCAGTCCTCTGTATACAGAAGGTAGTCATACCAAGCACACAAGACATATCGTCTCCCCAACAAACATCCTACCAGTC---CAAAGAAACAGCTCAGAGAAGAGG---------GAAAGCCAAAACCCGAGTCCTTTCAGAGATGATGTGTCCACTCTGAGGAGGAACACACCATGT
>Canis
GGTCCAACAGTTAGGCACTATGAAGGCGAGCAATATACCGTAAATCAACCAAAGGAATACCTTCCCTATTCCTTAGATAAT---CCATCAAAAACCAGGGAGGATTTCCCTTAT---GGTGAGTTTTACCCCTGGAACCCAGATGAGAATTTTCCATCATATAATACAGCTCCCACT---GTACCACCA---CCTGTGGAGAGCAGGGGCTACTATGCTAATAATGCTGTCAGACAAGAAGAAAGCCCTCTGATTCCTTCTTGGAACTCCTGGGACCACAGGGTTCAAGCCCAAGGACAGAAAGAA---AGGCAGCCATATTTTAACAGAAATTACTGGGATCAGCCAACAACTTTACACAAAGCGCCCCCTAGTCCA------CCACACCAGAAAGAGAACCAGCCCTAT---CCTAGTAATTCCCCAGCTGGGCTTCAGAAAAATCCAACATGGCGTGAAGGTGAGAATTTGAATTACGGCATGCAGATTACTAGGTTAAATTCACCAGAGGGAGAACATTTGGCTTTCCCAGATTTAATTCCTCCAAGTTACCCAGCA---GGTCAAAAAGAAGCACATGTATTTCACCTAAGCCAGAGAGGCTCTTGCTGTGCTGGTGGCTCCCCAGGACACAAGGACAATCCA---CTTGCTCTACAGGACTACACTCCACCC------TTCGATCTTGCACCAGGGGAGAATGAAGACACCAGTCCTCTGTACACAGAAGATAGTCATGCTAATCATGCAAGAGATACCATCTCTCCTGCCAGCAACCTACCTGGC---CAAAGAAACAGCTCAGAGAAAAGAATGCCTGCAGAGAGTCAAAACCTAAGTCCTTTTAGAGATGATGTGTCCACTCTGAGAAGGAACACGCCGTGC
>Equus
GGCCCAACAGTTAGGCACTATGAGGGCGAGCAATATACCTCAAATCAACAAAAAGAATATCTTCCCTATTCCTTAGATAAC---CCATCGAAACCCAGGGAGGATTTTCCTTAT---GGTGAATTTTACCCCTGGAACCCAGATGAGAATTTTCTATCATATGATACAGCTCCCACT---GTATTACCA---CCTGTGGAGAACAAGGGCTATTATACTAGTGATGTTATTGGACAAGAAGAAAACACTCCATTTCCTTCTTGGAACTCCTGGGACCACAGGATTCAAGCCCAAGGGCAGAAAGAAATAAGG---CCATACTTTAACATAAATTTCTGGGATCAGCCAACAAATTTACACAAAGCCCCTGCTAATCCA------CCACACCAGAAAGAGAACCAGCCCTATTCC---AGTAACTCCCCGGCTGGGCTTCAGAAAAATCCAACATGGCCTGAAGGTGAGAATTTGAATTATGGCATGCAAATTACTAGGTTAAATTCACCAGAGGGAGAACATGTGGCTTTCCCAGACTCAATTCCTCTGAGTTACCCAGCA---GGTCAAAAAGAAGCACATTTATTTCACCTAAGCCAGAGAAGCCCTTGCTGTGTCGGTGGCTCCATAGGGCCCGAGGACAATCCA---CTTGCTCTACAAGACTACACTCCATCC------TTTGGTCTCTTACCAGGGGAGAACCAAGACACCAGCCTTCTGTATATGGAAGATAGTCACACTAACCATGCAAGAGATACCATCTCCCCAACAATCATCCCACCTGTC---GAAGGAAACAGCTCAGAGAAAAGACTGCCTGGAGAAAGTCAAAACCCAAGTCCTTTTGGAGATGATGTGTCCCCTCTGAGGAGGAACATACCATGT
>Felis
GGGCCAACAGTTAGGCACTATGAAGGCGAGCAATATACCTCAAATCAACGGAAAGAATACCTTCCCTATTCCTTAGATAAT---CCATCGAAACCCAGGGAGGATTTCCCTTAT---GGTGAATTTTATCCCTGGAACCAAGATGAGAATTTTCCATCATATAATACAGCTCCCAGTGCA---CCACCA---CCTGTGGAGAGCAGGGGCTATTATGCTAATAATGCTGTTGGACAGGAAGAAAGCACTCTGTTCCCCTCTTGGAACTCCTGGGACCATGAGATTCAAGCCCAAGGGCAGAAAGAAAGAAGA---CCATATTTTAACAGAAACTTCTGGGATCGACCAACAACTTTACACAAAGCTCCCCCTAGTCCA------CCACATGAGAAAGAGAACCAGCCTTAT---CCTAGCAATTCCCCAGCTGGGCTTCAGAAAAGTCCAACATGGCATGAAAGTGAGAATTTGAATTATGGCATGCACATTACTAGGATAAATTCACCAGAGAGAGAACAGTTGGCTTTCCCAGACTTAATTCCTCCAAGTTACCCATCA---GGTCAAAAAGAAGCGCATGTATTTCATCTAAGCCAGAGAGGCCCTTGCTGTGCTGGCAGCTCCACAGGACACAAAGAAGATCCA---CTTGCTCTACAGGACTACACTCCATCC------TTTGGTCTTGCACCAGGGGAGAACCAAGACACCAGTCCTCCGTATACAGAAGATAGTCATACTAAACATGCAAGACACACCATCTCCCCTCCAAGCAACCTACCTGGC---CAAAGAAACAGCTCAGAGAAAAGACTGCCTGGAGAAAGTGAAAACCCAAGTCCTTTTAGAGATGATGTGTCCACCCTGAGGAGGAACACACCATGT
>Homo
GGCCCAACAGTTAGGCACTATGAAGGTGAACAATATACCTCAAATCAGCCAAAGGAATATCTTCCCTATTCTTTAGATAAT---CCATCAAAACCAAGGGAGGATTTT---TATTACAGTGAATTTTACCCATGGAGCCCGGATGAGAATTTTCCATCATATAATACAGCTTCTACT---ATGCCACCA---CCTATAGAGAGCAGGGGCTACTACGTTAATAATGCCGCTGGACCAGAAGAAAGCACTCTATTTCCTTCACGGAATTCCTGGGACCACAGGATACAAGCCCAAGGGCAGAGAGAAAGAAGG---CCGTATTTTAACAGAAATATCTGGGATCAGGCAACACATTTACAAAAAGCCCCAGCTAGGCCA------CCAGACCAGAAAGGTAACCAGCCCTATTAC---AGTAACACCCCAGCTGGGCTTCAGAAAAATCCAATATGGCATGAAGGTGAGAATTTGAACTATGGCATGCAAATAACTAGGATGAATTCTCCAGAGAGAGAACATTCATCTTTCCCTAACTTCATCCCACCAAGTTACCCATCA---GGTCAAAAAGAAGCACATTTATTTCACCTAAGCCAGAGAGGCTCTTGCTGTGCTGGTAGCTCCACAGGGCCCAAGGACAATCCA---CTAGCTCTACAAGACTACACTCCATCC------TATGGTCTTGCACCTGGGGAGAACCAAGACACCAGTCCTCTGTATACAGACGGTAGTCATACCAAGCAGACAAGAGATATCATCTCCCCAACAAGCATCCTACCAGGC---CAAAGAAACAGCTCAGAGAAGAGG---------GAAAGCCAAAAC------CCTTTTAGAGATGATGTGTCCACGCTGAGGAGGAACACACCATGT
>Loxodonta
AGCCCAACAGTTAGGCACTACGAAGGTCAACAATATGCCTCAAATCAGCCAAAAGAATACCTTCCCTATTCCTTAGATAAT---CCTTCGAAACCCAAGGAGGATTTTCCATAT---GGTGAATTTTACCACTGGGGCCCAGATGAGAATTTTCCACCATATAATACGGCTCCTACT---ATACCACCA---CCTGTGGAGAGCAGGGGCTATTTTGTTGATAATGCTGATGAACGAGAAGAAAGCACTCTATTTCCTTCTTGGAACTCCTGGGACCACAGGATTCAAGCTCAAGGACCGAATGAAAGA---GGGCCATATTTTAACAGAAATTTCTGGGACCAGACAACAAATTTACACAAAGCTCCAGCTAGCCTA------CCAGACTATAAAGAGAGCCAGCCCTATTCC---AGTAACTCCCCAGCTGGGCTTCAGAAAAATCCAACCTGGCATGACAGTGAGAATTTGAACTATGGCATGCAAATTACTAGGTTAAATTCACCAGAGGGGGATCATTTGGCTTTCCCAGACTTAATTCCTCAAAGTTACCCAGCT---GATCAAGAAGAAGCAAATTTATTTCACCTAAGTCAAAGAGGTCCTTGCTGTGCTGGTGGTCCCACAGGGCCCAAGGACAATCCA---CTTGCTCTACAAGACTACACTCCATCC------TTTGGTCTTGCACCAGGGGAGAACCAAGACACCAGCCCTCTATATACAGAAGGTAGTCATACTAAGCATGCAAGACATATCATCTCCCCTACAAGCATCCTACCTGAC---CCAAGGAACAGCTCAGAGAAGACGCTGCCTGGGGAAAGCCAAAACCCAAGTCCTTTTAGAGATGATGTGTCCACTCTAAGGAGGAACGCACCATGT
>Macaca
GGCCCAACAGTTAGGCACTATGAAGGTGAACAATATACCTCAAATCAGCCAAAGGAATATCCTCCCTATTCTTTAGACAAT---CCATCAAAACCAAGGGAGGATTTT---TATTATAGTGAATTCTACCCATGGAACCCGGATGAGAATTTTCCATCATATAGTACAGCTCCTACT---ATGTCACCA---CCTACAGAGAGCAGGGGTTACTATGTTAATAATGCCGTTAGACCAGAAGAAAGCAATCTATTTCCTTCATGGAATTCCTGGGACCACAGGATACAAGCCCACGGTCAGAAAGAAAGAAGG---CCATATTTTAACAGAAATATCTGGGATCAGGCAACACATTTACAAAAAGCCCCAGCTAGGCCA------CCAGACCAGAAAGGTAACCAGCCCTATTCC---AGTAACACTCCAGTTGGGCTTCAGAAAAATCCAATGTGGCATGAAGGTGAGGATTTGAACTATGGCATGCAAATGACTAGGATGAATTCTCCAGAGAGAGAATATTCATCTTTCCCTGACTTCATCCCACAAAGTTACCCATCA---GGTCAAAAAGAGGCACATTTATTTCACCTAAGCCAGAGAGGCTCTTGCTGTACTGGTAGCTCCACAGGACCCAAGGACAATCCA---CTAGCTCTACAAGACTACACTCCATCC------TATGGTCTTGCACCTGGGGAGAACCAAGACACCAGTCCTCTGTATACAGAAGGTAGTCATAGCAAGCACACAAGACATATCATCTCCCCAACAAGCACCCTACCAGGC---CAAAGAAACAGCTCAGAGAAGATG---------GAAAATGAAAAC------CCTTTTAGAGATGATGTGTCCACTCTGAGGAGGAACACACCATGT
>Mus
AACCCAACAGTTAGGCAGTATGAAGGTGAGCACTACGCCTCAACCCTAGCGAAGGAATACCTTCCTTATTCCTTAAGTAAT---CCACCAAAACCCAGTGAAGATTTTCCTTAC---AGTGAATTCTATCCCTGGAACCCACAGGAAACGTTTCCAATATATAACCCAGGTCCTACT---ATAGCACCA---CCCGTGGACCCCAGAAGTTATTATGTTAATAATGCCATAGGACAAGAAGAAAGCACTCTCTTTCCTTCATGGACCTCCTGGGACCACAGGAATCAAGCTGAGAGGCAGAAAGAGAGT---GAGCCATATTTTAACAGAAATGTCTGGGATCAGTCAATAAATTTACACAAATCT------AAT------ATACCA------------AACCATCCTTATTCCACT---ACATCCCCTGCTAGATTTCCAAAAGATCCAACATGGTTTGAAGGTGAGAATTTGAACTATGATTTGCAAATTACTAGTTTAAGTCCACCAGAAAGAGAACAGTTGGCTTTCCCAGACTTCCTGCCTCAAAGTTACCCAACA---GGTCAAAATGAAGCACACTTATTTCACCAAAGTCAAAGAGGGTCTTGCTGTATTGGTGGCTCCACAGGACATAAAGACAAT---GTGCTGGCTCTACAAGACTACACTTCATCC------TATGGTCTTCCACCAAGGAAGAACCAAGAAACCAGTCCAGTGCATACAGAAAGCAGTTATATCAAGTATGCAAGACCTAACGTTTCCCCAGCAAGCATCCTACCT---AGTCAAAGAAATATCTCAGAGAACAAACTAACTGCAGAAAGCCCAAACCCAAGTCCATTTGGAGATGGTGTGCCTACTGTGAGGAAAAATACTCCATAT
>Otolemur
GGCCCAACTACTAGGCACTATGAAGGTGAGCGATACACCTCAAATCAGCCCAAAGAGTATCTTCCCTACTCCCTCGATAAT---CCACCAAAACCCAGGGAGGATTTTCCTTAT---AGTGAACTTTATCCCTGGAGCCCAGATGAGAATTTCCCCCCATATAATACGGCTCCTACTGGG---TCACCA---CCTATAGAGAGCAGGGGCTATTACGCCAACAGTGCTGCTGGACAGGAGGAAGGCACTTTGTTTCCTTCTTGGAACTCCTGGGACCACAGGATTCAAGCCCAAGGACAGAAGGAAAGA---GGGCCATATTTTTCCAGAAATTTCTGGGACCGGGCAGTAAATTTAGACAAAGCCCCAGCTAGTCCA------CCAGACCAGAAAGAGAAACATCCTTATTCC---AACAACTCCCCTGCCGGGCTTCAGAAAAATCCAGTGTGGCGTGAAGGTGACAGTTGGAACTATGGCATGCAAATTACTAGGCTAAATTCACCAGAAAGAAAACAGGTGGCTTTCCCAGACTTAATTCCTCAAAGTTACCCATCA---CATCAAAAAGAAGCACATTTAGTTCACCTACACCACAGAGGTCCCTGCTGTGCGGGTGGCCCCACAGGGCCCAAGGATGACCCA---CTGGCTCTACAAGACTACACTCCATCC------TATGGCCTTGCACCAGGGGAGAAACAAGACGCCAGCCCGCTGTATACAGAAGGGAGTCATGCCAAGCATGCCAGACACGTCATCTCCCCAGCAGGTGTCCTACCTGAC---CAAAGAAACAGCTCAGAGAAGAGG---------GAAAGCCAGAGCCCGAGTCCTGTTAGAGATGATGTGTCCATTCTGAGGAGGAACACGCCATGT
>Procavia
AGTCCCCAAATTAGGCAGTACGAAGGCCAACGATATGCCTCCAATCAGCCAAAAGAATACCTCCATTATTCGTTAGACAAT---CCTTCGAAACCCAGAGAGGATTTTCCATAT---GGTGAATTTTACCCCTGGGGCCCTGATGAGAATTTTCCGTCATATAATACAGCTCCTACT---CTACCACCA---CCAGTGGAGGGCCGGGGCTATTACATTAATAACGCTGTTGAACGAGAAGTAGGTCCTCTGTTTCCTTCTTGGAACTCCTGGGACCACAGGATTCAAGCTCAGGGACCAGAAGAAAAA---GGGCCATATTTTAGTAGAAATTTTTGGGATCAGACAACGAATTTACACAAAGCTCCAGCT------GTGTTACCAGACCATAATGAGATCCAGCCCTATTCCTCT---AACTCCCCAGTTGGGCTTCAGAAAAATCCAACCTGGCGTGACAGCGAGAATTTGAACTACGGCATGCAAATTACTAGGTTAAATTCACCAGAGGGGGAACGTTTGGCTTTCCCAGACTTGATTCCTCCAAGTTAC---TCAATTGATCAAAAAGAAACAAATTTGTTTCACCCAAGACAAAGAGGCCCCTGCTGTGCTGGTGGCTCCACAGGGCCCAAGGACAATCTG---CTTGCTCTACAAGACTACACTCCATCC------TTGGGCCTTGCGCCAGGGGAGAACCAAGACACCAGCCCTCTATATACAGAAAGCAGTCATACTAAGCATGCAAGACATAGTATCTCCCCTACAAGCATCCTACCTGAC---CAAAGAAACAGCTCAGAGAAGAGAATGCCTGGGGAAAGCCAAAACTCAAGTCCCTTCAGAGACGATGTGTCCACTCTGAGGAGGAACACACCATGT

>Bos
APTAR-YEGKQYTSNQPKEYSPYSLDNLP-KPREYFPY-GEFYPWSPDENFPSYNTAPT-I-PLLVENRGYYPTNAVGQEENTMFPSWNSWDHMVQVQGQKERR-PYFTRTFWGQPTNLPKAPASP--PYHKENQPYF-SNSPTGLQKDPTWHEGENLNYGMQITRLNSPEGGHLAFPDLIPPHYPG-SQKETRLFHLSQRGPCCAGGSIGPKDNP-LALQDYT--LFFGLAPGENQDTSPLYTEDSHTKHERYTISPTSILPG-QRNSSEKRLPGESQNPSPFRDDVSTLRRNTPC
>Callithrix
SPTVRHYEGEQYTSNQPKEYLPYSLDN-PSKPKEDF-YYSEFYPWSLDENIPSYNTAPT-MSP-PIESRGYYLNNAIGPEESTLFPSWNSWDHRIQAQGQKEIR-PYFNRNTWDQATHLQKAPARP--PDQKGNQPYS-SNTPAGLQKNPIWHEGENLNYGMQITRINSPEREHSSFRDFIPQSYPS-GQKEAHLFHLSQRGSCCAGSSTGPKDNP-LALQDYTPS--YGLAPGENQDTSPLYTEGSHTKHTRHIVSPTNILPV-QRNSSEKR---ESQNPSPFRDDVSTLRRNTPC
>Canis
GPTVRHYEGEQYTVNQPKEYLPYSLDN-PSKTREDFPY-GEFYPWNPDENFPSYNTAPT-VPP-PVESRGYYANNAVRQEESPLIPSWNSWDHRVQAQGQKE-RQPYFNRNYWDQPTTLHKAPPSP--PHQKENQPY-PSNSPAGLQKNPTWREGENLNYGMQITRLNSPEGEHLAFPDLIPPSYPA-GQKEAHVFHLSQRGSCCAGGSPGHKDNP-LALQDYTPP--FDLAPGENEDTSPLYTEDSHANHARDTISPASNLPG-QRNSSEKRMPAESQNLSPFRDDVSTLRRNTPC
>Equus
GPTVRHYEGEQYTSNQQKEYLPYSLDN-PSKPREDFPY-GEFYPWNPDENFLSYDTAPT-VLP-PVENKGYYTSDVIGQEENTPFPSWNSWDHRIQAQGQKEIR-PYFNINFWDQPTNLHKAPANP--PHQKENQPYS-SNSPAGLQKNPTWPEGENLNYGMQITRLNSPEGEHVAFPDSIPLSYPA-GQKEAHLFHLSQRSPCCVGGSIGPEDNP-LALQDYTPS--FGLLPGENQDTSLLYMEDSHTNHARDTISPTIIPPV-EGNSSEKRLPGESQNPSPFGDDVSPLRRNIPC
>Felis
GPTVRHYEGEQYTSNQRKEYLPYSLDN-PSKPREDFPY-GEFYPWNQDENFPSYNTAPSA-PP-PVESRGYYANNAVGQEESTLFPSWNSWDHEIQAQGQKERR-PYFNRNFWDRPTTLHKAPPSP--PHEKENQPY-PSNSPAGLQKSPTWHESENLNYGMHITRINSPEREQLAFPDLIPPSYPS-GQKEAHVFHLSQRGPCCAGSSTGHKEDP-LALQDYTPS--FGLAPGENQDTSPPYTEDSHTKHARHTISPPSNLPG-QRNSSEKRLPGESENPSPFRDDVSTLRRNTPC
>Homo
GPTVRHYEGEQYTSNQPKEYLPYSLDN-PSKPREDF-YYSEFYPWSPDENFPSYNTAST-MPP-PIESRGYYVNNAAGPEESTLFPSRNSWDHRIQAQGQRERR-PYFNRNIWDQATHLQKAPARP--PDQKGNQPYY-SNTPAGLQKNPIWHEGENLNYGMQITRMNSPEREHSSFPNFIPPSYPS-GQKEAHLFHLSQRGSCCAGSSTGPKDNP-LALQDYTPS--YGLAPGENQDTSPLYTDGSHTKQTRDIISPTSILPG-QRNSSEKR---ESQN--PFRDDVSTLRRNTPC
>Loxodonta
SPTVRHYEGQQYASNQPKEYLPYSLDN-PSKPKEDFPY-GEFYHWGPDENFPPYNTAPT-IPP-PVESRGYFVDNADEREESTLFPSWNSWDHRIQAQGPNER-GPYFNRNFWDQTTNLHKAPASL--PDYKESQPYS-SNSPAGLQKNPTWHDSENLNYGMQITRLNSPEGDHLAFPDLIPQSYPA-DQEEANLFHLSQRGPCCAGGPTGPKDNP-LALQDYTPS--FGLAPGENQDTSPLYTEGSHTKHARHIISPTSILPD-PRNSSEKTLPGESQNPSPFRDDVSTLRRNAPC
>Macaca
GPTVRHYEGEQYTSNQPKEYPPYSLDN-PSKPREDF-YYSEFYPWNPDENFPSYSTAPT-MSP-PTESRGYYVNNAVRPEESNLFPSWNSWDHRIQAHGQKERR-PYFNRNIWDQATHLQKAPARP--PDQKGNQPYS-SNTPVGLQKNPMWHEGEDLNYGMQMTRMNSPEREYSSFPDFIPQSYPS-GQKEAHLFHLSQRGSCCTGSSTGPKDNP-LALQDYTPS--YGLAPGENQDTSPLYTEGSHSKHTRHIISPTSTLPG-QRNSSEKM---ENEN--PFRDDVSTLRRNTPC
>Mus
NPTVRQYEGEHYASTLAKEYLPYSLSN-PPKPSEDFPY-SEFYPWNPQETFPIYNPGPT-IAP-PVDPRSYYVNNAIGQEESTLFPSWTSWDHRNQAERQKES-EPYFNRNVWDQSINLHKS--N--IP----NHPYST-TSPARFPKDPTWFEGENLNYDLQITSLSPPEREQLAFPDFLPQSYPT-GQNEAHLFHQSQRGSCCIGGSTGHKDN-VLALQDYTSS--YGLPPRKNQETSPVHTESSYIKYARPNVSPASILP-SQRNISENKLTAESPNPSPFGDGVPTVRKNTPY
>Otolemur
GPTTRHYEGERYTSNQPKEYLPYSLDN-PPKPREDFPY-SELYPWSPDENFPPYNTAPTG-SP-PIESRGYYANSAAGQEEGTLFPSWNSWDHRIQAQGQKER-GPYFSRNFWDRAVNLDKAPASP--PDQKEKHPYS-NNSPAGLQKNPVWREGDSWNYGMQITRLNSPERKQVAFPDLIPQSYPS-HQKEAHLVHLHHRGPCCAGGPTGPKDDP-LALQDYTPS--YGLAPGEKQDASPLYTEGSHAKHARHVISPAGVLPD-QRNSSEKR---ESQSPSPVRDDVSILRRNTPC
>Procavia
SPQIRQYEGQRYASNQPKEYLHYSLDN-PSKPREDFPY-GEFYPWGPDENFPSYNTAPT-LPP-PVEGRGYYINNAVEREVGPLFPSWNSWDHRIQAQGPEEK-GPYFSRNFWDQTTNLHKAPA--VLPDHNEIQPYSS-NSPVGLQKNPTWRDSENLNYGMQITRLNSPEGERLAFPDLIPPSY-SIDQKETNLFHPRQRGPCCAGGSTGPKDNL-LALQDYTPS--LGLAPGENQDTSPLYTESSHTKHARHSISPTSILPD-QRNSSEKRMPGESQNSSPFRDDVSTLRRNTPC
