Reading sequences...
Unknown nuc 'Y' in sequence: >Pseudo_Bradypus
Position: 711
Sequence removed
Unknown nuc 'Y' in sequence: >Pseudo_Orycteropus
Position: 108
Sequence removed
Unknown nuc 'N' in sequence: >Pseudo_Zaedyus
Position: 75
Sequence removed
17 sequences were obtained
Input parameters:
NT substitution matrix	NUC-45
AA substitution matrix	BLOSUM62
Gap open cost		-7
Gap extension cost	-1
Gap frame cost		-30
Stop codon cost		-100
Building UPGMA matrix done! 0.98
add sequence #1 1.13
add sequence #7 1.37
add sequence #4 1.14
add sequence #6 1.33
add sequence #2 1.45
add sequence #3 1.43
add sequence #10 1.39
add sequence #9 1.56
add sequence #14 1.63
add sequence #13 1.7
add sequence #0 1.77
add sequence #16 1.78
add sequence #11 1.89
add sequence #12 1.96
add sequence #15 1.89
add sequence #8 2.11

>Bos
GCCCCAACAGCTAGG---TATGAA---GGCAAGCAATATACCTCAAACCAACCAAAGGAATACTCTCCCTATTCCTTAGATAATCTACCA---AAACCCAGGGAGTATTTTCCTTAC---GGTGAATTTTACCCCTGG---AGCCCAGATGAGAACTTTCCATCATATAATACTGCTCCCACT---ATA---CCACTGCTTGTGGAGAACAGGGGCTATTATCCTACTAATGCTGTTGGACAAGAAGAAAACACTATGTTTCCTTCTTGGAATTCCTGGGACCACATGGTTCAAGTCCAAGGGCAG---AAAGAAAGGAGGCCATATTTTACCAGAACTTTCTGGGGTCAG---CCAACGAATCTACCCAAAGCCCCTGCTAGTCCA------CCATACCACAAGGAGAATCAGCCTTATTTC---AGTAACTCCCCAACTGGGCTTCAGAAAGATCCAACATGGCATGAAGGTGAGAATTTG---AATTATGGCATGCAAATCACTAGGTTAAATTCACCAGAGGGAGGACATTTGGCTTTTCCAGACTTAATTCCTCCACATTACCCAGGA---AGTCAAAAAGAAACACGTCTATTTCACCTAAGTCAGCGAGGCCCTTGCTGTGCTGGTGGCTCCATAGGG---CCCAAGGACAATCCA---CTTGCTCTACAAGACTACACT------CTTTTTTTTGGTCTTGCACCAGGGGAAAACCAAGACACCAGCCCTCTCTATACAGAAGACAGT---CATACT------AAGCATGAAAGATATACTATTTCCCCAACAAGCATCCTACCTGGCCAAAGAAACAGCTCAGAAAAA---AGACTTCCTGGAGAAAGTCAAAACCCAAGTCCTTTCAGAGATGACGTGTCCACTCTGAGGAGGAACACACCATGT---
>Callithrix
AGCCCAACAGTTAGGCACTATGAA---GGTGAACAATATACCTCAAATCAGCCAAAGGAATATCTTCCCTATTCTTTAGATAAT---CCATCAAAACCAAAGGAGGACTTT---TATTATAGTGAATTCTACCCATGG---AGCCTGGATGAAAATATTCCATCATATAATACAGCTCCTACT---ATGTCACCA---CCTATAGAGAGCAGGGGCTACTATCTTAATAATGCCATTGGACCAGAAGAAAGCACTCTGTTTCCTTCATGGAACTCCTGGGACCACAGGATACAAGCCCAAGGGCAG---AAAGAAATAAGGCCGTATTTTAACAGAAATACCTGGGATCAG---GCAACACATTTACAAAAAGCCCCAGCTAGGCCA------CCAGACCAAAAAGGTAATCAGCCCTATTCC---AGTAACACCCCAGCTGGGCTTCAGAAAAATCCAATATGGCATGAAGGCGAGAATTTG---AACTACGGCATGCAAATAACTAGGATAAATTCTCCAGAGAGAGAACATTCATCTTTCCGTGACTTTATCCCACAAAGTTACCCATCA---GGTCAAAAAGAAGCACATTTATTTCACCTAAGCCAGAGAGGCTCCTGCTGTGCTGGGAGCTCCACAGGG---CCCAAGGACAATCCA---CTAGCTCTACAAGACTATACTCCATCG------TATGGTCTTGCACCTGGGGAGAACCAAGACACCAGTCCTCTGTATACAGAAGGTAGT---CATACC------AAGCACACAAGACATATCGTCTCCCCAACAAACATCCTACCAGTCCAAAGAAACAGCTCAGAGAAG---AGG---------GAAAGCCAAAACCCGAGTCCTTTCAGAGATGATGTGTCCACTCTGAGGAGGAACACACCATGT---
>Canis
GGTCCAACAGTTAGGCACTATGAA---GGCGAGCAATATACCGTAAATCAACCAAAGGAATACCTTCCCTATTCCTTAGATAAT---CCATCAAAAACCAGGGAGGATTTCCCTTAT---GGTGAGTTTTACCCCTGG---AACCCAGATGAGAATTTTCCATCATATAATACAGCTCCCACT---GTACCACCA---CCTGTGGAGAGCAGGGGCTACTATGCTAATAATGCTGTCAGACAAGAAGAAAGCCCTCTGATTCCTTCTTGGAACTCCTGGGACCACAGGGTTCAAGCCCAAGGACAG---AAAGAAAGGCAGCCATATTTTAACAGAAATTACTGGGATCAG---CCAACAACTTTACACAAAGCGCCCCCTAGTCCA------CCACACCAGAAAGAGAACCAGCCCTAT---CCTAGTAATTCCCCAGCTGGGCTTCAGAAAAATCCAACATGGCGTGAAGGTGAGAATTTG---AATTACGGCATGCAGATTACTAGGTTAAATTCACCAGAGGGAGAACATTTGGCTTTCCCAGATTTAATTCCTCCAAGTTACCCAGCA---GGTCAAAAAGAAGCACATGTATTTCACCTAAGCCAGAGAGGCTCTTGCTGTGCTGGTGGCTCCCCAGGA---CACAAGGACAATCCA---CTTGCTCTACAGGACTACACTCCACCC------TTCGATCTTGCACCAGGGGAGAATGAAGACACCAGTCCTCTGTACACAGAAGATAGT---CATGCT------AATCATGCAAGAGATACCATCTCTCCTGCCAGCAACCTACCTGGCCAAAGAAACAGCTCAGAGAAA---AGAATGCCTGCAGAGAGTCAAAACCTAAGTCCTTTTAGAGATGATGTGTCCACTCTGAGAAGGAACACGCCGTGC---
>Equus
GGCCCAACAGTTAGGCACTATGAG---GGCGAGCAATATACCTCAAATCAACAAAAAGAATATCTTCCCTATTCCTTAGATAAC---CCATCGAAACCCAGGGAGGATTTTCCTTAT---GGTGAATTTTACCCCTGG---AACCCAGATGAGAATTTTCTATCATATGATACAGCTCCCACT---GTATTACCA---CCTGTGGAGAACAAGGGCTATTATACTAGTGATGTTATTGGACAAGAAGAAAACACTCCATTTCCTTCTTGGAACTCCTGGGACCACAGGATTCAAGCCCAAGGGCAG---AAAGAAATAAGGCCATACTTTAACATAAATTTCTGGGATCAG---CCAACAAATTTACACAAAGCCCCTGCTAATCCA------CCACACCAGAAAGAGAACCAGCCCTATTCC---AGTAACTCCCCGGCTGGGCTTCAGAAAAATCCAACATGGCCTGAAGGTGAGAATTTG---AATTATGGCATGCAAATTACTAGGTTAAATTCACCAGAGGGAGAACATGTGGCTTTCCCAGACTCAATTCCTCTGAGTTACCCAGCA---GGTCAAAAAGAAGCACATTTATTTCACCTAAGCCAGAGAAGCCCTTGCTGTGTCGGTGGCTCCATAGGG---CCCGAGGACAATCCA---CTTGCTCTACAAGACTACACTCCATCC------TTTGGTCTCTTACCAGGGGAGAACCAAGACACCAGCCTTCTGTATATGGAAGATAGT---CACACT------AACCATGCAAGAGATACCATCTCCCCAACAATCATCCCACCTGTCGAAGGAAACAGCTCAGAGAAA---AGACTGCCTGGAGAAAGTCAAAACCCAAGTCCTTTTGGAGATGATGTGTCCCCTCTGAGGAGGAACATACCATGT---
>Felis
GGGCCAACAGTTAGGCACTATGAA---GGCGAGCAATATACCTCAAATCAACGGAAAGAATACCTTCCCTATTCCTTAGATAAT---CCATCGAAACCCAGGGAGGATTTCCCTTAT---GGTGAATTTTATCCCTGG---AACCAAGATGAGAATTTTCCATCATATAATACAGCTCCCAGTGCA---CCACCA---CCTGTGGAGAGCAGGGGCTATTATGCTAATAATGCTGTTGGACAGGAAGAAAGCACTCTGTTCCCCTCTTGGAACTCCTGGGACCATGAGATTCAAGCCCAAGGGCAG---AAAGAAAGAAGACCATATTTTAACAGAAACTTCTGGGATCGA---CCAACAACTTTACACAAAGCTCCCCCTAGTCCA------CCACATGAGAAAGAGAACCAGCCTTAT---CCTAGCAATTCCCCAGCTGGGCTTCAGAAAAGTCCAACATGGCATGAAAGTGAGAATTTG---AATTATGGCATGCACATTACTAGGATAAATTCACCAGAGAGAGAACAGTTGGCTTTCCCAGACTTAATTCCTCCAAGTTACCCATCA---GGTCAAAAAGAAGCGCATGTATTTCATCTAAGCCAGAGAGGCCCTTGCTGTGCTGGCAGCTCCACAGGA---CACAAAGAAGATCCA---CTTGCTCTACAGGACTACACTCCATCC------TTTGGTCTTGCACCAGGGGAGAACCAAGACACCAGTCCTCCGTATACAGAAGATAGT---CATACT------AAACATGCAAGACACACCATCTCCCCTCCAAGCAACCTACCTGGCCAAAGAAACAGCTCAGAGAAA---AGACTGCCTGGAGAAAGTGAAAACCCAAGTCCTTTTAGAGATGATGTGTCCACCCTGAGGAGGAACACACCATGT---
>Homo
GGCCCAACAGTTAGGCACTATGAA---GGTGAACAATATACCTCAAATCAGCCAAAGGAATATCTTCCCTATTCTTTAGATAAT---CCATCAAAACCAAGGGAGGATTTT---TATTACAGTGAATTTTACCCATGG---AGCCCGGATGAGAATTTTCCATCATATAATACAGCTTCTACT---ATGCCACCA---CCTATAGAGAGCAGGGGCTACTACGTTAATAATGCCGCTGGACCAGAAGAAAGCACTCTATTTCCTTCACGGAATTCCTGGGACCACAGGATACAAGCCCAAGGGCAG---AGAGAAAGAAGGCCGTATTTTAACAGAAATATCTGGGATCAG---GCAACACATTTACAAAAAGCCCCAGCTAGGCCA------CCAGACCAGAAAGGTAACCAGCCCTATTAC---AGTAACACCCCAGCTGGGCTTCAGAAAAATCCAATATGGCATGAAGGTGAGAATTTG---AACTATGGCATGCAAATAACTAGGATGAATTCTCCAGAGAGAGAACATTCATCTTTCCCTAACTTCATCCCACCAAGTTACCCATCA---GGTCAAAAAGAAGCACATTTATTTCACCTAAGCCAGAGAGGCTCTTGCTGTGCTGGTAGCTCCACAGGG---CCCAAGGACAATCCA---CTAGCTCTACAAGACTACACTCCATCC------TATGGTCTTGCACCTGGGGAGAACCAAGACACCAGTCCTCTGTATACAGACGGTAGT---CATACC------AAGCAGACAAGAGATATCATCTCCCCAACAAGCATCCTACCAGGCCAAAGAAACAGCTCAGAGAAG---AGG---------GAAAGCCAAAAC------CCTTTTAGAGATGATGTGTCCACGCTGAGGAGGAACACACCATGT---
>Loxodonta
AGCCCAACAGTTAGGCACTACGAA---GGTCAACAATATGCCTCAAATCAGCCAAAAGAATACCTTCCCTATTCCTTAGATAAT---CCTTCGAAACCCAAGGAGGATTTTCCATAT---GGTGAATTTTACCACTGG---GGCCCAGATGAGAATTTTCCACCATATAATACGGCTCCTACT---ATACCACCA---CCTGTGGAGAGCAGGGGCTATTTTGTTGATAATGCTGATGAACGAGAAGAAAGCACTCTATTTCCTTCTTGGAACTCCTGGGACCACAGGATTCAAGCTCAAGGACCG---AATGAAAGAGGGCCATATTTTAACAGAAATTTCTGGGACCAG---ACAACAAATTTACACAAAGCTCCAGCTAGCCTA------CCAGACTATAAAGAGAGCCAGCCCTATTCC---AGTAACTCCCCAGCTGGGCTTCAGAAAAATCCAACCTGGCATGACAGTGAGAATTTG---AACTATGGCATGCAAATTACTAGGTTAAATTCACCAGAGGGGGATCATTTGGCTTTCCCAGACTTAATTCCTCAAAGTTACCCAGCT---GATCAAGAAGAAGCAAATTTATTTCACCTAAGTCAAAGAGGTCCTTGCTGTGCTGGTGGTCCCACAGGG---CCCAAGGACAATCCA---CTTGCTCTACAAGACTACACTCCATCC------TTTGGTCTTGCACCAGGGGAGAACCAAGACACCAGCCCTCTATATACAGAAGGTAGT---CATACT------AAGCATGCAAGACATATCATCTCCCCTACAAGCATCCTACCTGACCCAAGGAACAGCTCAGAGAAG---ACGCTGCCTGGGGAAAGCCAAAACCCAAGTCCTTTTAGAGATGATGTGTCCACTCTAAGGAGGAACGCACCATGT---
>Macaca
GGCCCAACAGTTAGGCACTATGAA---GGTGAACAATATACCTCAAATCAGCCAAAGGAATATCCTCCCTATTCTTTAGACAAT---CCATCAAAACCAAGGGAGGATTTT---TATTATAGTGAATTCTACCCATGG---AACCCGGATGAGAATTTTCCATCATATAGTACAGCTCCTACT---ATGTCACCA---CCTACAGAGAGCAGGGGTTACTATGTTAATAATGCCGTTAGACCAGAAGAAAGCAATCTATTTCCTTCATGGAATTCCTGGGACCACAGGATACAAGCCCACGGTCAG---AAAGAAAGAAGGCCATATTTTAACAGAAATATCTGGGATCAG---GCAACACATTTACAAAAAGCCCCAGCTAGGCCA------CCAGACCAGAAAGGTAACCAGCCCTATTCC---AGTAACACTCCAGTTGGGCTTCAGAAAAATCCAATGTGGCATGAAGGTGAGGATTTG---AACTATGGCATGCAAATGACTAGGATGAATTCTCCAGAGAGAGAATATTCATCTTTCCCTGACTTCATCCCACAAAGTTACCCATCA---GGTCAAAAAGAGGCACATTTATTTCACCTAAGCCAGAGAGGCTCTTGCTGTACTGGTAGCTCCACAGGA---CCCAAGGACAATCCA---CTAGCTCTACAAGACTACACTCCATCC------TATGGTCTTGCACCTGGGGAGAACCAAGACACCAGTCCTCTGTATACAGAAGGTAGT---CATAGC------AAGCACACAAGACATATCATCTCCCCAACAAGCACCCTACCAGGCCAAAGAAACAGCTCAGAGAAG---ATG---------GAAAATGAAAAC------CCTTTTAGAGATGATGTGTCCACTCTGAGGAGGAACACACCATGT---
>Mus
AACCCAACAGTTAGGCAGTATGAA---GGTGAGCACTACGCCTCAACCCTAGCGAAGGAATACCTTCCTTATTCCTTAAGTAAT---CCACCAAAACCCAGTGAAGATTTTCCTTAC---AGTGAATTCTATCCCTGG---AACCCACAGGAAACGTTTCCAATATATAACCCAGGTCCTACT---ATAGCACCA---CCCGTGGACCCCAGAAGTTATTATGTTAATAATGCCATAGGACAAGAAGAAAGCACTCTCTTTCCTTCATGGACCTCCTGGGACCACAGGAATCAAGCTGAGAGGCAG---AAAGAGAGTGAGCCATATTTTAACAGAAATGTCTGGGATCAG---TCAATAAATTTACACAAA------TCTAAT---ATA---CCA------------AACCATCCTTATTCCACT---ACATCCCCTGCTAGATTTCCAAAAGATCCAACATGGTTTGAAGGTGAGAATTTG---AACTATGATTTGCAAATTACTAGTTTAAGTCCACCAGAAAGAGAACAGTTGGCTTTCCCAGACTTCCTGCCTCAAAGTTACCCAACA---GGTCAAAATGAAGCACACTTATTTCACCAAAGTCAAAGAGGGTCTTGCTGTATTGGTGGCTCCACAGGA---CATAAAGACAAT---GTGCTGGCTCTACAAGACTACACTTCATCC------TATGGTCTTCCACCAAGGAAGAACCAAGAAACCAGTCCAGTGCATACAGAAAGCAGT---TAT------ATCAAGTATGCAAGACCTAACGTTTCCCCAGCAAGCATCCTACCTAGTCAAAGAAATATCTCAGAGAAC---AAACTAACTGCAGAAAGCCCAAACCCAAGTCCATTTGGAGATGGTGTGCCTACTGTGAGGAAAAATACTCCATAT---
>Otolemur
GGCCCAACTACTAGGCACTATGAA---GGTGAGCGATACACCTCAAATCAGCCCAAAGAGTATCTTCCCTACTCCCTCGATAAT---CCACCAAAACCCAGGGAGGATTTTCCTTAT---AGTGAACTTTATCCCTGG---AGCCCAGATGAGAATTTCCCCCCATATAATACGGCTCCTACTGGG---TCACCA---CCTATAGAGAGCAGGGGCTATTACGCCAACAGTGCTGCTGGACAGGAGGAAGGCACTTTGTTTCCTTCTTGGAACTCCTGGGACCACAGGATTCAAGCCCAAGGACAG---AAGGAAAGAGGGCCATATTTTTCCAGAAATTTCTGGGACCGG---GCAGTAAATTTAGACAAAGCCCCAGCTAGTCCA------CCAGACCAGAAAGAGAAACATCCTTATTCC---AACAACTCCCCTGCCGGGCTTCAGAAAAATCCAGTGTGGCGTGAAGGTGACAGTTGG---AACTATGGCATGCAAATTACTAGGCTAAATTCACCAGAAAGAAAACAGGTGGCTTTCCCAGACTTAATTCCTCAAAGTTACCCATCA---CATCAAAAAGAAGCACATTTAGTTCACCTACACCACAGAGGTCCCTGCTGTGCGGGTGGCCCCACAGGG---CCCAAGGATGACCCA---CTGGCTCTACAAGACTACACTCCATCC------TATGGCCTTGCACCAGGGGAGAAACAAGACGCCAGCCCGCTGTATACAGAAGGGAGT---CATGCC------AAGCATGCCAGACACGTCATCTCCCCAGCAGGTGTCCTACCTGACCAAAGAAACAGCTCAGAGAAG---AGG---------GAAAGCCAGAGCCCGAGTCCTGTTAGAGATGATGTGTCCATTCTGAGGAGGAACACGCCATGT---
>Procavia
AGTCCCCAAATTAGGCAGTACGAA---GGCCAACGATATGCCTCCAATCAGCCAAAAGAATACCTCCATTATTCGTTAGACAAT---CCTTCGAAACCCAGAGAGGATTTTCCATAT---GGTGAATTTTACCCCTGG---GGCCCTGATGAGAATTTTCCGTCATATAATACAGCTCCTACT---CTACCACCA---CCAGTGGAGGGCCGGGGCTATTACATTAATAACGCTGTTGAACGAGAAGTAGGTCCTCTGTTTCCTTCTTGGAACTCCTGGGACCACAGGATTCAAGCTCAGGGACCA---GAAGAAAAAGGGCCATATTTTAGTAGAAATTTTTGGGATCAG---ACAACGAATTTACACAAAGCTCCAGCT------GTGTTACCAGACCATAATGAGATCCAGCCCTATTCCTCT---AACTCCCCAGTTGGGCTTCAGAAAAATCCAACCTGGCGTGACAGCGAGAATTTG---AACTACGGCATGCAAATTACTAGGTTAAATTCACCAGAGGGGGAACGTTTGGCTTTCCCAGACTTGATTCCTCCAAGTTAC---TCAATTGATCAAAAAGAAACAAATTTGTTTCACCCAAGACAAAGAGGCCCCTGCTGTGCTGGTGGCTCCACAGGG---CCCAAGGACAATCTG---CTTGCTCTACAAGACTACACTCCATCC------TTGGGCCTTGCGCCAGGGGAGAACCAAGACACCAGCCCTCTATATACAGAAAGCAGT---CATACT------AAGCATGCAAGACATAGTATCTCCCCTACAAGCATCCTACCTGACCAAAGAAACAGCTCAGAGAAG---AGAATGCCTGGGGAAAGCCAAAACTCAAGTCCCTTCAGAGACGATGTGTCCACTCTGAGGAGGAACACACCATGT---
>Pseudo_Choloepus
GACCCAAATGCTAGGCACTGTGAA---GGCCAGCAATATACCCCAAATCAGCTAAAGGAATAT--TCACCATTTCTTAGATAAT---CCATCAAAACCCAGGGAGGATATTCTTTAC---GGTGAATTTTACCCGTAG---TGCCCAGATGAGAATTTTCCATCATATAATACAGCTCCCACC---ATACGACCA---TTTGTGGAGAGCAGGGGCTATTATGTTAATAATGCTGTTGGAGAAGAAGAAAGTATTCTGTTTCCTTCCTGGAAAGCCTGGGACGACAGGACACAAACCCATGGA---TGAAAAGAAAGATGGCCATATTTAAACAGAAATTTCTGGGATGAGGTA---ACAAATTTACACAAAACCCCAGCTAAT------TCTCCAGACCTGAAAGACAACCAGCACTATTCC---AGTAACTCCCCAGCTGGGCTTCAGAACAATCCAA-ATGGCATGAAGGTGAGAAT---TGAAACTATGGCATGCAAATTGATAGGTTAAATTCAACAGAGGGAGAACATTTGGCCTTTCCAGACTTAATTCCTCAAAGTTACCTAACA---GGTCAAAAAGAAGCAAATTTATTTCATTTAAGCCCAAGAGGTCCCTGCAGT---GGT---GCCACAGGG---ACTAAGGACAATCCA---CTTGCTCTACAAGAGTATATTCCATC-------TTT------GTACCAGGGGAGAACCAAGACATCAGCCCCCTGTGTATT-AA---AGTATATATACT------AAGCATGCAAGACATATCATCTCCTCCACAGGCATCCTACTGGGCCAAAGAAACAGCTCAAAGAAG---AGACCGCCTGGGGAAAGCCGAAACCCAAGCCCTTT-AGAGATGACGTGTCGACTCTGAGGAGGAACACACCATAT---
>Pseudo_Cyclopes
GACCCAACTGCTA-GCACCATGCTATC---CAGCAATATACCCCAAATCAACTAAAGGAATATTTTCACCATTCCTTAGATAAT---TCATC-AGACCCAGGGAGGATATTCCTTAT---GGTGAATTTTACCCC---TAAGGCCTAGATGAGAATTTTCCATCATGTAATGCAGCTCCCACA---GTA---------CCTGTGGAGAGCAGGGGCTA-TACATTAAGAATGTTGTT-GACAAAAAGAAAACATCCTGTTTCCTTCCTGGCTTGCCTTGGACAACAGGATTCCAGCCCATGAACAG---AAAGAAAGAAGGCCATAATTTAACAGAAACCTCTGGGATGAGGTT---ACAAATTTACAGAAAGCCCCAGCTAATCCA------TCAGACTGGGAAGACAACCAGCACTATTCC---AGTAACTCACCAACAGGGCTTCAGAAAAATCCCA-ATGGTATGAAGGTGAGAAGTTG---AACTATAGCATGCAAATTGCTAGGTTAAATTCACCAGAAGGGGAACATTTGGCTTTTCCAGACTTAATTCCTCAAAGTTATCCA---ATGGGTTAAAAAGAAGCAAATTTATTTCACCTAAGCCAAAGAGGTCCCTACTGT------GTTGCCGCAGGG---CCTAAGGACAATCCA---CTTGCTCTATAAGAGTACATTCCATCC------TTTGGTCTTATACCAGGAGAGAACCAAGGCGCCAGCCC-CTGTATATCAAAGGTATT---C-TAGT------AAGCATGCAAGATGTGTCATCTCCC-----AGCATCCTAGCTCACCAA---AAA---ACAGAAAAGAAGAGACTGCCTGGGGAAAGCCAAAACCCAAACCCCTTCAGAAATGATGTGTCCACTTTGAGGAGGAACACACCATGT---
>Pseudo_Dasypus
GACCCAACCATTAGGCACTATGAA---GGCAAGCAATATACTCCAAATCAACCTAAGGAATATCTTCACCATTCCTTAGATAAT---CCATCAAAACCCAGGGAGGATTTTCCATAT---GGTGAATTTTATCCCTGG---GGCCCAGATGATAATTTTCCATCATATAATACAGCTTCCACT---GTACCACCA---CCTGTGGAGAGCAGGGGCTATTATGTTAATAATGCTGTTGGACAAGAAGAAAGCACTCTATTTCCTTCCTGGAATACCTGGTACAATAGGATTCAAGCCCATGGGCAG---AAAGAAGGAAGGCCATATGTTAAGGAAAATTTCTGGGATGAGGTACCA---AATTTACAGAAAGCCCCTGCT------ATTTCACCAGACTGGAAAGAGAACCAGCACTATTTC---AGTAACTACACAAATAGGCTTCAGAAAAATCCAAAATGGCATGAAGATGGGAATTTG---AACTATGGCATGCAAATTACTAGGTTAAATTCACCAGAGGGGAAACATTTGGCTTTCCCAGAATTAATTCCTCAAAATTACCCAACA---GGACAAGATGAAGCAAATTTATTTCATCTAAGCCAAAGGAGTTCCTGTTGTGCT---GTC---ACAAGG---CCCAAGGACAATCCA---CTTGCTCTACAAGAGTACACTCCATCC------TTCAGTCTAGTACCAGGAGAGAACAAAGACACCAGCCCCTTGAATACCGAAGGTACT---CATACT------AAGCATGCAAGACATATCATCTCCCTGGTAAGCACCCTGTCTAGCCAAACGAACAGCTCAGAGAAG---AGACTGCCTGGGGAAAGCCAAAACCCAAGCCCTTTTAGAGATTATGTGTCCACTCTGAGGAGGAACACACCATGT---
>Pseudo_Manis
GGTCCAACAGTTAGGCA-TATGAA---GGTGAGCAATATACCTCAAATCAACCAAAGGAATACCTTCCCTATTCCTTAAATAAT---CCATCAAAACCCAGGGAATATTTTCCTTAT---GGTGGATTTTACCCCTGG---AACCCAGATGAGAAATTTCCATCATATAATATAGCTCCCACT---GTAACACCA---CATATGGAGAGCAGGGGCTCTTATGCTGATAATGCTGTTGGACAAGAAGAAAGCACTCTGATTCCTTTTCTGAACTCCTGGGACCACAGGATTCAAGCCCAAGGGCAG---AAAGAAAGAAGGCTATATTTGAACAGAAATTTCTGAGATCAG---CCAACATATTTACACAAAGACCCTGCTAGTCCA------CCACACCAGAAAGAGAATCAGCCTTATTTC---AGTAACTCCCAAGCTGAACTTCAGAAAAATCCAACATGGCATGAAGGTAACAATTTGAGTAAT---GGCATACAAATAACTAGGTTAAATTCACCCGAGGGAGAACATCTGACTGTCCAAGACTTAATTCCTCCAAGTTACCCA---GTAGGTCAAAAAGAAGCACATTTATCTCACCTAAGCTACAGAGGTCATTGCTATGCTGGTGGTTCCACT---TTGCCCAATGACAATCCA---CTTGCTTCACAAGACTACACTTCATCT------TTTGCTCTTGCACCAGGGGAGAACCAAGACACCAGACCTCTGTACACTGAAGATACA---CAGACT------AAGAATGCAAGACATACCATCTC-CCTCAAAGCATCCTACCTGGCCAAAGGAACAGCTCAGAGAAA---AGGCTGCCCAGGGAAAGCCAGAACCCAAGTCTTTTTGGAGATGATGTATCCACTCTGAGGAGGAGCACACCA---TG-
>Pseudo_Myrmecophaga
GACCCAATTGCTAGACACCAT---GTTGGCCAGCAATATACCCCAAATCAACCAAAGGAATATTTTCACCACTCCTTAGATAATCTG---TC-AGACCCAGGGAGGATTTTCCTTAT---GGTGAATTTTACCCCTA----------GATGAGAATTTTCCATCATATAATACAGCTCCCAGT------GCATCACTACCTGTGGAGAACAGGGGCTGTTTCGTTAATAATGCTATT-GACAAAAGGAAAGTACACTGTTTCC----TGGCTTGCCTTGGACAATAGGATTCACGCCCCTGGACAA---AAAGAAAGAGGGCTATA-TTTAACAGAAACTTCTGGGATGAGATA-CA---AATTTACAGAAAGC-CCAGCTAATCCA------TCAGACTGGAAAGACAACCAGCACTATTCC---AGTAACTCCCCAGCAGGGCTTCAGAAAAATCCAA-ATGGTATGAAGGTGAGAATTTG---AACTATAGCATACAAATTACCAGA--AAATTCACCAGAGGGGGAACATTTGGCTTTTCCAGACTTAATTCCTCAAAGTTACCCA---ATAGGTGAAAAAGAAGCAAATTTATTTCATCTAAGCCAAAGAGGTCCCTACTGT------GTTACCACAGGG---CCTAAGGACAACCAG---CTTGTTTTACAAGAGCACATTCCATCC------TTCGGTGTTGTACCAGGAGAGAACCAAGACACCAGCCCCCTGTAT---------A-T---CATACTTAAACTAAGCATGCAAGACATATCACCTCCC-----AGCATCCTACCTGACCAAAGAAACAGCTCAGAAAAG---AGACTGCCTGGGGAA-GACAAAATCCAAGCCCCTTTAGGAATGCCGTGTCCACTTTGAGGTGGAACGTACCA-GA---
>Pseudo_Priodontes
GACCCT---GTTAGGCACTATGAA---GGCCAGCAATATACCCCAAGTCAACCAAAGGAATATCTTTACCATTCCTTAGATAAT---CCATCAAAACCCAGGGAGGATTTTCCTTAT---GGTGAATTTTATCCCTAG---GGCCCAGATGAGAATTTTCCATCATATAAGACAGTTTCCATT---GTACCACCA---CCTGTGGAGAGCAGGGACTATTATGTTAATAATGCTGATGGACAAGAAGAAAGCACTCTATTTCCTTCCTGGAACACCTGGGACAACAGGATTCAAGCCTATGGGCAG---AAAGAAGGAAGGCCATATATTAAGGAAAAATTCTGGGATGAGATA---ACAAATTTATACAAAGCCCCTGCTAGTCCA------CCAGACTGGAAAGAGAACCAGTACTATTTC---AGTAACTTCCCAAATGGACTTCAGAAAAATCCAATATGGCATGAAGGTGAGAATTTA---AACTATGGCATGCAAATTACTAGGTTAAATTCACCAGAGGGGGAACATTTGGCTTTCCCAGAGTTAATTCCTCAAAATTACCCAACA---TGTCAAAAAGAAGCAAATTTATTTCATCTAAGCCAAAGAAGTTCCTGTTGTGCT------GCCACAAGG---CCCAAGGACAATCCA---CTTGCTCTACAAGAGTACACTCAATCC---CTC---AGTCTAGTACCAGGGAAGAACCAAGACACCAGCCCCCTAATTACCGAAAGTACT---CATACT------AAGCATGCAAGACATATCCTCACCCTGGGAAGCTTCCTACCTGACCAAAGGAACAGCTCAGAGAAG---AGACTGCCTGAGGAAAGCCAAAACCCAAGCCCTTTTAGAGATGATGTGTCC---------------------------

>Bos
APTAR-YE-GKQYTSNQPKEYSPYSLDNLP-KPREYFPY-GEFYPW-SPDENFPSYNTAPT-I-PLLVENRGYYPTNAVGQEENTMFPSWNSWDHMVQVQGQ-KERRPYFTRTFWGQ-PTNLPKAPASP--PYHKENQPYF-SNSPTGLQKDPTWHEGENL-NYGMQITRLNSPEGGHLAFPDLIPPHYPG-SQKETRLFHLSQRGPCCAGGSIG-PKDNP-LALQDYT--LFFGLAPGENQDTSPLYTEDS-HT--KHERYTISPTSILPGQRNSSEK-RLPGESQNPSPFRDDVSTLRRNTPC-
>Callithrix
SPTVRHYE-GEQYTSNQPKEYLPYSLDN-PSKPKEDF-YYSEFYPW-SLDENIPSYNTAPT-MSP-PIESRGYYLNNAIGPEESTLFPSWNSWDHRIQAQGQ-KEIRPYFNRNTWDQ-ATHLQKAPARP--PDQKGNQPYS-SNTPAGLQKNPIWHEGENL-NYGMQITRINSPEREHSSFRDFIPQSYPS-GQKEAHLFHLSQRGSCCAGSSTG-PKDNP-LALQDYTPS--YGLAPGENQDTSPLYTEGS-HT--KHTRHIVSPTNILPVQRNSSEK-R---ESQNPSPFRDDVSTLRRNTPC-
>Canis
GPTVRHYE-GEQYTVNQPKEYLPYSLDN-PSKTREDFPY-GEFYPW-NPDENFPSYNTAPT-VPP-PVESRGYYANNAVRQEESPLIPSWNSWDHRVQAQGQ-KERQPYFNRNYWDQ-PTTLHKAPPSP--PHQKENQPY-PSNSPAGLQKNPTWREGENL-NYGMQITRLNSPEGEHLAFPDLIPPSYPA-GQKEAHVFHLSQRGSCCAGGSPG-HKDNP-LALQDYTPP--FDLAPGENEDTSPLYTEDS-HA--NHARDTISPASNLPGQRNSSEK-RMPAESQNLSPFRDDVSTLRRNTPC-
>Equus
GPTVRHYE-GEQYTSNQQKEYLPYSLDN-PSKPREDFPY-GEFYPW-NPDENFLSYDTAPT-VLP-PVENKGYYTSDVIGQEENTPFPSWNSWDHRIQAQGQ-KEIRPYFNINFWDQ-PTNLHKAPANP--PHQKENQPYS-SNSPAGLQKNPTWPEGENL-NYGMQITRLNSPEGEHVAFPDSIPLSYPA-GQKEAHLFHLSQRSPCCVGGSIG-PEDNP-LALQDYTPS--FGLLPGENQDTSLLYMEDS-HT--NHARDTISPTIIPPVEGNSSEK-RLPGESQNPSPFGDDVSPLRRNIPC-
>Felis
GPTVRHYE-GEQYTSNQRKEYLPYSLDN-PSKPREDFPY-GEFYPW-NQDENFPSYNTAPSA-PP-PVESRGYYANNAVGQEESTLFPSWNSWDHEIQAQGQ-KERRPYFNRNFWDR-PTTLHKAPPSP--PHEKENQPY-PSNSPAGLQKSPTWHESENL-NYGMHITRINSPEREQLAFPDLIPPSYPS-GQKEAHVFHLSQRGPCCAGSSTG-HKEDP-LALQDYTPS--FGLAPGENQDTSPPYTEDS-HT--KHARHTISPPSNLPGQRNSSEK-RLPGESENPSPFRDDVSTLRRNTPC-
>Homo
GPTVRHYE-GEQYTSNQPKEYLPYSLDN-PSKPREDF-YYSEFYPW-SPDENFPSYNTAST-MPP-PIESRGYYVNNAAGPEESTLFPSRNSWDHRIQAQGQ-RERRPYFNRNIWDQ-ATHLQKAPARP--PDQKGNQPYY-SNTPAGLQKNPIWHEGENL-NYGMQITRMNSPEREHSSFPNFIPPSYPS-GQKEAHLFHLSQRGSCCAGSSTG-PKDNP-LALQDYTPS--YGLAPGENQDTSPLYTDGS-HT--KQTRDIISPTSILPGQRNSSEK-R---ESQN--PFRDDVSTLRRNTPC-
>Loxodonta
SPTVRHYE-GQQYASNQPKEYLPYSLDN-PSKPKEDFPY-GEFYHW-GPDENFPPYNTAPT-IPP-PVESRGYFVDNADEREESTLFPSWNSWDHRIQAQGP-NERGPYFNRNFWDQ-TTNLHKAPASL--PDYKESQPYS-SNSPAGLQKNPTWHDSENL-NYGMQITRLNSPEGDHLAFPDLIPQSYPA-DQEEANLFHLSQRGPCCAGGPTG-PKDNP-LALQDYTPS--FGLAPGENQDTSPLYTEGS-HT--KHARHIISPTSILPDPRNSSEK-TLPGESQNPSPFRDDVSTLRRNAPC-
>Macaca
GPTVRHYE-GEQYTSNQPKEYPPYSLDN-PSKPREDF-YYSEFYPW-NPDENFPSYSTAPT-MSP-PTESRGYYVNNAVRPEESNLFPSWNSWDHRIQAHGQ-KERRPYFNRNIWDQ-ATHLQKAPARP--PDQKGNQPYS-SNTPVGLQKNPMWHEGEDL-NYGMQMTRMNSPEREYSSFPDFIPQSYPS-GQKEAHLFHLSQRGSCCTGSSTG-PKDNP-LALQDYTPS--YGLAPGENQDTSPLYTEGS-HS--KHTRHIISPTSTLPGQRNSSEK-M---ENEN--PFRDDVSTLRRNTPC-
>Mus
NPTVRQYE-GEHYASTLAKEYLPYSLSN-PPKPSEDFPY-SEFYPW-NPQETFPIYNPGPT-IAP-PVDPRSYYVNNAIGQEESTLFPSWTSWDHRNQAERQ-KESEPYFNRNVWDQ-SINLHK--SN-I-P----NHPYST-TSPARFPKDPTWFEGENL-NYDLQITSLSPPEREQLAFPDFLPQSYPT-GQNEAHLFHQSQRGSCCIGGSTG-HKDN-VLALQDYTSS--YGLPPRKNQETSPVHTESS-Y--IKYARPNVSPASILPSQRNISEN-KLTAESPNPSPFGDGVPTVRKNTPY-
>Otolemur
GPTTRHYE-GERYTSNQPKEYLPYSLDN-PPKPREDFPY-SELYPW-SPDENFPPYNTAPTG-SP-PIESRGYYANSAAGQEEGTLFPSWNSWDHRIQAQGQ-KERGPYFSRNFWDR-AVNLDKAPASP--PDQKEKHPYS-NNSPAGLQKNPVWREGDSW-NYGMQITRLNSPERKQVAFPDLIPQSYPS-HQKEAHLVHLHHRGPCCAGGPTG-PKDDP-LALQDYTPS--YGLAPGEKQDASPLYTEGS-HA--KHARHVISPAGVLPDQRNSSEK-R---ESQSPSPVRDDVSILRRNTPC-
>Procavia
SPQIRQYE-GQRYASNQPKEYLHYSLDN-PSKPREDFPY-GEFYPW-GPDENFPSYNTAPT-LPP-PVEGRGYYINNAVEREVGPLFPSWNSWDHRIQAQGP-EEKGPYFSRNFWDQ-TTNLHKAPA--VLPDHNEIQPYSS-NSPVGLQKNPTWRDSENL-NYGMQITRLNSPEGERLAFPDLIPPSY-SIDQKETNLFHPRQRGPCCAGGSTG-PKDNL-LALQDYTPS--LGLAPGENQDTSPLYTESS-HT--KHARHSISPTSILPDQRNSSEK-RMPGESQNSSPFRDDVSTLRRNTPC-
>Pseudo_Choloepus
DPNARHCE-GQQYTPNQLKEY!HHFLDN-PSKPREDILY-GEFYP*-CPDENFPSYNTAPT-IRP-FVESRGYYVNNAVGEEESILFPSWKAWDDRTQTHG-*KERWPYLNRNFWDEV-TNLHKTPAN--SPDLKDNQHYS-SNSPAGLQNNP!WHEGEN-*NYGMQIDRLNSTEGEHLAFPDLIPQSYLT-GQKEANLFHLSPRGPCS-G-ATG-TKDNP-LALQEYIP!--F--VPGENQDISPLCI!-SIYT--KHARHIISSTGILLGQRNSSKK-RPPGESRNPSP!RDDVSTLRRNTPY-
>Pseudo_Cyclopes
DPTA!HHAI-QQYTPNQLKEYFHHSLDN-S!RPREDIPY-GEFYP-*GLDENFPSCNAAPT-V---PVESRG!YIKNVV!QKENILFPSWLALDNRIPAHEQ-KERRP*FNRNLWDEV-TNLQKAPANP--SDWEDNQHYS-SNSPTGLQKNP!WYEGEKL-NYSMQIARLNSPEGEHLAFPDLIPQSYP-MG*KEANLFHLSQRGPYC--VAAG-PKDNP-LAL*EYIPS--FGLIPGENQGAS!LYIKGI-!S--KHARCVIS!-SILAHQ-K-TEKKRLPGESQNPNPFRNDVSTLRRNTPC-
>Pseudo_Dasypus
DPTIRHYE-GKQYTPNQPKEYLHHSLDN-PSKPREDFPY-GEFYPW-GPDDNFPSYNTAST-VPP-PVESRGYYVNNAVGQEESTLFPSWNTWYNRIQAHGQ-KEGRPYVKENFWDEVP-NLQKAPA--ISPDWKENQHYF-SNYTNRLQKNPKWHEDGNL-NYGMQITRLNSPEGKHLAFPELIPQNYPT-GQDEANLFHLSQRSSCCA-V-TR-PKDNP-LALQEYTPS--FSLVPGENKDTSPLNTEGT-HT--KHARHIISLVSTLSSQTNSSEK-RLPGESQNPSPFRDYVSTLRRNTPC-
>Pseudo_Manis
GPTVR!YE-GEQYTSNQPKEYLPYSLNN-PSKPREYFPY-GGFYPW-NPDEKFPSYNIAPT-VTP-HMESRGSYADNAVGQEESTLIPFLNSWDHRIQAQGQ-KERRLYLNRNF*DQ-PTYLHKDPASP--PHQKENQPYF-SNSQAELQKNPTWHEGNNLSN-GIQITRLNSPEGEHLTVQDLIPPSYP-VGQKEAHLSHLSYRGHCYAGGST-LPNDNP-LASQDYTSS--FALAPGENQDTRPLYTEDT-QT--KNARHTI!PQSILPGQRNSSEK-RLPRESQNPSLFGDDVSTLRRSTP-!
>Pseudo_Myrmecophaga
DPIARHH-VGQQYTPNQPKEYFHHSLDNL-!RPREDFPY-GEFYP!---DENFPSYNTAPS--ASLPVENRGCFVNNAI!QKESTLF!-WLALDNRIHAPGQ-KERGL!FNRNFWDEI!-NLQK!PANP--SDWKDNQHYS-SNSPAGLQKNP!WYEGENL-NYSIQITR!NSPEGEHLAFPDLIPQSYP-IGEKEANLFHLSQRGPYC--VTTG-PKDNQ-LVLQEHIPS--FGVVPGENQDTSPLY---!-HT*TKHARHITS!-SILPDQRNSSEK-RLPGE!QNPSPFRNAVSTLRWNVP!-
>Pseudo_Priodontes
DP-VRHYE-GQQYTPSQPKEYLYHSLDN-PSKPREDFPY-GEFYP*-GPDENFPSYKTVSI-VPP-PVESRDYYVNNADGQEESTLFPSWNTWDNRIQAYGQ-KEGRPYIKEKFWDEI-TNLYKAPASP--PDWKENQYYF-SNFPNGLQKNPIWHEGENL-NYGMQITRLNSPEGEHLAFPELIPQNYPT-CQKEANLFHLSQRSSCCA--ATR-PKDNP-LALQEYTQS-L-SLVPGKNQDTSPLITEST-HT--KHARHILTLGSFLPDQRNSSEK-RLPEESQNPSPFRDDVS---------
