Reading sequences...
Unknown nuc 'N' in sequence: >AUSG47710|Austrostipa juncifolia|matK|JF769110
Position: 19
Sequence removed
Unknown nuc 'N' in sequence: >AUSG51010|Austrostipa elegantissima|matK|JF769103
Position: 8
Sequence removed
28 sequences were obtained
Input parameters:
NT substitution matrix	NUC-45
AA substitution matrix	BLOSUM62
Gap open cost		-7
Gap extension cost	-1
Gap frame cost		-30
Stop codon cost		-100
Building UPGMA matrix done! 2.17
add sequence #4 0.93
add sequence #11 0.99
add sequence #21 1.28
add sequence #13 1.4
add sequence #6 1.17
add sequence #2 1.18
add sequence #3 1.18
add sequence #5 1.42
add sequence #18 1.75
add sequence #19 1.82
add sequence #20 1.87
add sequence #23 1.9
add sequence #27 2
add sequence #26 2.02
add sequence #7 2.07
add sequence #14 2.15
add sequence #15 1.85
add sequence #17 1.91
add sequence #12 1.84
add sequence #9 1.95
add sequence #1 1.86
add sequence #22 1.84
add sequence #24 2.05
add sequence #0 2
add sequence #10 2.04
add sequence #25 1.89
add sequence #16 1.9

>AUSG51910|Austrostipa exilis|matK|JF769104
------------------------------------------------TTTATTGCGATTCTTTCTCAA------CTACTATTCGAATTG--GAATACTCTTATTACTTCAATGAAATCGATTTTTATTTTGAAAAAAGAAAATAAAAGACTATTTCAATTCCTATACAACTCTTATGTATCAGAATATGAATTTTTCTTGTTGCTTCTTCGTAAACAATCTTCTTGGTTATCATTAACATCTTCTGGAACCTTTCTAGAACGAATCCACTTTTCTAGGAAGATGGAACATTTTGGGATAATGTACCCAGGTTTTTTTCGGAAAACAGTATGGTTCTTTATGGATCCTCTTATGCATTATGTTCGATATCAAGGAAAGGCAATTCTTGCATCAAAAGGAACTCTTTTTTTGAAGAAGAAATGGAAATGTTACCTTGTCAATTTCTGGCAATATTCTTTCTCTTTTTGGACTCAACCGCGAAGGATCCATCTAAACCAATTAGCAAACTCTTGCTTCGATTTTCTGGGGTACCTTTCAAGTGTACCAAAAAGTCCTTTGTTAGTAAGGAATCAAATGCTGGAGAATTCTTTTCTAATAGATACTCAAATGAAAAAATTTGATACCACAGTCCCCGTTACTCCCCTCATTGGATCCTTATCAAAAGCTCAATTTTGTACTGGATCGGGGCATCCCATTAGTAAACCCATTTGGACCGATTTATCAGATTGGGATATTC-T---------------------------------------------------------------------------------------
>AUSG47510|Austrostipa geoffrey|matK|JF769107
--------------------------------------------------------------------------ACTA---TTCGAATTG--GAATACTCTTATTACTTCAATGAAATCGATTTTTCTTTTGAAAAAAGAAAATAAAAGACTATTTCAATTCCTATACAACTCTTATGTATCAGAATATGAATTTTTCTTGTTGCTTCTTCGTAAACAATCTTCTTGGTTATCATTAACATCTTCTGGAACCTTTCTAGAACGAATCCACTTTTCTAGGAAGATGGAACATTTTGGGATAATGTACCCAGGTTTTTTTCGGAAAACAGTATGGTTCTTTATGGATCCTCTTATGCATTATGTTCGATATCAAGGAAAGGCAATTCTTGCATCAAAAGGAACTCTTTTTTTGAAGAAGAAATGGAAATGTTACCTTGTCAATTTCTGGCAATATTCTTTCTCTTTTTGGACTCAACCGCGAAGGATCCATCTAAACCAATTAGCAAACTCTTGCTTCGATTTTCTGGGGTACCTTTCAAGTGTACCAAAAAGTCCTTTGTTAGTAAGGAATCAAATGCTGGAGAATTCTTTTCTAATAGATACTCAAATGAAAAAATTTGATACCACAGTCCCCGTTACTCCCCTCATTGGATCCTTATCAAAAGCTCAATTTTGTACTGGATCGGGGCATCCCATTAGTAAACCCATTTGGACCGATTTATCAGATTGGGATATTCTTGATCGATTTGGTCGGATATGTAGAAATCTT---------------------------------------------------------
>AUSG56010|Austrostipa oligostachya|matK|JF769120
------------------------------TTT--AT-T---G---CG---------ATTCTTTCTCAACT---ACTA---TTCGAATTG--GAATACTCTTATTACTTCAATGAAATCGATTTTTCTTTTGAAAAAAGAAAATAAAAGACTATTTCAATTCCTATACAACTCTTATGTATCAGAATATGAATTTTTCTTGTTGCTTCTTCGTAAACAATCTTCTTGGTTATCATTAACATCTTCTGGAACCTTTCTAGAACGAATCCACTTTTCTAGGAAGATGGAACATTTTGGGATAATGTACCCAGGTTTTTTTCGGAAAACAGTATGGTTCTTTATGGATCCTCTTATGCATTATGTTCGATATCAAGGAAAGGCAATTCTTGCATCAAAAGGAACTCTTTTTTTGAAGAAGAAATGGAAATGTTACCTTGTCAATTTCTGGCAATATTCTTTCTCTTTTTGGACTCAACCGCGAAGGATCCATCTAAACCAATTAGCAAACTCTTGCTTCGATTTTCTGGGGTACCTTTCAAGTGTACCAAAAAGTCCTTTGTTAGTAAGGAATCAAATGCTGGAGAATTCTTTTCTAATAGATACTCAAATGAAAAAATTTGATACCACAGTCCCCGTTACTCCCCTCATTGGATCCTTATCAAAAGCTCAATTTTGTACTGGATCGGGGCATCCCATTAGTAAACCCATTTGGACCGATTTATCAGATTGGGATATTCTTGATCGATTTGGTCGGATATGTAGAAATCTTTTTCATTACCATAGTGGATCTTCGAAAAAACGGACTTTGTATCGGCTAAAGTAT---
>AUSG56710|Austrostipa puberula|matK|JF769122
-------------------TCTTTG---CATTT--AT-T---G---CG---------ATTCTTTCTCAACT---ACTA---TTCGAATTG--GAATACTCTTATTACTTCAATGAAATCGATTTTTCTTTTGAAAAAAGAAAATAAAAGACTATTTCAATTCCTATACAACTCTTATGTATCAGAATATGAATTTTTCTTGTTGCTTCTTCGTAAACAATCTTCTTGGTTATCATTAACATCTTCTGGAACCTTTCTAGAACGAATCCACTTTTCTAGGAAGATGGAACATTTTGGGATAATGTACCCAGGTTTTTTTCGGAAAACAGTATGGTTCTTTATGGATCCTCTTATGCATTATGTTCGATATCAAGGAAAGGCAATTCTTGCATCAAAAGGAACTCTTTTTTTGAAGAAGAAATGGAAATGTTACCTTGTCAATTTCTGGCAATATTCTTTCTCTTTTTGGACTCAACCGCGAAGGATCCATCTAAACCAATTAGCAAACTCTTGCTTCGATTTTCTGGGGTACCTTTCAAGTGTACCAAAAAGTCCTTTGTTAGTAAGGAATCAAATGCTGGAGAATTCTTTTCTAATAGATACTCAAATGAAAAAATTTGATACCACAGTCCCCGTTACTCCCCTCATTGGATCCTTATCAAAAGCTCAATTTTGTACTGGATCGGGGCATCCCATTAGTAAACCTATTTGGACCGATTTATCAGATTGGGATATTCTTGATCGATTTGGTCGGATATGTAGAAATCTTTTTCATTACCATAGTGGATCTTCGAAAAAACGGACTTTGTATCGGCTAAAGTAT---
>AUSG48910|Austrostipa aristiglumis|matK|JF769096
-----GTTCC--A------TCTTTGCA---TTT--AT-T---G---CG---------ATTCTTTCTCAACT---ACTA---TTCGAATTG--GAATACTCTTATTACTTCAATGAAATCGATTTTTCTTTTGAAAAAAGAAAATAAAAGACTATTTCAATTCCTATACAACTCTTATGTATCAGAATATGAATTTTTCTTGTTGCTTCTTCGTAAACAATCTTCTTGGTTATCATTAACATCTTCTGGAACCTTTCTAGAACGAATCCACTTTTCTAGGAAGATGGAACATTTTGGGATAATGTACCCAGGTTTTTTTCGGAAAACAGTATGGTTCTTTATGGATCCTCTTATGCATTATGTTCGATATCAAGGAAAGGCAATTCTTGCATCAAAAGGAACTCTTTTTTTGAAGAAGAAATGGAAATGTTACCTTGTCAATTTCTGGCAATATTCTTTCTCTTTTTGGACTCAACCGCGAAGGATCCATCTAAACCAATTAGCAAACTCTTGCTTCGATTTTCTGGGGTACCTTTCAAGTGTACCAAAAAGTCCTTTGTTAGTAAGGAATCAAATGCTGGAGAATTCTTTTCTAATAGATACTCAAATGAAAAAATTTGATACCACAGTCCCCGTTACTCCCCTCATTGGATCCTTATCAAAAGCTCAATTTTGTACTGGATCGGGGCATCCCATTAGTAAACCCATTTGGACCGATTTATCAGATTGGGATATTCTTGATCGATTTGGTCGGATATGTAGAAATCTTTTTCATTACCATAGTGGATCTTCGAAAAAACGGACTTTGTATCGGCTAAAGTAT---
>AUSG55610|Austrostipa nullanulla|matK|JF769119
------------A------TCTTTGCAT---TT--AG-T---G---CG---------ATTCTTTCTCAACT---ACTA---TTCGAATTG--GAATACTCTTATTACTTCAATGAAATCGATTTTTCTTTTGAAAAAAGAAAATAAAAGACTATTTCAATTCCTATACAACTCTTATGTATCAGAATATGAATTTTTCTTGTTGCTTCTTCGTAAACAATCTTCTTGGTTATCATTAACATCTTCTGGAACCTTTCTAGAACGAATCCACTTTTCTAGGAAGATGGAACATTTTGGGATAATGTACCCAGGTTTTTTTCGGAAAACAGTATGGTTCTTTATGGATCCTCTTATGCATTATGTTCGATATCAAGGAAAGGCAATTCTTGCATCAAAAGGAACTCTTTTTTTGAAGAAGAAATGGAAATGTTACCTTGTCAATTTCTGGCAATATTCTTTCTCTTTTTGGACTCAACCGCGAAGGATCCATCTAAACCAATTAGCAAACTCTTGCTTCGATTTTCTGGGGTACCTTTCAAGTGTACCAAAAAGTCCTTTGTTAGTAAGGAATCAAATGCTGGAGAATTCTTTTCTAATAGATACTCAAATGAAAAAATTTGATACCACAGTCCCCGTTACTCCCCTCATTGGATCCTTATCAAAAGCTCAATTTTGTACTGGATCGGGGCATCCCATTAGTAAACCCATTTGGACCGATTTATCAGATTGGGATATTCTTGATCGATTTGGTCGGATATGTAGAAATCTTTTTCATTACCATAGTGGATCTTCGAAAAAACGGACTTTGTATCGGCTAAAG---TA-
>AUSG49310|Austrostipa blackii|matK|JF769097
-----GTTCC--A------TCTTTGCA---TTT--AT-T---G---CG---------ATTCTTTCTCAACT---ACTA---TTCGAATTG--GAATACTCTTATTACTTCAATGAAATCGATTTTTCTTTTGAAAAAAGAAAATAAAAGACTATTTCAATTCCTATACAACTCTTATGTATCAGAATATGAATTTTTCTTGTTGCTTCTTCGTAAACAATCTTCTTGGTTATCATTAACATCTTCTGGAACCTTTCTAGAACGAATCCACTTTTCTAGGAAGATGGAACATTTTGGGATAATGTACCCAGGTTTTTTTCGGAAAACAGTATGGTTCTTTATGGATCCTCTTATGCATTATGTTCGATATCAAGGAAAGGCAATTCTTGCATCAAAAGGAACTCTTTTTTTGAAGAAGAAATGGAAATGTTACCTTGTCAATTTCTGGCAATATTCTTTCTCTTTTTGGACTCAACCGCGAAGGATCCATCTAAACCAATTAGCAAACTCTTGCTTCGATTTTCTGGGGTACCTTTCAAGTGTACCAAAAAGTCCTTTGTTAGTAAGGAATCAAATGCTGGAGAATTCTTTTCTAATAGATACTCAAATGAAAAAATTTGATACCACAGTCCCCGTTACTCCCCTCATTGGATCCTTATCAAAAGCTCAATTTTGTACTGGATCGGGGCATCCCATTAGTAAACCTATTTGGACCGATTTATCAGATTGGGATATTCTTGATCGATTTGGTCGGATATGTAGAAATCTTTTTCATTACCATAGTGGATCTTCGAAAAAACGGACTTTGTATCGGCTAAAGTAT---
>AUSG55410|Austrostipa nodosa|matK|JF769118
---------------------TTTGCA---TTT--AT-T---G---CG---------ATTCTTTCTCAACT---ACTA---TTCGAATTG--GAATACTCTTATTACTTCAATGAAATCGATTTTTCTTTTGAAAAAAGAAAATAAAAGACTATTTCGATTCCTATACAACTCTTATGTATCAGAATATGAATTTTTCTTGTTGCTTCTTCGTAAACAATCTTCTTGGTTATCATTAACATCTTCTGGAACCTTTCTAGAACGAATCCACTTTTCTAGGAAGATGGAACATTTTGGGATAATGTACCCAGGTTTTTTTCGGAAAACAGTATGGTTCTTTATGGATCCTCTTATGCATTATGTTCGATATCAAGGAAAGGCAATTCTTGCATCAAAAGGAACTCTTTTTTTGAAGAAGAAATGGAAATGTTACCTTGTCAATTTCTGGCAATATTCTTTCTCTTTTTGGACTCAACCGCGAAGGATCCATCTAAACCAATTAGCAAACTCTTGCTTCGATTTTCTGGGGTACCTTTCAAGTGTACCAAAAAGTCCTTTGTTAGTAAGGAATCAAATGCTGGAGAATTCTTTTCTAATAGATACTCAAATGAAAAAATTTGATACCACAGTCCCCGCTACTCCCCTCATTGGATCCTTATCAAAAGCTCAATTTTGTACTGGATCGGGGCATCCCATTAGTAAACCCATTTGGACCGATTTATCAGATTGGGATATTCTTGATCGATTTGGTCGGATATGTAGAAATCTTTTTCATTACCATAGTGGATCTTCGAAAAAACGGACTTTGTATCGGCTAAAGTAT---
>AUSG56210|Austrostipa platychaeta|matK|JF769121
-----GTTCC--A------TCTTTGCA---TTT--AT-T---G---CG---------ATTCTTTCTCAACT---ACTA---TTCGAATTG--GAATACTCTTATTACTTCAATGAAATCGATTTTTCTTTTGAAAAAAGAAAATAAAAGACTATTTCAATTCCTATACAACTCTTATGTATCAGAATATGAATTTTTCTTGTTGCTTCTTCGTAAACAATCTTCTTGGTTATCATTAACATCTTCTGGAACCTTTCTAGAACGAATCCACTTTTCTAGGAAGATGGAACATTTTGGGATAATGTACCCAGGTTTTTTTCGGAAAACAGTATGGTTCTTTATGGATCCTCTTATGCATTATGTTCGATATCAAGGAAAGGCAATTCTTGCATCAAAAGGAACTCTTTTTTTGAAGAAGAAATGGAAATGTTACCTTGTCAATTTCTGGCAATATTCTTTCTCTTTTTGGACTCAACCGCGAAGGATCCATCTAAACCAATTAGCAAACTCTTGCTTCGATTTTCTGGGGTACCTTTCAAGTGTACCAAAAAGTCCTTTGTTAGTAAGGAATCAAATGCTGGAGAATTCTTTTCTAATAGATACTCAAATGAAAAAATTTGATACCACAGTCCCCGTTACTCCCCTCATTGGATCCTTATCAAAAGCTCAATTTTGTACTGGATCGGGGCATCCCATTAGTAAACCCATTTGGACCGATTTATCAGATTGGGATATTCTTGATCGATTTGGTCGGATATGTAGAAATCTTTTTCATTACCATAGTGGATCTTCGAAAAAACGGACTTTGTATCGGCTAAAGTAT---
>AUSG52310|Austrostipa flavescens|matK|JF769106
-------------GTTCCATCTTTGCAT---------TTA---TTGCG---------ATTCTTTCTCAACT---ACTA---TTCGAATTG--GAATACTCTTATTACTTCAATGAAATCGATTTTTATTTTGAAAAAAGAAAATAAAAGACTATTTCAATTCCTATACAACTCTTATGTATCAGAATATGAATTTTTCTTGTTGCTTCTTCGTAAACAATCTTCTTGGTTATCATTAACATCTTCTGGAACCTTTCTAGAACGAATCCACTTTTCTAGGAAGATGGAACATTTTGGGATAATGTACCCAGGTTTTTTTCGGAAAACAGTATGGTTCTTTATGGATCCTCTTATGCATTATGTTCGATATCAAGGAAAGGCAATTCTTGCATCAAAAGGAACTCTTTTTTTGAAGAAGAAATGGAAATGTTACCTTGTCAATTTCTGGCAATATTCTTTCTCTTTTTGGACTCAACCGCGAAGGATCCATCTAAACCAATTAGCAAACTCTTGCTTCGATTTTCTGGGGTACCTTTCAAGTGTACCAAAAAGTCCTTTGTTAGTAAGGAATCAAATGCTGGAGAATTCTTTTCTAATAGATACTCAAATGAAAAAATTTGATACCACAGTCCCCGTTACTCCCCTCATTGGATCCTTATCAAAAGCTCAATTTTGTACTGGATCGGGGCATCCCATTAGTAAACCCATTTGGACCGATTTATCAGATTGGGATATTCTTGATCGATTTGGTCGGATATGTAGAAATCTTTTTCATTACCATAGT------------------------------------------
>AUSG49510|Austrostipa centralis|matK|JF769099
---------------------CTTGCA---------------------TTTATTGCGATTCTTTCTCAA------CTACTATTCGAATTG--GAATACTCTTATTACTTCAATGAAATCGATTTTTCTTTTGAAAAAAGAAAATAAAAGACTATTTCAATTCCTATACAACTCTTATGTATCAGAATATGAATTTTTCTTGTTGCTTCTTCGTAAACAATCTTCTTGGTTATCATTAACATCTTCTGGAACCTTTCTAGAACGAATCCACTTTTCTAGGAAGATGGAACATTTTGGGATAATGTACCCAGGTTTTTTTCGGAAAATAGTATGGTTCTTTATGGATCCTCTTATGCATTATGTTCGATATCAAGGAAAGGCAATTCTTGCATCAAAAGGAACTCCTTTTTTGAAGAAGAAATGGAAATGTTACCTTGTCAATTTCTGGCAATATTCTTTCTCTTTTTGGACTCAACCGCGAAGGATCCATCTAAACCAATTAGCAAACTCTTGCTTCGATTTTCTGGGGTACCTTTCAAGTGTACCAAAAAGTTCTTTGTTAGTAAGGAATCAAATGCTGGAGAATTCTTTTCTAATAGATACTCAAATGAAAAAATTTGATACTACAGTCCCCGTTACTCCCCTCATTGGATCCTTATCAAAAGCTCAATTTTGTACTGGATCGGGGCATCCCATTAGTAAACCCATTTGGACCGATTTATCAGATTGG------------------------------------------------------------------------------------------------
>AUSG48310|Austrostipa acrociliata|matK|JF769093
-----GTTCC--A------TCTTTGCA---TTT--AT-T---G---CG---------ATTCTTTCTCAACT---ACTA---TTCGAATTG--GAATACTCTTATTACTTCAATGAAATCGATTTTTCTTTTGAAAAAAGAAAATAAAAGACTATTTCAATTCCTATACAACTCTTATGTATCAGAATATGAATTTTTCTTGTTGCTTCTTCGTAAACAATCTTCTTGGTTATCATTAACATCTTCTGGAACCTTTCTAGAACGAATCCACTTTTCTAGGAAGATGGAACATTTTGGGATAATGTACCCAGGTTTTTTTCGGAAAACAGTATGGTTCTTTATGGATCCTCTTATGCATTATGTTCGATATCAAGGAAAGGCAATTCTTGCATCAAAAGGAACTCTTTTTTTGAAGAAGAAATGGAAATGTTACCTTGTCAATTTCTGGCAATATTCTTTCTCTTTTTGGACTCAACCGCGAAGGATCCATCTAAACCAATTAGCAAACTCTTGCTTCGATTTTCTGGGGTACCTTTCAAGTGTACCAAAAAGTCCTTTGTTAGTAAGGAATCAAATGCTGGAGAATTCTTTTCTAATAGATACTCAAATGAAAAAATTTGATACCACAGTCCCCGTTACTCCCCTCATTGGATCCTTATCAAAAGCTCAATTTTGTACTGGATCGGGGCATCCCATTAGTAAACCCATTTGGACCGATTTATCAGATTGGGATATTCTTGATCGATTTGGTCGGATATGTAGAAATCTTTTTCATTACCATAGTGGATCTTCGAAAAAACGGACTTTGTATCGGCTAAAGTAT---
>AUSG52510|Austrostipa gibbosa|matK|JF769108
-------------------------------------------------------------------------------------AATTG--GAATACTCTTATTACTTCAATGAAATCGATTTTTCTTTTGAAAAAAGAAAATAAAAGACTATTTCAATTCCTATACAACTCTTATGTATCAGAATATGAATTTTTCTTGTTGCTTCTTCGTAAACAATCTTCTTGGTTATCATTAACATCTTCTGGAACCTTTCTAGAACGAATCCACTTTTCTAGGAAGATGGAACATTTTGGGATAATGTACCCAGGTTTTTTTCGGAAAACAGTATGGTTCTTTATGGATCCTCTTATGCATTATGTTCGATATCAAGGAAAGGCAATTCTTGCATCAAAAGGAACTCTTTTTTTGAAGAAGAAATGGAAATGTTACCTTGTCAATTTCTGGCAATATTCTTTCTCTTTTTGGACTCAACCGCGAAGGATCCATCTAAACCAATTAGCAAACTCTTGCTTCGATTTTCTGGGGTACCTTTCAAGTGTACCAAAAAGTCCTTTGTTAGTAAGGAATCAAATGCTGGAGAATTCTTTTCTAATAGATACTCAAATGAAAAAATTTGATACCACAGTCCCCGTTACTCCCCTCATTGGATCCTTATCAAAAGCTCAATTTTGTACTGGATCGGGGCATCCCATTAGTAAACCCATTTGGACCGATTTATCAGATTGGGATATTCTTGATCGATTTGGTCGGATATGTAGAAATCTTTTTCATTACCATAGTGGATCTTCGAAAAAAC-G------------------------
>AUSG48610|Austrostipa aquarii|matK|JF769095
-----GTTCC--A------TCTTTGCA---TTT--AT-T---G---CG---------ATTCTTTCTCAACT---ACTA---TTCGAATTG--GAATACTCTTATTACTTCAATGAAATCGATTTTTCTTTTGAAAAAAGAAAATAAAAGACTATTTCAATTCCTATACAACTCTTATGTATCAGAATATGAATTTTTCTTGTTGCTTCTTCGTAAACAATCTTCTTGGTTATCATTAACATCTTCTGGAACCTTTCTAGAACGAATCCACTTTTCTAGGAAGATGGAACATTTTGGGATAATGTACCCAGGTTTTTTTCGGAAAACAGTATGGTTCTTTATGGATCCTCTTATGCATTATGTTCGATATCAAGGAAAGGCAATTCTTGCATCAAAAGGAACTCTTTTTTTGAAGAAGAAATGGAAATGTTACCTTGTCAATTTATGGCAATATTCTTTCTCTTTTTGGACTCAACCGCGAAGGATCCATCTAAACCAATTAGCAAACTCTTGCTTCGATTTTCTGGGGTACCTTTCAAGTGTACCAAAAAGTCCTTTGTTAGTAAGGAATCAAATGCTGGAGAATTCTTTTCTAATAGATACTCAAATGAAAAAATTTGATACCACAGTCCCCGTTACTCCCCTCATTGGATCCTTATCAAAAGCTCAATTTTGTACTGGATCGGGGCATCCCATTAGTAAACCCATTTGGACCGATTTATCAGATTGGGATATTCTTGATCGATTTGGTCGGATATGTAGAAATCTTTTTCATTACCATAGTGGATCTTCGAAAAAACGGACTTTGTATCGGCTAAAGTAT---
>AUSG54410|Austrostipa nitida|matK|JF769116
------------------------------------------G---CG---------ATTCTTTCTCAACT---ACTA---TTCGAATTG--GAATACTCTTATTACTTCAATGAAATCGATTTTTCTTTTGAAAAAAGAAAATAAAAGACTATTTCAATTCCTATACAACTCTTATGTATCAGAATATGAATTTTTCTTGTTGCTTCTTCGTAAACAATCTTCTTGGTTATCATTAACATCTTCTGGAACCTTTCTAGAACGAATCCACTTTTCTAGGAAGATGGAACATTTTGGGATAATGTACCCAGGTTTTTTTCGGAAAACAGTATGGTTCTTTATGGATCCTCTTATGCATTATGTTCGATATCAAGGAAAGGCAATTCTTGCATCAAAAGGAACTCTTTTTTTGAAGAAGAAATGGAAATGTTACCTTGTCAATTTCTGGCAATATTCTTTCTCTTTTTGGACTCAACCGCGAAGGATCCATCTAAACCAATTAGCAAACTCTTGCTTCGATTTTCTGGGGTACCTTTCAAGTGTACCAAAAAGTCCTTTGTTAGTAAGGAATCAAATGCTGGAGAATTCTTTTCTAATAGATACTCAAATGAAAAAATTTGATACCACAGTCCCCGTTACTCCCCTCATTGGATCCTTATCAAAAGCTCAATTTTGTACTGGATCGGGGCATCCCATTAGTAAACCTATTTGGACCGATTTATCAGATTGGGATATTCTTGATCGATTTGGTCGGATATGTAGAAATCTTTTTCATTACCATAGTGGATCTTCGAAAAAACGGACTTTGTATCGGCTAAAGTAT---
>AUSG50610|Austrostipa drummondii|matK|JF769102
-------------------------------------------TTGCG---------ATTCTTTCTCAACT---ACTA---TTCGAATTG--GAATACTCTTATTACTTCAATGAAATCGATTTTTCTTTTGAAAAAAGAAAATAAAAGACTATTTCGATTCCTATACAACTCTTATGTATCAGAATATGAATTTTTCTTGTTGCTTCTTCGTAAACAATCTTCTTGGTTATCATTAACATCTTCTGGAACCTTTCTAGAACGAATCCACTTTTCTAGGAAGATGGAACATTTTGGGATAATGTACCCAGGTTTTTTTCGGAAAACAGTATGGTTCTTTATGGATCCTCTTATGCATTATGTTCGATATCAAGGAAAGGCAATTCTTGCATCAAAAGGAACTCTTTTTTTGAAGAAGAAATGGAAATGTTACCTTGTCAATTTCTGGCAATATTCTTTCTCTTTTTGGACTCAACCGCGAAGGATCCATCTAAACCAATTAGCAAACTCTTGCTTCGATTTTCTGGGGTACCTTTCAAGTGTACCAAAAAGTCCTTTGTTAGTAAGGAATCAAATGCTGGAGAATTCTTTTCTAATAGATACTCAAATGAAAAAATTTGATACCACAGTCCCCGCTACTCCCCTCATTGGATCCTTATCAAAAGCTCAATTTTGTACTGGATCGGGGCATCCCATTAGTAAACCCATTTGGACCGATTTATCAGATTGGGATATTCTTGATCGATTTGGTCGGATATGTAGAAATCTTTTTCATTACCATAGTGGATCTTCGAAAAAACGGACTTTGTATCGGCTAAAGTAT---
>AUSG47610|Austrostipa breviglumis|matK|JF769098
---------------TCCATCTTTGCA---------------------TTTATTGCGATTCTTTCTCAA------CTACTATTCGAATTG--GAATACTCTTATTACTTCAATGAAATCGATTTTTCTTTTGAAAAAAGAAAATAAAAGACTATTTCAATTCCTATACAACTCTTATGTATCAGAATATGAATTTTTCTTGTTGCTTCTTCGTAAACAATCTTCTTGGTTATCATTAACATCTTCTGGAACCTTTCTAGAACGAATCCACTTTTCTAGGAAGATGGCACATTTTGGGATAATGTACCCAGGTTTTTTTCGGAAAACAGTATGGTTCTTTATGGATCCTCTTATGCATTATGTTCGATATCAAGGAAAGGCAATTCTTGCATCAAAAGGAACTCTTTTTTTGAAGAAGAAATGGAAATGTTACCTTGTCAATTTCTGGCAATATTCTTTCTCTTTTTGGGCTCAACCGCGAAGGATCCATCTAAACCAATTAGCAAACTCTTGCTTCGATTTTCTGGGGTACCTTTCAAGTGTACCAAAAAGTCCTTTGTTAGTAAGGAATCAAATGCTGGAGAATTCTTTTCTAATAGATACTCAAATGAAAAAATTTGATACCACAGTCCCCGTTACTCCCCTC------------------------------------------------------------ATT--G------------------------------------------------------------------------------------------------------------------
>AUSG52010|Austrostipa feresetacea|matK|JF769105
TA------------TTG-----------------------------CG---------ATTCTTTCTCAACT---ACTA---TTCGAATTG--GAATACTCTTATTACTTCAATGAAATCGATTTTTCTTTTGAAAAAAGAAAATAAAAGACTATTTCGATTCCTATACAACTCTTATGTATCAGAATATGAATTTTTCTTGTTGCTTCTTCGTAAACAATCTTCTTGGTTATCATTAACATCTTCTGGAACCTTTCTAGAACGAATCCACTTTTCTAGGAAGATGGAACATTTTGGGATAATGTACCCAGGTTTTTTTCGGAAAACAGTATGGTTCTTTATGGATCCTCTTATGCATTATGTTCGATATCAAGGAAAGGCAATTCTTGCATCAAAAGGAACTCTTTTTTTGAAGAAGAAATGGAAATGTTACCTTGTCAATTTCTGGCAATATTCTTTCTCTTTTTGGACTCAACCGCGAAGGATCCATCTAAACCAATTAGCAAACTCTTGCTTCGATTTTCTGGGGTACCTTTCAAGTGTACCAAAAAGTCCTTTGTTAGTAAGGAATCAAATGCTGGAGAATTCTTTTCTAATAGATACTCAAATCAAAAAATTTGATACCACAGTCCCCGTTACTCCCCTCATTGGATCCTTATCAAAAGCTCAATTTTGTACTGGATCGGGGCATCCCATTAGTAAACCCATTTGGACCGATTTATCAGATTGGGATATTCTTGATCGATTTGGTCGGATATGTAGAAATCTTTTTCATTACCATAGTGGATCTTCGAAAAAACGGACTTTGTATCGGCTAAAGTAT---
>AUSG54910|Austrostipa nivicola|matK|JF769117
--CT------------------TTGCAT---TT--AT-T---G---CG---------ATTCTTTCTCAACT---ACTA---TTCGAATTG--GAATACTCTTATTACTTCAATGAAATCGATTTTTCTTTTGAAAAAAGAAAATAAAAGACTATTTCAATTCCTATACAACTCTTATGTATCAGAATATGAATTTTTCTTGTTGCTTCTTCGTAAACAATCTTCTTGGTTATCATTAACATCTTCTGGAACCTTTCTAGAACGAATCCACTTTTCTAGGAAGATGGAACATTTTGGGATAATGTACCCAGGTTTTTTTCGGAAAACAGTATGGTTCTTTATGGATCCTCTTATGCATTATGTTCGATATCAAGGAAAGGCAATTCTTGCATCAAAAGGAACTCTTTTTTTGAAGAAGAAATGGAAATGTTACCTTGTCAATTTCTGGCAATATTCTTTCTCTTTTTGGACTCAACCGCGAAGGATCCATCTAAACCAATTGGCAAACTCTTGCTTCGATTTTCTGGGGTACCTTTCAAGTGTACCAAAAAGTCCTTTGTTAGTAAGGAATCAAATGCTGGAGAATTCTTTTCTAATAGATACTCAAATGAAAAAATTTGATACCACAGTCCCCGTTACTCCCCTCATTGGATCCTTATCAAAAGCTCAATTTTGTACTGGATCGGGGCATCCCATTAGTAAACCCATTTGGACCGATTTATCAGATTGGGATATTCTTGATCGATTTGGTCGGATATGTAGAAATCTTTTTCATTACCATAGTGGATCTTCGAAAAAACGGACTTTGTATCGGCTAAAGTAT---
>AUSG48010|Austrostipa muelleri|matK|JF769113
-------TCC--A------TCTTTGCAT---TT--AT-T---G---CG---------ATTCTTTCTCAACT---ACTA---TTCGAATTG--GAATACTCTTATTACTTCAATGAAATCGATTTTTCTTTTGAAAAAAGAAAATAAAAGACTATTTCGATTCCTATACAACTCTTATGTATCAGAATATGAATTTTTCTTGTTGCTTCTTCGTAAACAATCTTCTTGGTTATCATTAACATCTTCTGGAACCTTTCTAGAACGAATCCACTTTTCTAGGAAGATGGAACATTTTGGGATAATGTACCCAGGTTTTTTTCGGAAAACAGTATGGTTCTTTATGGATCCTCTTATGCATTATGTTCGATATCAAGGAAAGGCAATTCTTGCATCAAAAGGAACTCTTTTTTTGAAGAAGAAATGGAAATGTTACCTTGTCAATTTCTGGCAATATTCTTTCTCTTTTTGGACTCAACCGCGAAGGATCCATCTAAACCAATTAGCAAACTCTTGCTTCGATTTTCTGGGGTACCTTTCAAGTGTACCAAAAAGTCCTTTGTTAGTAAGGAATCAAATGCTGGAGAATTCTTTTCTAATAGATACTCAAATGAAAAAATTTGATACCACAGTCCCCGCTACTCCCCTCATTGGATCCTTATCAAAAGCTCAATTTTGTACTGGATCGGGGCATCCCATTAGTAAACCCATTTGGACCGATTTATCAGATTGGGATATTCTTGATCGATTTGGTCGGATATGTAGAAATCTTTTTCATTACCATAGTGGATCTTCGAAAAAACGGACTTTGTATCGGCTAAAGTAT---
>AUSG53410|Austrostipa macalpinei|matK|JF769111
----------------CCATCTTTGCAT---TT--AT-T---G---CG---------ATTCTTTCTCAACT---ACTA---TTCGAATTG--GAATACTCTTATTACTTCAATGAAATCGATTTTTCTTTTGAAAAAAGAAAATAAAAGACTATTTCGATTCCTATACAACTCTTATGTATCAGAATATGAATTTTTCTTGTTGCTTCTTCGTAAACAATCTTCTTGGTTATCATTAACATCTTCTGGAACCTTTCTAGAACGAATCCACTTTTCTAGGAAGATGGAACATTTTGGGATAATGTACCCAGGTTTTTTTCGGAAAACAGTATGGTTCTTTATGGATCCTCTTATGCATTATGTTCGATATCAAGGAAAGGCAATTCTTGCATCAAAAGGAACTCTTTTTTTGAAGAAGAAATGGAAATGTTACCTTGTCAATTTCTGGCAATATTCTTTCTCTTTTTGGACTCAACCGCGAAGGATCCATCTAAACCAATTAGCAAACTCTTGCTTCGATTTTCTGGGGTACCTTTCAAGTGTACCAAAAAGTCCTTTGTTAGTAAGGAATCAAATGCTGGAGAATTCTTTTCTAATAGATACTCAAATGAAAAAATTTGATACCACAGTCCCCGCTACTCCCCTCATTGGATCCTTATCAAAAGCTCAATTTTGTACTGGATCGGGGCATCCCATTAGTAAACCCATTTGGACCGATTTATCAGATTGGGATATTCTTGATCGATTTGGTCGGATATGTAGAAATCTTTTTCATTACCATAGTGGATCTTCGAAAAAACGGACTTTGTATCGGCTAAAGTAT---
>AUSG53510|Austrostipa mollis|matK|JF769112
----A--------------TCTTTGCA---TTT--AT-T---G---CG---------ATTCTTTCTCAACT---ACTA---TTCGAATTG--GAATACTCTTATTACTTCAATGAAATCGATTTTTCTTTTGAAAAAAGAAAATAAAAGACTATTTCAATTCCTATACAACTCTTATGTATCAGAATATGAATTTTTCTTGTTGCTTCTTCGTAAACAATCTTCTTGGTTATCATTAACATCTTCTGGAACCTTTCTAGAACGAATCCACTTTTCTAGGAAGATGGAACATTTTGGGATAATGTACCCAGGTTTTTTTCGGAAAACAGTATGGTTCTTTATGGATCCTCTTATGCATTATGTTCGATATCAAGGAAAGGCAATTCTTGCATCAAAAGGAACTCTTTTTTTGAAGAAGAAATGGAAATGTTACCTTGTCAATTTCTGGCAATATTCTTTCTCTTTTTGGACTCAACCGCGAAGGATCCATCTAAACCAATTAGCAAACTCTTGCTTCGATTTTCTGGGGTACCTTTCAAGTGTACCAAAAAGTCCTTTGTTAGTAAGGAATCAAATGCTGGAGAATTCTTTTCTAATAGATACTCAAATGAAAAAATTTGATACCACAGTCCCCGTTACTCCCCTCATTGGATCCTTATCAAAAGCTCAATTTTGTACTGGATCGGGGCATCCCATTAGTAAACCCATTTGGACCGATTTATCAGATTGGGATATTCTTGATCGATTTGGTCGGATATGTAGAAATCTTTTTCATTACCATAGTGGATCTTCGAAAAAACGGACTTTGTATCGGCTAAAGTAT---
>AUSG54110|Austrostipa mundula|matK|JF769115
--------------------------------------------------------------------------------------------GAATACTCTTATTACTTCAATGAAATCGATTTTTCTTTTGAAAAAAGAAAATAAAAGACTATTTCAATTCCTATACAACTCTTATGTATCAGAATATGAATTTTTCTTGTTGCTTCTTCGTAAACAATCTTCTTGGTTATCATTAACATCTTCTGGAACCTTTCTAGAACGAATCCACTTTTCTAGGAAGATGGAACATTTTGGGATAATGTACCCAGGTTTTTTTCGGAAAACAGTATGGTTCTTTATGGATCCTCTTATGCATTATGTTCGATATCAAGGAAAGGCAATTCTTGCATCAAAAGGAACTCTTTTTTTGAAGAAGAAATGGAAATGTTACCTTGTCAATTTCTGGCAATATTCTTTCTCTTTTTGGACTCAACCGCGAAGGATCCATCTAAACCAATTAGCAAACTCTTGCTTCGATTTTCTGGGGTACCTTTCAAGTGTACCAAAAAGTCCTTTGTTAGTAAGGAATCAAATGCTGGAGAATTCTTTTCTAATAGATACTCAAATGAAAAAATTTGATACCACAGTCCCCGTTACTCCCCTCATTGGATCCTTATCAAAAGCTCAATTTTGTACTGGATCGGGGCATCCCATTAGTAAACCTATTTGGACCGATTTATCAGATTGGGATATTCTTGATCGATTTGGTCGGATA---------------------------------------------------------------------
>AUSG52910|Austrostipa hemipogon|matK|JF769109
-------------GTTCCATCTTTGCAT---TT--AT-T---G---CG---------ATTCTTTCTCAACT---ACTA---TTCGAATTG--GAATACTCTTATTACTTCAATGAAATCGATTTTTCTTTTGAAAAAAGAAAATAAAAGACTATTTCAATTCCTATACAACTCTTATGTATCAGAATATGAATTTTTCTTGTTGCTTCTTCGTAAACAATCTTCTTGGTTATCATTAACATCTTCTGGAACCTTTCTAGAACGAATCCACTTTTCTAGGAAGATGGAACATTTTGGGATAATGTACCCAGGTTTTTTTCGGAAAACAGTATGGTTCTTTATGGATCCTCTTATGCATTATGTTCGATATCAAGGAAAGGCAATTCTTGCATCAAAAGGAACTCTTTTTTTGAAGAAGAAATGGAAATGTTACCTTGTCAATTTCTGGCAATATTCTTTCTCTTTTTGGACTCAACCGCGAAGGATCCATCTAAACCAATTAGCAAACTCTTGCTTCGATTTTCTGGGGTACCTTTCAAGTGTACCAAAAAGTCCTTTGTTAGTAAGGAATCAAATGCTGGAGAATTCTTTTCTAATAGATACTCAAATGAAAAAATTTGATACCACAGTCCCCGTTACTCCCCTCATTGGATCCTTATCAAAAGCTCAATTTTGTACTGGATCGGGGCATCCCATTAGTAAACCCATTTGGACCGATTTATCAGATTGGGATATTCTTGATCGATTTGGTCGGATATGTAGAAATCTTTTTCATTACCATAGTGGATCTTCGAAAAAAC--------------------------
>AUSG48510|Austrostipa aphylla|matK|JF769094
------ATC------------TTTGCA---------------------TTTATTGCGATTCTTTCTCAA---CTACTA---TTCGAATTG--GAATACTCTTATTACTTCAATGAAATCGATTTTTCTTTTGAAAAAAGAAAATAAAAGACTATTTCGATTCCTATACAACTCTTATGTATCAGAATATGAATTTTTCTTGTTGCTTCTTCGTAAACAATCTTCTTGGTTATCATTAACATCTTCTGGAACCTTTCTAGAACGAATCCACTTTTCTAGGAAGATGGAACATTTTGGGATAATGTACCCAGGTTTTTTTCGGAAAACAGTATGGTTCTTTATGGATCCTCTTATGCATTATGTTCGATATCAAGGAAAGGCAATTTTTGCATCAAAAGGAACTCTTTTTTTGAAGAAGAAATGGAAATGTTACCTTGTCAATTTCTGGCAATATTCTTTCTCTTTTTGGACTCAACCGCGAAGGATCCATCTAAACCAATTAGCAAACTCTTGCTTCGATTTTCTGGGGTACCTTTCAAGTGTAACAAAAAGTCCTTTGTTAGTAAGGAATCAAATGCTGGAGAATTCTTTTCTAATAGATACTCAAATGAAAAAATTTGATACCACAGTCCCCGCTACTCCCCTCATTGGATCCTTATCAAAAGCTCAATTTTGTACTGGATCGGGGCATCCCATTAGTAAACCCATTTGGACCGATTTATCAGATTGGGATATTCTTGATCGATTTGGTCGGATATGTAGAAATC-T---------------------------------------------------------
>AUSG50410|Austrostipa densiflora|matK|JF769101
---------------------------------------------------------------------------------------------AATACTCTTATTACTTCAATGAAATCGATTTTTCTTTTGAAAAAAGAAAATAAAAGACTATTTCAATTCCTATACAACTCTTATGTATCAGAATATGAATTTTTCTTGTTGCTTCTTCGTAAACAATCTTCTTGGTTATCATTAACATCTTCTGGAACCTTTCTAGAACGAATCCACTTTTCTAGGAAGATGGAACATTTTGGGATAATGTACCCAGGGTTTTTTCGGAAAACAGTATGGTTCTTTATGGATCCTCTTATGCATTATGTTCGATATCAAGGAAAGGCAATTCTTGCATCAAAAGGAACTCTTTTTTTGAAGAAGAAATGGAAATGTTACCTTGTCAATTTCTGGCAATATTCTTTCTCTTTTTGGACTCAACCGCGAAGGATCCATCTAAACCAATTAGCAAACTCTTGCTTCGATTTTCTGGGGTACCTTTCAAGTGTACCAAAAAGTCCTTTGTTAGTAAGGAATCAAATGCTGGAGAATTCTTTTCTAATAGATACTCAAATGAAAAAATTTGATACCACAGTCCCCGTTACTCCCCTCATTGGATCCTTATCAAAAGCTCAATTTTGTACTGGATCGGGGCATCCCATTAGTAAACCC-------------------A-------------------TTT------------------------------------------------------------------------------
>AUSG49710|Austrostipa crinita|matK|JF769100
-----------------------------------AT-T---G---CG---------ATTCTTTCTCAACT---ACTA---TTCGAATTG--GAATACTCTTATTACTTCAATGAAATCGATTTTTCTTTTGAAAAAAGAAAATAAAAGACTATTTCAATTCCTATACAACTCTTATGTATCAGAATATGAATTTTTCTTGTTGCTTCTTCGTAAACAATCTTCTTGGTTATCATTAACATCTTCTGGAACCTTTCTAGAACGAATCCACTTTTCTAGGAAGATGGAACATTTTGGGATAATGTACCCAGGTTTTTTTCGGAAAACAGTATGGTTCTTTATGGATCCTCTTATGCATTATGTTCGATATCAAGGAAAGGCAATTCTTGCATCAAAAGGAACTCCTTTTTTGAAGAAGAAATGGAAATGTTACCTTGTCAATTTCTGGCAATATTCTTTCTCTTTTTGGACTCAACCGCGAAGGATCCATCTAAACCAATTAGCAAACTCTTGCTTCGATTTTCTGGGGTACCTTTCAAGTGTACCAAAAAGTCCTTTGTTAGTAAGGAATCAAATGCTGGAGAATTCTTTTCTAATAGATACTCAAATGAAAAAATTTGATACCACAGTCCCCGTTACTCCCCTCATTGGATCCTTATCAAAAGCTCAATTTTGTACTGGATCGGGGCATCCCATTAGTAAACCCATTTGGACCGATTTATCAGATTGGGATATTCTTGATCGATTTGGTCGGATATGTAGAAATCTTTTTCATTACCATAGTGGATCTTCGAAAAAACGGACTTTGTATCGGCTAAAGTAT---
>AUSG47910|Austrostipa muelleri|matK|JF769114
-------------------TCTTTGCAT---TT--AT-T---G---CG---------ATTCTTTCTCAACT---ACTA---TTCGAATTG--GAATACTCTTATTACTTCAATGAAATCGATTTTTCTTTTGAAAAAAGAAAATAAAAGACTATTTCGATTCCTATACAACTCTTATGTATCAGAATATGAATTTTTCTTGTTGCTTCTTCGTAAACAATCTTCTTGGTTATCATTAACATCTTCTGGAACCTTTCTAGAACGAATCCACTTTTCTAGGAAGATGGAACATTTTGGGATAATGTACCCAGGTTTTTTTCGGAAAACAGTATGGTTCTTTATGGATCCTCTTATGCATTATGTTCGATATCAAGGAAAGGCAATTCTTGCATCAAAAGGAACTCTTTTTTTGAAGAAGAAATGGAAATGTTACCTTGTCAATTTCTGGCAATATTCTTTCTCTTTTTGGACTCAACCGCGAAGGATCCATCTAAACCAATTAGCAAACTCTTGCTTCGATTTTCTGGGGTACCTTTCAAGTGTACCAAAAAGTCCTTTGTTAGTAAGGAATCAAATGCTGGAGAATTCTTTTCTAATAGATACTCAAATGAAAAAATTTGATACCACAGTCCCCGCTACTCCCCTCATTGGATCCTTATCAAAAGCTCAATTTTGTACTGGATCGGGGCATCCCATTAGTAAACCCATTTGGACCGATTTATCAGATTGGGATATTCTTGATCGATTTGGTCGGATATGTAGAAATCTTTTTCATTACCATAGTGGATCTTCGAAAAAACGGACTTTGTATCGGCTAAAGTAT---

>AUSG51910|Austrostipa exilis|matK|JF769104
----------------FIAILSQ--LLFEL!NTLITSMKSIFILKKENKRLFQFLYNSYVSEYEFFLLLLRKQSSWLSLTSSGTFLERIHFSRKMEHFGIMYPGFFRKTVWFFMDPLMHYVRYQGKAILASKGTLFLKKKWKCYLVNFWQYSFSFWTQPRRIHLNQLANSCFDFLGYLSSVPKSPLLVRNQMLENSFLIDTQMKKFDTTVPVTPLIGSLSKAQFCTGSGHPISKPIWTDLSDWDI!-----------------------------
>AUSG47510|Austrostipa geoffrey|matK|JF769107
------------------------!L-FEL!NTLITSMKSIFLLKKENKRLFQFLYNSYVSEYEFFLLLLRKQSSWLSLTSSGTFLERIHFSRKMEHFGIMYPGFFRKTVWFFMDPLMHYVRYQGKAILASKGTLFLKKKWKCYLVNFWQYSFSFWTQPRRIHLNQLANSCFDFLGYLSSVPKSPLLVRNQMLENSFLIDTQMKKFDTTVPVTPLIGSLSKAQFCTGSGHPISKPIWTDLSDWDILDRFGRICRNL-------------------
>AUSG56010|Austrostipa oligostachya|matK|JF769120
----------F!!-!!---ILSQ!!L-FEL!NTLITSMKSIFLLKKENKRLFQFLYNSYVSEYEFFLLLLRKQSSWLSLTSSGTFLERIHFSRKMEHFGIMYPGFFRKTVWFFMDPLMHYVRYQGKAILASKGTLFLKKKWKCYLVNFWQYSFSFWTQPRRIHLNQLANSCFDFLGYLSSVPKSPLLVRNQMLENSFLIDTQMKKFDTTVPVTPLIGSLSKAQFCTGSGHPISKPIWTDLSDWDILDRFGRICRNLFHYHSGSSKKRTLYRLKY-
>AUSG56710|Austrostipa puberula|matK|JF769122
------!F!!F!!-!!---ILSQ!!L-FEL!NTLITSMKSIFLLKKENKRLFQFLYNSYVSEYEFFLLLLRKQSSWLSLTSSGTFLERIHFSRKMEHFGIMYPGFFRKTVWFFMDPLMHYVRYQGKAILASKGTLFLKKKWKCYLVNFWQYSFSFWTQPRRIHLNQLANSCFDFLGYLSSVPKSPLLVRNQMLENSFLIDTQMKKFDTTVPVTPLIGSLSKAQFCTGSGHPISKPIWTDLSDWDILDRFGRICRNLFHYHSGSSKKRTLYRLKY-
>AUSG48910|Austrostipa aristiglumis|matK|JF769096
-!F!!-!FA-F!!-!!---ILSQ!!L-FEL!NTLITSMKSIFLLKKENKRLFQFLYNSYVSEYEFFLLLLRKQSSWLSLTSSGTFLERIHFSRKMEHFGIMYPGFFRKTVWFFMDPLMHYVRYQGKAILASKGTLFLKKKWKCYLVNFWQYSFSFWTQPRRIHLNQLANSCFDFLGYLSSVPKSPLLVRNQMLENSFLIDTQMKKFDTTVPVTPLIGSLSKAQFCTGSGHPISKPIWTDLSDWDILDRFGRICRNLFHYHSGSSKKRTLYRLKY-
>AUSG55610|Austrostipa nullanulla|matK|JF769119
----!-!FA!!!!-!!---ILSQ!!L-FEL!NTLITSMKSIFLLKKENKRLFQFLYNSYVSEYEFFLLLLRKQSSWLSLTSSGTFLERIHFSRKMEHFGIMYPGFFRKTVWFFMDPLMHYVRYQGKAILASKGTLFLKKKWKCYLVNFWQYSFSFWTQPRRIHLNQLANSCFDFLGYLSSVPKSPLLVRNQMLENSFLIDTQMKKFDTTVPVTPLIGSLSKAQFCTGSGHPISKPIWTDLSDWDILDRFGRICRNLFHYHSGSSKKRTLYRLK-!
>AUSG49310|Austrostipa blackii|matK|JF769097
-!F!!-!FA-F!!-!!---ILSQ!!L-FEL!NTLITSMKSIFLLKKENKRLFQFLYNSYVSEYEFFLLLLRKQSSWLSLTSSGTFLERIHFSRKMEHFGIMYPGFFRKTVWFFMDPLMHYVRYQGKAILASKGTLFLKKKWKCYLVNFWQYSFSFWTQPRRIHLNQLANSCFDFLGYLSSVPKSPLLVRNQMLENSFLIDTQMKKFDTTVPVTPLIGSLSKAQFCTGSGHPISKPIWTDLSDWDILDRFGRICRNLFHYHSGSSKKRTLYRLKY-
>AUSG55410|Austrostipa nodosa|matK|JF769118
-------FA-F!!-!!---ILSQ!!L-FEL!NTLITSMKSIFLLKKENKRLFRFLYNSYVSEYEFFLLLLRKQSSWLSLTSSGTFLERIHFSRKMEHFGIMYPGFFRKTVWFFMDPLMHYVRYQGKAILASKGTLFLKKKWKCYLVNFWQYSFSFWTQPRRIHLNQLANSCFDFLGYLSSVPKSPLLVRNQMLENSFLIDTQMKKFDTTVPATPLIGSLSKAQFCTGSGHPISKPIWTDLSDWDILDRFGRICRNLFHYHSGSSKKRTLYRLKY-
>AUSG56210|Austrostipa platychaeta|matK|JF769121
-!F!!-!FA-F!!-!!---ILSQ!!L-FEL!NTLITSMKSIFLLKKENKRLFQFLYNSYVSEYEFFLLLLRKQSSWLSLTSSGTFLERIHFSRKMEHFGIMYPGFFRKTVWFFMDPLMHYVRYQGKAILASKGTLFLKKKWKCYLVNFWQYSFSFWTQPRRIHLNQLANSCFDFLGYLSSVPKSPLLVRNQMLENSFLIDTQMKKFDTTVPVTPLIGSLSKAQFCTGSGHPISKPIWTDLSDWDILDRFGRICRNLFHYHSGSSKKRTLYRLKY-
>AUSG52310|Austrostipa flavescens|matK|JF769106
----!SIFA!--!!!A---ILSQ!!L-FEL!NTLITSMKSIFILKKENKRLFQFLYNSYVSEYEFFLLLLRKQSSWLSLTSSGTFLERIHFSRKMEHFGIMYPGFFRKTVWFFMDPLMHYVRYQGKAILASKGTLFLKKKWKCYLVNFWQYSFSFWTQPRRIHLNQLANSCFDFLGYLSSVPKSPLLVRNQMLENSFLIDTQMKKFDTTVPVTPLIGSLSKAQFCTGSGHPISKPIWTDLSDWDILDRFGRICRNLFHYHS--------------
>AUSG49510|Austrostipa centralis|matK|JF769099
-------LA-------FIAILSQ--LLFEL!NTLITSMKSIFLLKKENKRLFQFLYNSYVSEYEFFLLLLRKQSSWLSLTSSGTFLERIHFSRKMEHFGIMYPGFFRKIVWFFMDPLMHYVRYQGKAILASKGTPFLKKKWKCYLVNFWQYSFSFWTQPRRIHLNQLANSCFDFLGYLSSVPKSSLLVRNQMLENSFLIDTQMKKFDTTVPVTPLIGSLSKAQFCTGSGHPISKPIWTDLSDW--------------------------------
>AUSG48310|Austrostipa acrociliata|matK|JF769093
-!F!!-!FA-F!!-!!---ILSQ!!L-FEL!NTLITSMKSIFLLKKENKRLFQFLYNSYVSEYEFFLLLLRKQSSWLSLTSSGTFLERIHFSRKMEHFGIMYPGFFRKTVWFFMDPLMHYVRYQGKAILASKGTLFLKKKWKCYLVNFWQYSFSFWTQPRRIHLNQLANSCFDFLGYLSSVPKSPLLVRNQMLENSFLIDTQMKKFDTTVPVTPLIGSLSKAQFCTGSGHPISKPIWTDLSDWDILDRFGRICRNLFHYHSGSSKKRTLYRLKY-
>AUSG52510|Austrostipa gibbosa|matK|JF769108
----------------------------!L!NTLITSMKSIFLLKKENKRLFQFLYNSYVSEYEFFLLLLRKQSSWLSLTSSGTFLERIHFSRKMEHFGIMYPGFFRKTVWFFMDPLMHYVRYQGKAILASKGTLFLKKKWKCYLVNFWQYSFSFWTQPRRIHLNQLANSCFDFLGYLSSVPKSPLLVRNQMLENSFLIDTQMKKFDTTVPVTPLIGSLSKAQFCTGSGHPISKPIWTDLSDWDILDRFGRICRNLFHYHSGSSKK!--------
>AUSG48610|Austrostipa aquarii|matK|JF769095
-!F!!-!FA-F!!-!!---ILSQ!!L-FEL!NTLITSMKSIFLLKKENKRLFQFLYNSYVSEYEFFLLLLRKQSSWLSLTSSGTFLERIHFSRKMEHFGIMYPGFFRKTVWFFMDPLMHYVRYQGKAILASKGTLFLKKKWKCYLVNLWQYSFSFWTQPRRIHLNQLANSCFDFLGYLSSVPKSPLLVRNQMLENSFLIDTQMKKFDTTVPVTPLIGSLSKAQFCTGSGHPISKPIWTDLSDWDILDRFGRICRNLFHYHSGSSKKRTLYRLKY-
>AUSG54410|Austrostipa nitida|matK|JF769116
--------------!!---ILSQ!!L-FEL!NTLITSMKSIFLLKKENKRLFQFLYNSYVSEYEFFLLLLRKQSSWLSLTSSGTFLERIHFSRKMEHFGIMYPGFFRKTVWFFMDPLMHYVRYQGKAILASKGTLFLKKKWKCYLVNFWQYSFSFWTQPRRIHLNQLANSCFDFLGYLSSVPKSPLLVRNQMLENSFLIDTQMKKFDTTVPVTPLIGSLSKAQFCTGSGHPISKPIWTDLSDWDILDRFGRICRNLFHYHSGSSKKRTLYRLKY-
>AUSG50610|Austrostipa drummondii|matK|JF769102
--------------!A---ILSQ!!L-FEL!NTLITSMKSIFLLKKENKRLFRFLYNSYVSEYEFFLLLLRKQSSWLSLTSSGTFLERIHFSRKMEHFGIMYPGFFRKTVWFFMDPLMHYVRYQGKAILASKGTLFLKKKWKCYLVNFWQYSFSFWTQPRRIHLNQLANSCFDFLGYLSSVPKSPLLVRNQMLENSFLIDTQMKKFDTTVPATPLIGSLSKAQFCTGSGHPISKPIWTDLSDWDILDRFGRICRNLFHYHSGSSKKRTLYRLKY-
>AUSG47610|Austrostipa breviglumis|matK|JF769098
-----SIFA-------FIAILSQ--LLFEL!NTLITSMKSIFLLKKENKRLFQFLYNSYVSEYEFFLLLLRKQSSWLSLTSSGTFLERIHFSRKMAHFGIMYPGFFRKTVWFFMDPLMHYVRYQGKAILASKGTLFLKKKWKCYLVNFWQYSFSFWAQPRRIHLNQLANSCFDFLGYLSSVPKSPLLVRNQMLENSFLIDTQMKKFDTTVPVTPL--------------------I!--------------------------------------
>AUSG52010|Austrostipa feresetacea|matK|JF769105
!---!!---------!---ILSQ!!L-FEL!NTLITSMKSIFLLKKENKRLFRFLYNSYVSEYEFFLLLLRKQSSWLSLTSSGTFLERIHFSRKMEHFGIMYPGFFRKTVWFFMDPLMHYVRYQGKAILASKGTLFLKKKWKCYLVNFWQYSFSFWTQPRRIHLNQLANSCFDFLGYLSSVPKSPLLVRNQMLENSFLIDTQIKKFDTTVPVTPLIGSLSKAQFCTGSGHPISKPIWTDLSDWDILDRFGRICRNLFHYHSGSSKKRTLYRLKY-
>AUSG54910|Austrostipa nivicola|matK|JF769117
!!-----!A!!!!-!!---ILSQ!!L-FEL!NTLITSMKSIFLLKKENKRLFQFLYNSYVSEYEFFLLLLRKQSSWLSLTSSGTFLERIHFSRKMEHFGIMYPGFFRKTVWFFMDPLMHYVRYQGKAILASKGTLFLKKKWKCYLVNFWQYSFSFWTQPRRIHLNQLANSCFDFLGYLSSVPKSPLLVRNQMLENSFLIDTQMKKFDTTVPVTPLIGSLSKAQFCTGSGHPISKPIWTDLSDWDILDRFGRICRNLFHYHSGSSKKRTLYRLKY-
>AUSG48010|Austrostipa muelleri|matK|JF769113
--!!!-!FA!!!!-!!---ILSQ!!L-FEL!NTLITSMKSIFLLKKENKRLFRFLYNSYVSEYEFFLLLLRKQSSWLSLTSSGTFLERIHFSRKMEHFGIMYPGFFRKTVWFFMDPLMHYVRYQGKAILASKGTLFLKKKWKCYLVNFWQYSFSFWTQPRRIHLNQLANSCFDFLGYLSSVPKSPLLVRNQMLENSFLIDTQMKKFDTTVPATPLIGSLSKAQFCTGSGHPISKPIWTDLSDWDILDRFGRICRNLFHYHSGSSKKRTLYRLKY-
>AUSG53410|Austrostipa macalpinei|matK|JF769111
-----!IFA!!!!-!!---ILSQ!!L-FEL!NTLITSMKSIFLLKKENKRLFRFLYNSYVSEYEFFLLLLRKQSSWLSLTSSGTFLERIHFSRKMEHFGIMYPGFFRKTVWFFMDPLMHYVRYQGKAILASKGTLFLKKKWKCYLVNFWQYSFSFWTQPRRIHLNQLANSCFDFLGYLSSVPKSPLLVRNQMLENSFLIDTQMKKFDTTVPATPLIGSLSKAQFCTGSGHPISKPIWTDLSDWDILDRFGRICRNLFHYHSGSSKKRTLYRLKY-
>AUSG53510|Austrostipa mollis|matK|JF769112
-!----!FA-F!!-!!---ILSQ!!L-FEL!NTLITSMKSIFLLKKENKRLFQFLYNSYVSEYEFFLLLLRKQSSWLSLTSSGTFLERIHFSRKMEHFGIMYPGFFRKTVWFFMDPLMHYVRYQGKAILASKGTLFLKKKWKCYLVNFWQYSFSFWTQPRRIHLNQLANSCFDFLGYLSSVPKSPLLVRNQMLENSFLIDTQMKKFDTTVPVTPLIGSLSKAQFCTGSGHPISKPIWTDLSDWDILDRFGRICRNLFHYHSGSSKKRTLYRLKY-
>AUSG54110|Austrostipa mundula|matK|JF769115
------------------------------!NTLITSMKSIFLLKKENKRLFQFLYNSYVSEYEFFLLLLRKQSSWLSLTSSGTFLERIHFSRKMEHFGIMYPGFFRKTVWFFMDPLMHYVRYQGKAILASKGTLFLKKKWKCYLVNFWQYSFSFWTQPRRIHLNQLANSCFDFLGYLSSVPKSPLLVRNQMLENSFLIDTQMKKFDTTVPVTPLIGSLSKAQFCTGSGHPISKPIWTDLSDWDILDRFGRI-----------------------
>AUSG52910|Austrostipa hemipogon|matK|JF769109
----!SIFA!!!!-!!---ILSQ!!L-FEL!NTLITSMKSIFLLKKENKRLFQFLYNSYVSEYEFFLLLLRKQSSWLSLTSSGTFLERIHFSRKMEHFGIMYPGFFRKTVWFFMDPLMHYVRYQGKAILASKGTLFLKKKWKCYLVNFWQYSFSFWTQPRRIHLNQLANSCFDFLGYLSSVPKSPLLVRNQMLENSFLIDTQMKKFDTTVPVTPLIGSLSKAQFCTGSGHPISKPIWTDLSDWDILDRFGRICRNLFHYHSGSSKK!--------
>AUSG48510|Austrostipa aphylla|matK|JF769094
--I----FA-------FIAILSQ-LL-FEL!NTLITSMKSIFLLKKENKRLFRFLYNSYVSEYEFFLLLLRKQSSWLSLTSSGTFLERIHFSRKMEHFGIMYPGFFRKTVWFFMDPLMHYVRYQGKAIFASKGTLFLKKKWKCYLVNFWQYSFSFWTQPRRIHLNQLANSCFDFLGYLSSVTKSPLLVRNQMLENSFLIDTQMKKFDTTVPATPLIGSLSKAQFCTGSGHPISKPIWTDLSDWDILDRFGRICRN!-------------------
>AUSG50410|Austrostipa densiflora|matK|JF769101
-------------------------------NTLITSMKSIFLLKKENKRLFQFLYNSYVSEYEFFLLLLRKQSSWLSLTSSGTFLERIHFSRKMEHFGIMYPGFFRKTVWFFMDPLMHYVRYQGKAILASKGTLFLKKKWKCYLVNFWQYSFSFWTQPRRIHLNQLANSCFDFLGYLSSVPKSPLLVRNQMLENSFLIDTQMKKFDTTVPVTPLIGSLSKAQFCTGSGHPISKP------!------F--------------------------
>AUSG49710|Austrostipa crinita|matK|JF769100
-----------!!-!!---ILSQ!!L-FEL!NTLITSMKSIFLLKKENKRLFQFLYNSYVSEYEFFLLLLRKQSSWLSLTSSGTFLERIHFSRKMEHFGIMYPGFFRKTVWFFMDPLMHYVRYQGKAILASKGTPFLKKKWKCYLVNFWQYSFSFWTQPRRIHLNQLANSCFDFLGYLSSVPKSPLLVRNQMLENSFLIDTQMKKFDTTVPVTPLIGSLSKAQFCTGSGHPISKPIWTDLSDWDILDRFGRICRNLFHYHSGSSKKRTLYRLKY-
>AUSG47910|Austrostipa muelleri|matK|JF769114
------!FA!!!!-!!---ILSQ!!L-FEL!NTLITSMKSIFLLKKENKRLFRFLYNSYVSEYEFFLLLLRKQSSWLSLTSSGTFLERIHFSRKMEHFGIMYPGFFRKTVWFFMDPLMHYVRYQGKAILASKGTLFLKKKWKCYLVNFWQYSFSFWTQPRRIHLNQLANSCFDFLGYLSSVPKSPLLVRNQMLENSFLIDTQMKKFDTTVPATPLIGSLSKAQFCTGSGHPISKPIWTDLSDWDILDRFGRICRNLFHYHSGSSKKRTLYRLKY-
