Reading sequences...
Unknown nuc 'N' in sequence: >Ochotona
Position: 614
Sequence removed
Unknown nuc 'N' in sequence: >Dipodomys
Position: 608
Sequence removed
Unknown nuc 'N' in sequence: >Loxodonta
Position: 394
Sequence removed
Unknown nuc 'N' in sequence: >Felis
Position: 805
Sequence removed
Unknown nuc 'N' in sequence: >Tursiops
Position: 675
Sequence removed
Unknown nuc 'N' in sequence: >Procavia
Position: 394
Sequence removed
14 sequences were obtained
Input parameters:
NT substitution matrix	NUC-45
AA substitution matrix	BLOSUM62
Gap open cost		-7
Gap extension cost	-1
Gap frame cost		-30
Stop codon cost		-100
Building UPGMA matrix done! 1.27
add sequence #3 2.31
add sequence #4 2.47
add sequence #7 1.59
add sequence #1 1.29
add sequence #2 3.03
add sequence #5 2.74
add sequence #11 2.98
add sequence #0 3.53
add sequence #8 3.76
add sequence #6 3.89
add sequence #13 4.25
add sequence #10 4.55
add sequence #9 5.08

>Canis
ATGACTAAT---GTCTCAGGGCTCCTGGGAACAGCC---GGCGGCCCCCTGGTGTCAGCA------ACCTGG---CCACAGCCCAGCCCCCTGCCGGCCATGCCCACCGTGCCTGCCATGCCCTTCGTGCCCACTGGG---CCGCAG---------------ATG---GACCGCATG------------------------------GGG---------AACAGCTCCCAGGGCGCCTCCCGG---CTCTTCCTCACCACC---GCGTTGGCCCGCGGCATCTCAGGGGTCTTCGTGTGGACTGCCCTGTTGCTCACCTGCCACCAGATTTACCTG---CACCTGCGGTCCTACACAGTCCCCAAC---GAGCAGCGCTACATCATCCGCCTACTCTTCATCGTGCCCATCTACGCCTTTGACTCCTGGCTCAGCCTCCTCCTCCTGGGGGGCCACCAGCACTACATCTACTTCGACTCGGTGCGTGACTGCTATGAAGCCTTTGTCATCTACAGCTTCCTGAGCCTCTGCTTCCAGTACCTGGGGGGTGAGAGCGCCATCATGGCTGAGATTCGGGGAAAGCCCATC------CGGTCCAGCTGCTTCTATGGCACCTGCTGCCTCCAGGGCATGTCCTACTCCATCGGC---TTCCTGCGCTTCTGCAAGCAGGCCACACTGCAGTTCTGCATCGTGAAGCCCATCATGGCCTTGATC---ACCATCGTCCTGCAGGCA---TTTGGCAAATACCACGATGGAGACTTCAACATCCACAGC---GGCTACCTCTACGTCACCCTCATCTACAACGTC---TCCGTCAGCCTGGCTCTCTACGCCCTGTTCCTCTTCTACTTCGCCACCAGGGAGCTCCTGCAGCCCTTTGAACCCGTCCTCAAATTCCTCACCATCAAGGCCGTCATCTTCCTCTCCTTCTGGCAGGGGATGCTGCTGGCCATCCTGGAAAAGTGTGGGGTCATCCCTGAGGTCCAGGTCATC---GATGGGAGCAAGGTGGGGGCTGGCACGGTGGCTGCTGGCTACCAAAATTTCATCATCTGCATCGAGATGCTGTTTGCCTCCATTGCCCTGCGCTATGCCTTCACCTGCCAGGTGTATGCA---GAGAAGAAAGAGAACTCACCA---------GCCCCCGAGGCACCCATGCACAGCATCTCCAGTGGCCTCAAGGAGACCATGAGCCCACAGGACATCGTGCAGGACGCCGTGCACAACTTCTCCCCTGCCTACCAGCACTACACCCAGCAGGCCACACATGAGGCCCCA---AGC---CCCGGC---------------------------------ACCCAC---TCC---AGCGTGGCAGGA---GGC---TCTGGT---GCCATCAGAAAGAGTCGGAACGTGGAAAAGCGGATGCTCATCCCCTCGGAGGAACTGTAG---
>Pongo
---------------------------------------------------------------------------------------------------------------------------------------------------------------------------------------------------------------------------------------------------------------------------------------------------------------------------------------------------------------------------------------------------------------------------------------------------------------------------------------------------------------------------------------------------------------------------------ATGGCTGAGATTCGTGGCAAACCTATC------AAGTCCAGCTGCTTCTACGGCACCTGCTGCCTCCGGGGCATGACCTACTCCATCGGG---TTTCTGCGCTTCTGCAAGCAGGCCACTCTGCAGTTCTGCCTGGTGAAGCCCGTCATGGCC---GTCACCACCATCATCCTCCAGGCA---TTCGGCAAATACCACGATGGGGACTTCAATGTCCGCAGC---GGCTATCTCTATGTGACCCTCATCTACAACGCC---TCCGTCAGCCTC--CCTCTACGCCCTGTTCCTCTTCTACTTCACCACCAGGGAGCTCCTGCGGCCCTTCCAGCCCGTCCTCAAGTTCCTCACCATCAAAGCCGTCATCTTCCTGTCGTTCTGGCAAGGGCTGCTGCTGGCTGTCCTGGAGCGGTGCGGGGTCATCCCAGAGGTGGAG---ACCAGCAGCGGGAACAAGCTGGGGGCTGGCACACTGGCCGCCGGCTACCAGAACTTCATCATCTGCGTGGAGATGCTGTTCGCCTCCGTGGCCCTGCGCTATGCCTTCCCCTGCCAGGTGTATGCA---GAGAAG---------------------------------------------------------------AAGGAG---------------------------------------AAC---TCA-CC------------------------------------------------------------------------------------------------------------------------------------------------------------------------------------------------------
>Pteropus
ATGACTAATGCCGTG---GGGCTCCCGGGGACGGCC---GGCGCCCCGCTGGTGTCGGCG------GCCTGG---CCGCAGCCCAGCGCCACTCCGGCC---------ATGCCCGCC------------------GGG---CTGCAG---------------ACG---GACCACGCG------------------------------GGG---------AACAGCTCCCAGGGGGCCTCCACG---CTCTTCCTCACCACG---GCGCTGGCCCGCGGCGTCTCGGGCGTCTTCGTGTGGACCGCCCTGCTGCTCACCTGCCACCAGATCTACCTG---CACCTGCGCTTCTACACCGTCCCCAAC---GAGCAGCGCTACATCATCCGCCTGCTCCTCATCGTGCCCGTCTACGCCTTCAGCTCCTGGCTCAGCCTCCTCCTCCTGGGGGCCCGCCAGCACTACATCTACCTGGATTCGATGCGAGACTGCTATGAAGCCTTTGTCATTTACAGCTTCCTGAGCCTCTGCTTCCAGTACCTGGGGGGCGAGAGCACGATCATGGCCGAGATCCGGGGAAAGCCCGTC------CAGTCCAGCTGCCTCTACGGCACCTGCTGCCTCCGGGGCGTGGCCTACTCCGTGGGG---TTCCTGCGCTTCTGCAAGCAGGCCACGCTGCAGTTCTGCGTTGTGAAGCCTGTCATGGCCTTAGTC---ACCATCGTGCTGCAGGCG---GTCGGCAAATACCACGATGGGGACTTCAACGTCCACAGC---GGCTACTTCTACGTCACTCTCATCTACAAC---ATGTCCGTCAGCCTGGCTCTCTACGCCCTGTTCCTTTTCTACTTCGCCACCAGGGAGCTCCTGCAGCCCTTCGAGCCGGTCCTCAAGTTCCTCACCATCAAGGCCGTCATCTTCCTCTCTTTCTGGCAGGGGATGCTGCTGGCCATTCTGGAGAGGTGCGGGGTCATCCCTGAGGTCCAG---ACCACAGATGGGAGCAGGGTGGGGGCCGGCACGCTGGCCGCCGGCTACCAGAACTTCATTATCTGCATCGAGATGCTGTTTGCCTCCATCGCCCTGCGCTATGCCTTCACCTGCCAGGTGTATGCG---GAGAAG---GACAACTCGCCA---------GGCCCAGGGGCACCTTTGCAGAGCATCTCCAGTGGCCTCAAGGAGACTGTGAGCCCGCGGGACATCGTGCAGGACGCCATCCACAACTTCTCGCCCACGTACCAGCACTACGCGCAGCAGGCCACGCAGGAGGCATCG---GGG---CCCGGC---------------------------------ACCCAC---CCC---AGCGTG---GCC---GGACAGTCTGGCGGAGGC---AGGAAGAGCCGCAGCGTGGAGAAGAGGGTGCTGATCCCCTCGGAGGAGCTATAG---
>Homo
ATGAGTAAT---GTCTCAGGGATCCTGGAGACAGCC---GGCGTCCCCCTGGTGTCAGCG------AACTGG---CCGCAGCCCAGCCCCCCACCGGCT---------GTGCCAGCT------------------GGG---CCGCAG---------------ATG---GACCACATG------------------------------GGG---------AACAGCTCCCAGGGGGCCCCCTGG---CTCTTCCTCACCTCC---GCACTGGCCCGAGGCGTCTCGGGGATCTTCGTGTGGACTGCCCTGGTGCTCACCTGCCACCAGATCTATCTG---CACCTGCGCTCCTACACCGTGCCACAG---GAGCAACGTTACATCATCCGCCTGCTCCTCATCGTGCCCATCTACGCCTTCGACTCCTGGCTCAGCCTCCTCCTCCTCGGAGACCACCAGTACTACGTCTACTTCGACTCTGTGCGGGACTGCTACGAAGCCTTTGTCATTTACAGCTTCCTGAGCCTGTGTTTCCAGTACCTGGGAGGCGAGGGCGCCATCATGGCTGAGATTCGTGGAAAGCCCATC------AAGTCCAGCTGCTTGTACGGCACCTGCTGCCTCCGGGGCATGACCTACTCCATCGGG---TTCCTGCGCTTCTGTAAGCAGGCCACTCTGCAGTTCTGCCTGGTGAAGCCCGTCATGGCC---GTCACCACCATCATCCTCCAGGCA---TTTGGCAAATACCACGACGGGGACTTCAATGTCCGCAGC---GGCTACCTCTATGTGACCCTCATCTACAACGCC---TCCGTCAGCCTCGCCCTCTACGCCCTGTTCCTCTTCTACTTCACCACCAGGGAGCTCCTGCGGCCCTTCCAGCCCGTCCTCAAGTTCCTCACCATCAAAGCCGTCATCTTCCTGTCGTTCTGGCAAGGGCTGCTGCTGGCCATCCTGGAGCGGTGCGGGGTCATCCCGGAGGTGGAG---ACCAGCGGCGGGAACAAGCTGGGGGCTGGCACGCTGGCCGCCGGCTACCAGAACTTCATCATCTGCGTGGAGATGCTGTTCGCCTCCGTGGCCCTGCGTTATGCCTTCCCCTGCCAGGTGTACGCA---GAGAAGAAGGAGAATTCACCA---------GCCCCCCCGGCACCCATGCAGAGCATCTCCAGCGGCATCAGGGAGACAGTGAGCCCCCAGGACATCGTGCAGGACGCCATCCACAACTTCTCCCCCGCCTACCAGCACTACACGCAGCAGGCCACGCACGAGGCGCCC---AGG---CCCGGC---------------------------------ACCCAC---CCC---AGC------GGC---GGC---TCCGGCGGGAGC---AGGAAGAGCCGGAGCCTGGAGAAGCGGATGCTGATCCCCTCGGAGGACCTGTAG---
>Macaca
ATGAGTAAT---GTCTCAGGGATCCTGGAGACAGCC---GGTGTCCCCCTGGTGTCAGCG------ACCTGG---CCGCAGCCCAACCCCCCGCCGGCC---------GTGCCAGCT------------------GGG---CCGCAG---------------ATG---GACCACATG------------------------------GGG---------AACGGCTCCCAGGGGGCCCCCTGG---CTCTTCCTCACCTCC---GCGCTGGCCCGAGGTGTCTCAGGGATCTTCGTGTGGACTGCCCTGGTGCTCACCTGCCACCAGATCTACCTG---CACCTACGCTCCTACACAGTGCCACAG---GAACAGCGTTATATCATCCGCCTGCTCCTCATCGTGCCCATCTATGCCTTCGACTCCTGGCTCAGCCTCCTCCTCCTGGGAGACCGCCAGTACTACGTCTACTTTGACTCTGTGCGGGACTGCTATGAAGCCTTTGTCATTTACAGCTTCCTAAGCCTGTGTTTCCAGTACCTGGGAGGCGAGGGTGCCATCATGGCTGAGATTCGTGGAAAGCCCATC------AAGTCCAGCTGCATCTACGGCACCTGCTGCCTCCGGGGCATGACCTACTCCATCGGG---TTCCTGCGCTTCTGCAAGCAGGCCACTCTGCAGTTCTGCCTGGTGAAGCCCGTCATGGCC---GTCACCACCATCATCCTCCAGGCA---TTTGGCAAATACCACGACGGGGACTTCAATGTCCGCAGC---GGCTACCTCTATGTGACCCTCATCTACAATGCC---TCTGTCAGCCTCGCCCTCTATGCCCTGTTCCTCTTCTACTTCACCACCAGGGAGCTCCTGCGGCCCTTCCAGCCTGTCCTCAAGTTCCTCACCATCAAAGCCGTCATCTTCCTGTCGTTCTGGCAAGGGCTGCTGCTGGCCGTCCTGGAGCGGTGCGGGGTCATCCCAGAGGTGGAG---ACCAGCGGTGGGAACAGGCTGGGGGCCGGCACACTGGCCGCTGGCTACCAGAACTTTATCATCTGCGTGGAGATGCTGTTTGCCTCCGTGGCCCTGCGCTATGCCTTCCCTTGCCAGGTGTATGCA---GAGAAGGAGGAGAACTCGCCA---------GCACCCCCGGCACCCATGCAGAGCATCTCCAGTGGCCTCAGGGAGACAGTGAGCCCCCAGGACATCGTGCAGGACGCCATCCACAACTTCTCCCCCGCCTACCAGCACTACACGCAGCAGGCCACGCAGGAGGCGCCC---AGG---CCCGGC---------------------------------ACCCAC---CCC---GGC------GGC---AGC---TCTGGCAGGGGC---AGGAAGAGCCGGAGCCTGGAGAAGCGGATGCTCATCCCCTCGGAGGACCTGTAG---
>Equus
---------------------------------------------------------------------------------------------------------------CCA------------------------------CAG---------------ATG---GACCGCGTG------------------------------GCG---------AACGGCTCCCAGGCTGCCTCCCGG---CTCTTCCTCACCACC---GCCCTGGCCCGCGGCGTCTCGGGCATCTTCGTGTGGACTGCCCTGGTGCTCACCTGCCACCAGATCTACCTG---CACCTGCGCTCCTACACAGTCCCCAAC---GAGCAGCGCTACATCATCCGCCTCCTCTTCATTGTGCCTATCTATGCCTTCGACTCCTGGCTCAGCCTCCTCCTCCTGGGGGCCCACCAGCGCTATATCTACTTCGACTCCGTGCGGGATTGCTATGAGGCCTTTGTCATTTACAGCTTCCTGAGCCTCTGTTTCCAGTACCTCGGGGGCGAGAGTGCCATCATGGCTGAGATCCGGGGAAAGCCCATT------CGGTCCAGCTGCTTCTACGGCACCTGCTGCCTGCGCGGCAGGTCCTACTCCATCGGG---TTCCTGCGCTTCTGCAAGCAGGCCACGCTGCAGTTCTGCGTCGTGAAACCCATCATGGCCTTGGTC---ACCATCATCCTGCAGGCG---TTTGGCAAATACCACGATGGGGACTTCAATATCCACAGC---GGCTACCTCTATGTCACCCTCATCTACAACGTC---TCCGTCAGCCTGGCCCTCTACGCACTGTTCCTTTTCTACTTCGCCACCAGGGAGCTCCTGCGGCCCTTTGAGCCTGTCCTCAAGTTCCTCACCATCAAGGCCGTCATCTTCCTCTCTTTCTGGCAGGGGATGCTGCTGGCCATCCTGGAGAGGTGTGGGGCCATCCCTGAGGTCCAGGTCATC---GACGGGAGCAAGGTGGGAGCCGGCACGGTGGCCGCTGGCTACCAGAATTTCATCATCTGCATCGAGATGCTCTTTGCCTCCATTGCCCTGCGCTATGCCTTCACCTGCCAGGTGTACTCG---GAGAAGAAAGAGAACTTGCCA---------GCCCCCACAGCTCCCATGCAGAGCATCTCCAGCGGCCTCAAGGAGACCATAAGCCCTCAGGACATCGTGCAGGACGCGATCCACAACTTCTCCCCTGCCTACCAGCACTACACGCAGCAGGCCACGCACGAGGCCCTG---GGG---CCCGGC---------------------------------------------AAGGGC--A---GGT---GGC---CCTGGTGGGGGC---AAGAAGAGC---------------CGT---------------------------AA-
>Ornithorhynchus
------------------------------------------------------------------------------------------------GCC------CAGGTG---GCT---------------GTGGGGCTACTGCAGTCTGGACTCCTCTCCATGAAGGACCCCATGCTCGCTTCCAGTGAAGATGCCCCCCAGGGCGGCAGTCTCTGGAATGGCTCCCAAGGTGGT---GAGCAGATTTTTCTGACCACTCCAGCT---GCTCGGGGCATCTCAGGAGTCTTCGTGTGGTCAGCACTGGTGCTCACCTGTCACCAGATCTACCTG---CACCTGCGCTTCTACACTGTGCCCCAT---GAGCAACGCTACATCATCCGGCTCCTCTTCATCGTTCCCATCTATTCTTTCGACTCCTGGCTCAGCCTCCTCCTCCTCGGCAGCCACCAGTACTATGTCTACTTCAACACTGTGCGTGACTGCTACGAAGCATTCGTCATTTACAGCTTCCTGAGTCTGTGCTTTGAATACCTGGGCGGCGAGAGCGCCATCATGTCAGAGATCCGTGGAAAGCTGATCAATTCAAGGTCCAGCTGCTTCTACGGGACCTGCTGTTTGCCGGGGATGTCCTATTCCATTGGC---TTCCTGCGCTTCTGTAAGCAAGCAACTCTGCAGTTTTGCATTGTGAAGCCCATCATGTCTCTGGTC---ACCATAATACTGCAG---ATGTTTGGGAAATACCATGATGGAGATTTCAATATCCACAGT---GGCTACCTCTACGTCACCATCATCTACAAC---ATCTCGGTCAGCCTGGCCCTGTATGCTCTGTTCCTTTTCTACTTTGCTACCAAGGAGCTGCTGCGGCCCTTCGAGCCAGTCCTCAAGTTCCTCACCATTAAAGCCGTCATCTTCCTCTCCTTTTGGCAAGGGATGCTGTTGGCCATTCTGGAGAAGTGTGGGGTGATTCCCGAGATGCAAATCATC---AATGGTAAAGAGGTGGGGGCTGGGACGGTGGCTGCAGGGTACCAGAACTTCATCATCTGTATTGAGATGTTCTTTGCTGCCATCGCTCTACGCTATGCCTTCACCTGCCAAGTGTAC---TGGGAGAAGAAGGAGAACTCACCAGTGAACGTAGCC---------CCGATGCAGAGCATCTCCAGCGGCCTGAAGGAGACCATAAGCCCCCAGGACATTGTCCAGGATGCCATCCACAACTTCTCTCCCGCTTACCAGCAATACACCCAGCAATCCATGCAAGAAGCC---AAGGGG---CCGGGGCAA---AACGGG---TCC---ATGACTCCC---ACGCCCATCCCACCCAGC------GTC------------------------AAGAGGAGCAAAAGCATCGAGAAGAGGGTGCTGATCCTTTCGGATGAGCTGTAG---
>Pan
---------------------------------------------------------------------------------------------------------------------------------------------------------------------------------------------------------------------------------------------------------------------------------------------------------------------------------------------------------------------------------------------------------------------------------------------------------------------------------------------------------------------------------------------------------------------------------ATGGCTGAGATTCGTGGAAAGCCCATC------AAGTCCAGCTGCTTGTACGGCACCTGCTGCCTCCGGGGCATGACCTACTCCATCGGG---TTCCTGCGCTTCTGTAAGCAGGCCACTCTGCAGTTCTGCCTGGTGAAGCCCGTCATGGCC---GTCACCACCATCATCCTCCAGGCA---TTTGGCAAATACCACGACGGGGACTTCAATGTCCGCAGC---GGCTACCTCTATGTGACCCTCATCTACAACGCC---TCCGTCAGCCTC--CCTCTACGCCCTGTTCCTCTTCTACTTCACCACCAGGGAGCTCCTGCGGCCCTTCCAGCCCGTCCTCAAGTTCCTCACCATCAAAGCCGTCATCTTCCTGTCGTTCTGGCAAGGGCTGCTGCTGGCCGTCCTGGAGCGGTGCGGGGTCATCCCGGAGGTGGAG---ATCAGCGGCGGGAACAAGCTGGGGGCTGGCACGCTGGCCGCCGGCTACCAGAACTTCATCATCTGCGTGGAGATGCTGTTCGCCTCCGTGGCCTTGCGTTATGCCTTCCCCTGCCAGGTGTACGCA---GAGAAG---GAGAATTCACCA---------GCCCCCCCGGCACCCATGCAGAGCATCTCCAGCGGCATCAGGGAGACAGTGAGCCCCCAGGACATCGTGCAGGACGCCATCCACAACTTCTCCCCCGCCTACCAGCACTACACGCAGCAGGCCACGCACGAGGC-------AGG---CCCGGC---------------------------------ACCCAC---CAC---GGC------GGC---GGC---TCCGGCGGGAGC---AGGAAGAGCCGGAGCCTGGAGAAGCGGATGCTGATCCCCTCGGAGGACCTGTAG---
>Cavia
ATGAGTAAT---GTCTCAGGGATCCTGGTAATGGCT---GGAGCACCCCTG------GCACCCTCGACCTGG---CCACCACCCAGCCCCTCAGCGGCCATG---------CCC---GTG------GCGCCTGCAGGG---CCACAG---------------ATG---GACCACATA------------------------------GGC---------AACAGCTCCCAGGCAGCCTCCCGG---CTCTTCCTCACCACG---GCACTGGCCCGAGGTGTCTCTGGTGTCTTCGTGTGGGCGGCTCTGGTGCTCACCTGCCACCAGATCTACCTG---CACCTGCGTTCCTACACTGTGCCC---TGTGAGCAGCGCTACATCATCCGCCTGCTGCTCATTGTGCCCATCTACGCCTTTGACTCCTGGCTCAGCCTCCTCCTCCTCGGTGGCCACCAGTACTACGTCTATTTCGACTCTGTGCGTGACTGCTATGAAGCCTTCGTCATTTACAGCTTCCTGAGCCTCTGCTTCCAGTACCTGGGGGGTGAGAGCACTATCATGGCTGAGATCCGGGGCAAGCCCATC------AAGCCCAGCTGCTTCTATGGCACCTGCTGCCTTCGGGGCATGTCCTACTCCATTGGC---TTCCTGCGCTTCTGCAAGCAGGCCACCCTGCAGTTCTGCATTGTGAAGCCCATCATGGCC---GTGACAACCATCATCCTCCAGGCG---TTTGGCAAATACCACGATGGAGACTTCAATGTCCACAGC---GGCTACCTGTATGTGACCCTGGTCTACAAC---ACCTCCGTCAGCCTGGCCCTCTACGCGCTCTTCCTCTTCTACTTTGCCACCAGAGACCTCCTGCAGCCCTTCGAGCCAGTCCTGAAGTTCCTCACCATCAAGGCAGTCATCTTCCTCTCCTTCTGGCAGGGACTACTGCTGGCCATCCTGGAGAGGTGTGGGGCCATTCCTGAGGTCCAGGTCATC---GATGGCACCAGGGTGGGAGCTGGCACACTGGCCGCCGGCTACCAGAACTTCCTCATCTGCATCGAGATGCTCTTTGCCTCTGTAGCCTTGCGCTACGCCTTCACCTGCGAGGTGTATGCA---GAGAAGAAG---AACTCCCCA---------GGCCCCCCAGCACCCATGCAGAGCATCTCCAGTGGCCTCAAGGAAACTATCAGCCCCCAGGACATCGTGCAGGACGCCATCCACAACTTCTCCCCTGCCTACCAGCAGTACACACAGCAGGCCACACATGAGGCCCCA---GTG---CCTGGCCAGGGT---GGGCACTCC------TCGCCCAGTACCCAC---CCTGAC------ACTGCC---TGTGACTCTGGTGGAGGC---CGGAGGAACCAGAAATTGGAGAAGCGCATGCTGATCCGCTCAGAGGATTTGTAG---
>Mus
ATGAGGAATGCG---TCAGGGTTTCTGAAGACAGCC---GGAGCCCCCCTCGTGTCAGCG------ACCTGGCTTCCA---CCCAGCCCCCCTCCGGCAATGCCCACAGTG---GCA---------GCC------GGG---CCACAG---------------ATG---GAGCGC---------------------------------GTG---GAC---AACGGCTCGCAGGGGGCCCCCCAG---CTCTTCCTCACCAGC---GCATTGGCCCGAGGCGTTTCAGGCGTGTTTGTATGGACTGCTCTGCTGCTAACCGGCCACCAGATCTAC---TCCCACCTACGTTCCTATACCGCCCCG---CGAGAGCAGCGCTTCGTCATCCGCCTCCTGTTCATTGTGCCCATCTACGCCTTCGACTCCTGGCTCAGCCTCCTCCTCCTTGGGGGCCATCCTTACTACGTCTACTTCGACTCTGTGCGAGACTGCTACGAAGCATTTGTCATCTACAGTTTCCTGACCTTGTGCTTCCAATATCTGGGGGGCGAGAGCGCCATCATGGCTGAGATCCGAGGCAAACCTATC------AGGTCCAGCTGCTTCTATGGGACCTGCTGCCTCCGTGGTATGTCCTACTCCATC---ACGTTCTTACGCTTCTGCAAACAGGCCACACTCCAGTTCTGCATTGTGAAACCCGTTATGGCGCTGATC---ACCATCATCCTCCAGGCT---TTTGACAAATACCACGATGGGGACTTCAACATCCACAGC---GGCTACCTGTACGTGACCCTCGTGTACAATGCC---TCGGTCAGCCTGGCTCTCTACGCTCTGTTCCTTTTCTACTTCGCTACCAGGGACCTCCTGAGACCCTTCGAGCCGGTACTCAAGTTCCTCACCATCAAAGCCATCATCTTCCTCTCCTTCTGGCAGGGAATGCTGTTGGCCATCTTGGAGAGGTGTGGGGTCATCCCTGAGGTCCAGGCCGTG---GACGGCACCAGGGTTGGGGCTGGTACCCTAGCCGCTGGCTACCAGAATTTCCTCATCTGTGTTGAGATGCTGTTCGCCTCCCTCGCGCTGCGTTACGCCTTCCCCAGCCAGGTGTATTCA---GAGAAGAAG---AACTCACCA---------GTCCCGCCAGCACCTATGCAAAGCATATCCAGTGGCTTAAAGGAGACCATCAGCCCACAGGACATTGTCCAGGACGCCATTCATAACTTCTCGCCAGCCTACCAGCAGTACACACAGCAGTCCACACATGAAGCTCCT---GGG---CCTGGCCAGGGT---GGGCAC---CCA---GCACCCAGTACCCAC---CCC---GGC---CCAGCCAGTGGC---TCTGGAGGTGGT---AAGAAGAGTCGCAACATAGAGAAACGCATGCTGATTCCCTCAGAGGACCTGTAG---
>Rattus
ATGAGGAATGCA---TCAGGGTTTCTGAAGACAGCT---GGAGCCCCCCTTGTGTCAGCG------ACCTGGCTTCCG---CCCAGCCCCCCTCCGGCAATGCCCATGGTG---GCA---------GCC------GGG---CCACAG---------------ATG---GAGCGC---------------------------------GTG---GAC---AACGGCTCGCAGGGGGCCCCCCAG---CTCTTCCTCACCAGC---GCATTGGCCCGAGGCGTTTCAGGCGTATTTGTATGGACTGCTCTGCTGCTAACCGGCCACCAGATCTAC---TCCCACCTGCGTTCTTACACCGTCCCG---CGAGAGCAGCGCTTCGTCATCCGCCTCCTATTCATTGTGCCCATCTACGCCTTCGACTCATGGCTCAGCCTCCTCCTCCTGGGGGGCCATCCTTACTACGTCTACTTCGACTCTGTGCGAGACTGCTACGAAGCATTTGTCATCTACAGTTTCCTGACCTTGTGCTTCCAATATCTGGGGGGCGAGAGCGCCATCATGGCTGAGATCAGAGGCAAACCTATC------AGGTCCAGCTGCTTCTATGGGACCTGCTGCCTCCGTGGTATGTCCTACTCCATC---ACTTTCTTACGCTTCTGCAAACAGGCCACACTCCAGTTCTGCATTGTGAAACCCGTTATGGCGCTGATC---ACCATCATCCTCCAGGCT---TTTGACAAATACCACGATGGCGACTTCAACATCCACAGC---GGCTACCTGTACGTGACCCTCGTGTACAACGCC---TCTGTTAGCCTGGCTCTCTACGCTCTGTTCCTTTTCTACTTCGCTACCAGGGACCTCCTGAGACCATTCGAGCCAGTACTCAAGTTCCTCACCATCAAAGCCATCATCTTCCTCTCCTTCTGGCAAGGAATGCTGTTGGCCATCTTGGAGAGGTGTGGGGTCATCCCTGAGGTCCAGGCCGTG---GACGGCACCAGGGTTGGGGCTGGTACCCTAGCCGCTGGCTACCAGAATTTCCTCATCTGTATTGAGATGCTGTTTGCCTCCCTTGCGCTGCGTTACGCCTTCCCCAGCCAGGTGTATTCA---GAAAAGAAG---AACTCACCA---------GCCCCACCAGCTCCTATGCAAAGCATATCCAGTGGCTTAAAGGAGACCATCAGCCCACAGGACATTGTCCAGGATGCCATTCACAACTTCTCACCAGCCTACCAGCAGTATACACAGCAGTCTACACATGAAGCCCCT---GGG---CCTGGCCAGGGC---GGGCAC---CCA---TCGCCCAGCACCCAC---CCT---GGC---CCAGCCAGTGGC---TCTGGAGGTGGT---AAGAAGAGTCGCAACATAGAGAAACGCATGCTGATCCCCTCAGAGGACCTGTAG---
>Bos
ATGACT---GACACCCCGGGGCTCCTG------------GGCACCCCCTTG------GCG---------TGG---------------ACGCCACCGGCC---------AGGCCTGCG------------------GGA---CCGCAG---------------ATG---GAGCGTGCC------------------------------GGG---------AACGGCTCCCAG---GGCCCCGGGCCCCTCTTCCTCACCTCA---CCGCTGGCCCGCGGCGTCTCGGGCGTCTTCGTGTGGGCGGCCCTGGTGCTCACCGGCCACCAGATCTACCTG---CACCTGCGCTCCTACACGGTGCCCCAC---GAGCAGCGCTACATCATCCGCCTGCTGTTCATCGTCCCCGTCTACGCCTTCGACTCCTGGCTCAGCCTCCTCCTCCTGGGGGGCCACCAGCACTACATCTACTTCGACTCCGTGAGGGATTGCTACGAAGCCTTTGTCATTTACAGCTTCCTGAGCCTCTGTTTCCAGTACCTGGGGGGTGAGAGCGCCATCATGGCTGAGATCCGGGGAAAGCCCGTC------CGGACCAGCTGCTTCCATGGCACCTGCTGCCTTCGGGGCATGACCTACTCCATCGGC---TTTCTGCGCTTCTGCAAGCAGGCCACGCTGCAGTTCTGCATTGTGAAGCCCATCATGGCCTTGGTC---ACCATCGTCCTGCAGGCG---TTCGGCAAATACCACGACGGGGACTTCAACGTCCGCAGC---GGCTACCTGTACATCACCCTCGTCTACAACGCC---TCGGTCAGCCTGGCGCTGTACGCCCTGTTCCTCTTCTACTCTGCCACCAGGGAGCTGCTGCAGCCCTTTGAGCCCGTCCTCAAGTTCCTCACCATCAAGGCCGTCATCTTCCTCTCTTTCTGGCAGGGGCTGCTGCTGGCCATCCTGGAGAGGTGTGGGGTCATCCCCGAGGTCCAGGTCATC---GATGGGAGCACAGTGGGGGCCGGCACAGTGGCCGCCGGCTACCAGAACTTCATCATCTGCATTGAGATGCTCTTTGCGTCCATCGCCCTGCGCTATGCCTTCACCTGCCAGGTGTACTCG---GAGAAGACAGAGAGCTCACCA---------GCCCCCTCAGCACCCATGCAGAGCATCTCCAGTGGCCTCAAGGAGACCATGAGCCCGCAGGACATCGTGCAGGACGCCATCCATAACTTCTCACCCGCCTACCAGAAGTACACGCAGCAGGCCACACAGGAGGCCCCC---CGG---CCCGGCCAGGGCAGTGTGCCCTCACCCCGCACGCCC---ACCCACAGCCCAGATGGC------GGC---------CCCGGTGGGGGC---AGGAAGGGCCGCAACGTGGAGAAGAGGATGCTAATACCCGCGGAGGAGCTGTAG---
>Gorilla
ATGAGTAAT---GTCTCAGGGATCCTGGAGACAGCC---AGCCTCCCCTTGGTGTCAGCG------ACCTGG---CCACAGCCCAGCCCCCCACCGGCC---------GTGCCAGCT------------------GGG---CCGCAG---------------ATG---GACCACATG------------------------------GGG---------AACAGCTCCCAGGGGGCCCCCTGG---CTCTTCCTCACCTCC---GCACTGGCCCGAGGCGTCTCGGGGATCTTCGTGTGGACTGCCCTGGTGCTCACCTGCCACCAGATCTATCTG---CACCTGCGCTCCTATACCGTGCCACAG---GAGCAACGTTACATCATCCGCCTGCTCCTCATCGTGCCCATCTACGCCTTCGACTCCTGGCTCAGCCTCCTCCTCCTGGGAGACCACCAGTACTACGTCTACTTCGACTCTGTGCGGGACTGCTACGAAGCCTTTGTCATTTACAGCTTCCTGAGCCTGTGTTTCCAGTACCTGGGAGGCGAGGGCGCCATCATGGCTGAGATTCGTGGAAAGCCCATC------AAGTCCAGCTGCTTCTACGGCACCTGCTGCCTCCGGGGCATGACCTACTCCATTGGG---TTCCTGCGCTTCTGTAAGCAGGCCACTCTGCAGTTCTGCCTGGTGAAGCCCGTCATGGCC---GTCACCACCATCATCCTCCAGGCA---TTTGGCAAATACCACGACGGGGACTTCAATGTCCGCAGC---GGCTACCTCTATGTGACCCTCATCTACAACGCC---TCCGTCAGCCTCGCCCTCTACGCCCTGTTCCTCTTCTACTTCACCACCAGGGAGCTCCTGCGGCCCTTCCAGCCCGTCCTCAAGTTCCTCACCATCAAAGCCGTCATCTTCCTGTCGTTCTGGCAAGGGCTGCTGCTGGCCGTCCTGGAGCGGTGCGGGGTCATCCCGGAGGTGGAG---ACCAGTGGCGGGAACAAGCTGGGGGCTGGCACGCTGGCCGCCGGCTACCAGAACTTCATCATCTGCGTGGAGATGCTGTTCGCCTCCGTGGCCCTGCGTTATGCCTTCCCCTGCCAGGTGTACTCA---GAGAAGAAGGAGAATTCACCA---------GCGCCCCCGGCACCCATGCAGAGCATCTCCAGCGGCATCAGGGAGACAGTGAGCCCCCAGGACATCGTGCAGGACGCCATCCACAACTTCTCCCCCGCCTACCAGCACTACACGCAGCAGGCCACGCACGAGGCGCCC---AGG---CCCGGC---------------------------------ACCCAC---CCC---GGC------GGC---GGC---TCCGGCGGGAGC---AGGAAGAGCCGGAGCCTGGAGAAGCGTATGCTGATCCCCTCGGAGGACCTGTAG---
>Monodelphis
---------------TCC---------CAAATGGCCCAGGGC------TTGCTT---------------------CCC---ACCAGCATCCTCCCG---CTT------------GCT------------------GGC---------ACA------------------GGC------CTCCCCACCAGCGGGGATGGCCCTCCTTTCAGCAGAGCCTGGAACAGCTCCCAG---GACAGCCAGCAGCTCTTCCTCACCACCCCC---CTGGCCCGGGGCATCTCAGGATTCTTTGTGTGGTCAGCCCTGGTGCTCACCTGCCACCAGATCTACCTG---CACTTGAGGTTCTACACCGTGCCCAAT---GAGCAGCGCTACATCATCCGCCTTCTTTTCATCGTCCCCATTTACGCCTTTGACTCATGGCTCAGCCTCCTCCTCCTGGGAAGCCACCAGTACTACGTCTATTTCAACTCCGTGCGGGACTGCTACGAGGCATTTGTCATTTACAGTTTCCTGAGCCTCTGCTTTGAGTACCTTGGGGGTGAGAGCGCCATCATGGCTGAGATCCGTGGAAAGCCCATC------AAGTCTAGCTGCTTCTATGGCACCTGCTGTTTGCAGGGGATGTCCTACTCCATTGGC---TTCCTCCGGTTCTGTAAACAGGCCACGCTCCAGTTTTGTATTGTGAAGCCCATCATGGCCCTCATC---ACCATCATCTTGCAG---GGGTTTGGCAAATTCAACGATGGAGATTTTAAT---CCCTGCACTGGCTACCTCTATGTCACCATTGTCTACAAC---TTCTCAGTGAGCCTGGCCCTGTATGCCCTCTTCCTCTTCTACTTTGCCACCAGTGACCTTCTCCAACCCTTCGAGCCCGTCCTCAAGTTCCTCACCATCAAGGCCGTCATTTTTCTCTCCTTCTGGCAAGGGATGCTGTTGGCCATCCTGGAAAAGTGTGGGGTGATCCCAGAAGTGCAG---ATCATTGATGGGAATGAGGTGGGGGCTGGGACAGTGGCTGCTGGCTACCAGAACTTTATCATCTGCATCGAGATGCTCTTTGCATCCATTGCTTTACGCTATGCCTTCACATGCCAAGTGTACTCG---GAGAAGAAGGACAACTCACCAGTGGCTGTG---------GCTCCCATGCAGAGTATTTCCAGTGGGCTCAAGGAGACCATAAGCCCTCAAGATATTGTCCAGGATGCTATCCACAACTTCTCACCTACCTACCAGCAGTACACTCAGCAATCTATGCAGGAGGTC---AAG---ATACAGGGGCAG---AATGGGAACTCAACCCTGACA------TCCCATCTTCCT------------GGG---------------GGG------AAAAAGAGCAAAAACATAGAGAAGAGGATGCTGATCCTGACCGATGAGCTGTAG---

>Canis
MTN-VSGLLGTA-GGPLVSA--TW-PQPSPLPAMPTVPAMPFVPTG-PQ-----M-DRM----------G---NSSQGASR-LFLTT-ALARGISGVFVWTALLLTCHQIYL-HLRSYTVPN-EQRYIIRLLFIVPIYAFDSWLSLLLLGGHQHYIYFDSVRDCYEAFVIYSFLSLCFQYLGGESAIMAEIRGKPI--RSSCFYGTCCLQGMSYSIG-FLRFCKQATLQFCIVKPIMALI-TIVLQA-FGKYHDGDFNIHS-GYLYVTLIYNV-SVSLALYALFLFYFATRELLQPFEPVLKFLTIKAVIFLSFWQGMLLAILEKCGVIPEVQVI-DGSKVGAGTVAAGYQNFIICIEMLFASIALRYAFTCQVYA-EKKENSP---APEAPMHSISSGLKETMSPQDIVQDAVHNFSPAYQHYTQQATHEAP-S-PG-----------TH-S-SVAG-G-SG-AIRKSRNVEKRMLIPSEEL*-
>Pongo
-------------------------------------------------------------------------------------------------------------------------------------------------------------------------------------------MAEIRGKPI--KSSCFYGTCCLRGMTYSIG-FLRFCKQATLQFCLVKPVMA-VTTIILQA-FGKYHDGDFNVRS-GYLYVTLIYNA-SVSL!LYALFLFYFTTRELLRPFQPVLKFLTIKAVIFLSFWQGLLLAVLERCGVIPEVE-TSSGNKLGAGTLAAGYQNFIICVEMLFASVALRYAFPCQVYA-EK---------------------KE-------------N-S!------------------------------------------------------------------
>Pteropus
MTNAV-GLPGTA-GAPLVSA--AW-PQPSATPA---MPA------G-LQ-----T-DHA----------G---NSSQGAST-LFLTT-ALARGVSGVFVWTALLLTCHQIYL-HLRFYTVPN-EQRYIIRLLLIVPVYAFSSWLSLLLLGARQHYIYLDSMRDCYEAFVIYSFLSLCFQYLGGESTIMAEIRGKPV--QSSCLYGTCCLRGVAYSVG-FLRFCKQATLQFCVVKPVMALV-TIVLQA-VGKYHDGDFNVHS-GYFYVTLIYN-MSVSLALYALFLFYFATRELLQPFEPVLKFLTIKAVIFLSFWQGMLLAILERCGVIPEVQ-TTDGSRVGAGTLAAGYQNFIICIEMLFASIALRYAFTCQVYA-EK-DNSP---GPGAPLQSISSGLKETVSPRDIVQDAIHNFSPTYQHYAQQATQEAS-G-PG-----------TH-P-SV-A-GQSGGG-RKSRSVEKRVLIPSEEL*-
>Homo
MSN-VSGILETA-GVPLVSA--NW-PQPSPPPA---VPA------G-PQ-----M-DHM----------G---NSSQGAPW-LFLTS-ALARGVSGIFVWTALVLTCHQIYL-HLRSYTVPQ-EQRYIIRLLLIVPIYAFDSWLSLLLLGDHQYYVYFDSVRDCYEAFVIYSFLSLCFQYLGGEGAIMAEIRGKPI--KSSCLYGTCCLRGMTYSIG-FLRFCKQATLQFCLVKPVMA-VTTIILQA-FGKYHDGDFNVRS-GYLYVTLIYNA-SVSLALYALFLFYFTTRELLRPFQPVLKFLTIKAVIFLSFWQGLLLAILERCGVIPEVE-TSGGNKLGAGTLAAGYQNFIICVEMLFASVALRYAFPCQVYA-EKKENSP---APPAPMQSISSGIRETVSPQDIVQDAIHNFSPAYQHYTQQATHEAP-R-PG-----------TH-P-S--G-G-SGGS-RKSRSLEKRMLIPSEDL*-
>Macaca
MSN-VSGILETA-GVPLVSA--TW-PQPNPPPA---VPA------G-PQ-----M-DHM----------G---NGSQGAPW-LFLTS-ALARGVSGIFVWTALVLTCHQIYL-HLRSYTVPQ-EQRYIIRLLLIVPIYAFDSWLSLLLLGDRQYYVYFDSVRDCYEAFVIYSFLSLCFQYLGGEGAIMAEIRGKPI--KSSCIYGTCCLRGMTYSIG-FLRFCKQATLQFCLVKPVMA-VTTIILQA-FGKYHDGDFNVRS-GYLYVTLIYNA-SVSLALYALFLFYFTTRELLRPFQPVLKFLTIKAVIFLSFWQGLLLAVLERCGVIPEVE-TSGGNRLGAGTLAAGYQNFIICVEMLFASVALRYAFPCQVYA-EKEENSP---APPAPMQSISSGLRETVSPQDIVQDAIHNFSPAYQHYTQQATQEAP-R-PG-----------TH-P-G--G-S-SGRG-RKSRSLEKRMLIPSEDL*-
>Equus
-------------------------------------P----------Q-----M-DRV----------A---NGSQAASR-LFLTT-ALARGVSGIFVWTALVLTCHQIYL-HLRSYTVPN-EQRYIIRLLFIVPIYAFDSWLSLLLLGAHQRYIYFDSVRDCYEAFVIYSFLSLCFQYLGGESAIMAEIRGKPI--RSSCFYGTCCLRGRSYSIG-FLRFCKQATLQFCVVKPIMALV-TIILQA-FGKYHDGDFNIHS-GYLYVTLIYNV-SVSLALYALFLFYFATRELLRPFEPVLKFLTIKAVIFLSFWQGMLLAILERCGAIPEVQVI-DGSKVGAGTVAAGYQNFIICIEMLFASIALRYAFTCQVYS-EKKENLP---APTAPMQSISSGLKETISPQDIVQDAIHNFSPAYQHYTQQATHEAL-G-PG---------------KG!-G-G-PGGG-KKS-----R---------!
>Ornithorhynchus
--------------------------------A--QV-A-----VGLLQSGLLSMKDPMLASSEDAPQGGSLWNGSQGG-EQIFLTTPA-ARGISGVFVWSALVLTCHQIYL-HLRFYTVPH-EQRYIIRLLFIVPIYSFDSWLSLLLLGSHQYYVYFNTVRDCYEAFVIYSFLSLCFEYLGGESAIMSEIRGKLINSRSSCFYGTCCLPGMSYSIG-FLRFCKQATLQFCIVKPIMSLV-TIILQ-MFGKYHDGDFNIHS-GYLYVTIIYN-ISVSLALYALFLFYFATKELLRPFEPVLKFLTIKAVIFLSFWQGMLLAILEKCGVIPEMQII-NGKEVGAGTVAAGYQNFIICIEMFFAAIALRYAFTCQVY-WEKKENSPVNVA---PMQSISSGLKETISPQDIVQDAIHNFSPAYQQYTQQSMQEA-KG-PGQ-NG-S-MTP-TPIPPS--V--------KRSKSIEKRVLILSDEL*-
>Pan
-------------------------------------------------------------------------------------------------------------------------------------------------------------------------------------------MAEIRGKPI--KSSCLYGTCCLRGMTYSIG-FLRFCKQATLQFCLVKPVMA-VTTIILQA-FGKYHDGDFNVRS-GYLYVTLIYNA-SVSL!LYALFLFYFTTRELLRPFQPVLKFLTIKAVIFLSFWQGLLLAVLERCGVIPEVE-ISGGNKLGAGTLAAGYQNFIICVEMLFASVALRYAFPCQVYA-EK-ENSP---APPAPMQSISSGIRETVSPQDIVQDAIHNFSPAYQHYTQQATHE!--R-PG-----------TH-H-G--G-G-SGGS-RKSRSLEKRMLIPSEDL*-
>Cavia
MSN-VSGILVMA-GAPL--APSTW-PPPSPSAAM---P-V--APAG-PQ-----M-DHI----------G---NSSQAASR-LFLTT-ALARGVSGVFVWAALVLTCHQIYL-HLRSYTVP-CEQRYIIRLLLIVPIYAFDSWLSLLLLGGHQYYVYFDSVRDCYEAFVIYSFLSLCFQYLGGESTIMAEIRGKPI--KPSCFYGTCCLRGMSYSIG-FLRFCKQATLQFCIVKPIMA-VTTIILQA-FGKYHDGDFNVHS-GYLYVTLVYN-TSVSLALYALFLFYFATRDLLQPFEPVLKFLTIKAVIFLSFWQGLLLAILERCGAIPEVQVI-DGTRVGAGTLAAGYQNFLICIEMLFASVALRYAFTCEVYA-EKK-NSP---GPPAPMQSISSGLKETISPQDIVQDAIHNFSPAYQQYTQQATHEAP-V-PGQG-GHS--SPSTH-PD--TA-CDSGGG-RRNQKLEKRMLIRSEDL*-
>Mus
MRNA-SGFLKTA-GAPLVSA--TWLP-PSPPPAMPTV-A---A--G-PQ-----M-ER-----------V-D-NGSQGAPQ-LFLTS-ALARGVSGVFVWTALLLTGHQIY-SHLRSYTAP-REQRFVIRLLFIVPIYAFDSWLSLLLLGGHPYYVYFDSVRDCYEAFVIYSFLTLCFQYLGGESAIMAEIRGKPI--RSSCFYGTCCLRGMSYSI-TFLRFCKQATLQFCIVKPVMALI-TIILQA-FDKYHDGDFNIHS-GYLYVTLVYNA-SVSLALYALFLFYFATRDLLRPFEPVLKFLTIKAIIFLSFWQGMLLAILERCGVIPEVQAV-DGTRVGAGTLAAGYQNFLICVEMLFASLALRYAFPSQVYS-EKK-NSP---VPPAPMQSISSGLKETISPQDIVQDAIHNFSPAYQQYTQQSTHEAP-G-PGQG-GH-P-APSTH-P-G-PASG-SGGG-KKSRNIEKRMLIPSEDL*-
>Rattus
MRNA-SGFLKTA-GAPLVSA--TWLP-PSPPPAMPMV-A---A--G-PQ-----M-ER-----------V-D-NGSQGAPQ-LFLTS-ALARGVSGVFVWTALLLTGHQIY-SHLRSYTVP-REQRFVIRLLFIVPIYAFDSWLSLLLLGGHPYYVYFDSVRDCYEAFVIYSFLTLCFQYLGGESAIMAEIRGKPI--RSSCFYGTCCLRGMSYSI-TFLRFCKQATLQFCIVKPVMALI-TIILQA-FDKYHDGDFNIHS-GYLYVTLVYNA-SVSLALYALFLFYFATRDLLRPFEPVLKFLTIKAIIFLSFWQGMLLAILERCGVIPEVQAV-DGTRVGAGTLAAGYQNFLICIEMLFASLALRYAFPSQVYS-EKK-NSP---APPAPMQSISSGLKETISPQDIVQDAIHNFSPAYQQYTQQSTHEAP-G-PGQG-GH-P-SPSTH-P-G-PASG-SGGG-KKSRNIEKRMLIPSEDL*-
>Bos
MT-DTPGLL----GTPL--A---W-----TPPA---RPA------G-PQ-----M-ERA----------G---NGSQ-GPGPLFLTS-PLARGVSGVFVWAALVLTGHQIYL-HLRSYTVPH-EQRYIIRLLFIVPVYAFDSWLSLLLLGGHQHYIYFDSVRDCYEAFVIYSFLSLCFQYLGGESAIMAEIRGKPV--RTSCFHGTCCLRGMTYSIG-FLRFCKQATLQFCIVKPIMALV-TIVLQA-FGKYHDGDFNVRS-GYLYITLVYNA-SVSLALYALFLFYSATRELLQPFEPVLKFLTIKAVIFLSFWQGLLLAILERCGVIPEVQVI-DGSTVGAGTVAAGYQNFIICIEMLFASIALRYAFTCQVYS-EKTESSP---APSAPMQSISSGLKETMSPQDIVQDAIHNFSPAYQKYTQQATQEAP-R-PGQGSVPSPRTP-THSPDG--G---PGGG-RKGRNVEKRMLIPAEEL*-
>Gorilla
MSN-VSGILETA-SLPLVSA--TW-PQPSPPPA---VPA------G-PQ-----M-DHM----------G---NSSQGAPW-LFLTS-ALARGVSGIFVWTALVLTCHQIYL-HLRSYTVPQ-EQRYIIRLLLIVPIYAFDSWLSLLLLGDHQYYVYFDSVRDCYEAFVIYSFLSLCFQYLGGEGAIMAEIRGKPI--KSSCFYGTCCLRGMTYSIG-FLRFCKQATLQFCLVKPVMA-VTTIILQA-FGKYHDGDFNVRS-GYLYVTLIYNA-SVSLALYALFLFYFTTRELLRPFQPVLKFLTIKAVIFLSFWQGLLLAVLERCGVIPEVE-TSGGNKLGAGTLAAGYQNFIICVEMLFASVALRYAFPCQVYS-EKKENSP---APPAPMQSISSGIRETVSPQDIVQDAIHNFSPAYQHYTQQATHEAP-R-PG-----------TH-P-G--G-G-SGGS-RKSRSLEKRMLIPSEDL*-
>Monodelphis
-----S---QMAQG--LL-------P-TSILP-L----A------G---T------G--LPTSGDGPPFSRAWNSSQ-DSQQLFLTTP-LARGISGFFVWSALVLTCHQIYL-HLRFYTVPN-EQRYIIRLLFIVPIYAFDSWLSLLLLGSHQYYVYFNSVRDCYEAFVIYSFLSLCFEYLGGESAIMAEIRGKPI--KSSCFYGTCCLQGMSYSIG-FLRFCKQATLQFCIVKPIMALI-TIILQ-GFGKFNDGDFN-PCTGYLYVTIVYN-FSVSLALYALFLFYFATSDLLQPFEPVLKFLTIKAVIFLSFWQGMLLAILEKCGVIPEVQ-IIDGNEVGAGTVAAGYQNFIICIEMLFASIALRYAFTCQVYS-EKKDNSPVAV---APMQSISSGLKETISPQDIVQDAIHNFSPTYQQYTQQSMQEV-K-IQGQ-NGNSTLT--SHLP----G-----G--KKSKNIEKRMLILTDEL*-
